*** EVALUATION ***
PROGRAM "LAB6.abs"

*********************************************************************************************
TARGET SECTION
---------------------------------------------------------------------------------------------
Processor   : Freescale HC08
Memory Model: SMALL
File Format : ELF\DWARF 2.0
Linker      : SmartLinker V-5.0.51 Build 14019, Jan 20 2014

*********************************************************************************************
FILE SECTION
---------------------------------------------------------------------------------------------
bus_asm.obj                             Model: SMALL,         Lang: Assembler
functions_asm.obj                       Model: SMALL,         Lang: Assembler
i2c_driver_asm.obj                      Model: SMALL,         Lang: Assembler
keypad_asm.obj                          Model: SMALL,         Lang: Assembler
lcd_asm.obj                             Model: SMALL,         Lang: Assembler
led_asm.obj                             Model: SMALL,         Lang: Assembler
lm92_driver_asm.obj                     Model: SMALL,         Lang: Assembler
main_asm.obj                            Model: SMALL,         Lang: Assembler
modes_asm.obj                           Model: SMALL,         Lang: Assembler
rtc_driver_asm.obj                      Model: SMALL,         Lang: Assembler

*********************************************************************************************
STARTUP SECTION
---------------------------------------------------------------------------------------------
Entry point: 0xE000 (_Startup)

*********************************************************************************************
SECTION-ALLOCATION SECTION
Section Name                    Size  Type     From       To       Segment
---------------------------------------------------------------------------------------------
.init                            208     R     0xE000     0xE0CF   ROM
MY_ZEROPAGE                       39   R/W       0x60       0x86   Z_RAM
MyCode                          1950     R     0xE0D0     0xE86D   ROM
MY_CONST                          52     R     0xE86E     0xE8A1   ROM
.stack                            64   R/W      0x100      0x13F   RAM
.vectSeg0_vect                     2     R     0xFFFE     0xFFFF   .vectSeg0

Summary of section sizes per section type:
READ_ONLY (R):         8A4 (dec:     2212)
READ_WRITE (R/W):       67 (dec:      103)

*********************************************************************************************
VECTOR-ALLOCATION SECTION
    Address     InitValue   InitFunction
---------------------------------------------------------------------------------------------
     0xFFFE        0xE000   _Startup

*********************************************************************************************
OBJECT-ALLOCATION SECTION
     Name               Module                 Addr   hSize   dSize     Ref    Section   RLIB
---------------------------------------------------------------------------------------------
MODULE:                 -- bus_asm.obj --
- PROCEDURES:
     bus_init                                  E0D0       A      10       0   MyCode      
     bus_read                                  E0DA      1A      26       4   MyCode      
     bus_write                                 E0F4      16      22       7   MyCode      
- VARIABLES:
     bus_addr                                    60       1       1      13   MY_ZEROPAGE 
     bus_data                                    61       1       1      13   MY_ZEROPAGE 
MODULE:                 -- functions_asm.obj --
- PROCEDURES:
- VARIABLES:
- LABELS:
     __SEG_END_SSTACK                           140       0       0       2               
MODULE:                 -- i2c_driver_asm.obj --
- PROCEDURES:
     i2c_init                                  E10A       D      13       1   MyCode      
     i2c_start                                 E117       8       8       5   MyCode      
     i2c_stop                                  E11F       A      10       5   MyCode      
     i2c_tx_byte                               E129       4       4      15   MyCode      
     tx_nextbit                                E12D       8       8       0   MyCode      
     tx_setup                                  E135       7       7       0   MyCode      
     tx_send_low                               E13C       7       7       0   MyCode      
     tx_continue                               E143       8       8       0   MyCode      
     tx_ack_poll                               E14B       F      15       0   MyCode      
     tx_done                                   E15A       5       5       0   MyCode      
     i2c_rx_byte                               E15F       A      10       9   MyCode      
     rx_nextbit                                E169      11      17       0   MyCode      
     rx_low                                    E17A       D      13       0   MyCode      
     rx_continue                               E17A       0       0       0   MyCode      
     rx_ack                                    E187       4       4       0   MyCode      
     rx_nack                                   E18B       2       2       0   MyCode      
     rx_done                                   E18D       D      13       0   MyCode      
     i2c_setup_delay                           E19A       3       3       5   MyCode      
     i2c_bit_delay                             E19D       6       6       6   MyCode      
- VARIABLES:
     BitCounter                                  62       1       1       5   MY_ZEROPAGE 
     Value                                       63       1       1       5   MY_ZEROPAGE 
MODULE:                 -- keypad_asm.obj --
- PROCEDURES:
     keypad_scan                               E1A3      8E     142       1   MyCode      
     keypad_interpret                          E231      17      23       1   MyCode      
     keypad_interpret_2                        E248       A      10       0   MyCode      
     keypad_interpret_3                        E252       A      10       0   MyCode      
     keypad_interpret_A                        E25C       C      12       0   MyCode      
     keypad_interpret_lower_rows_jump          E268       2       2       0   MyCode      
     keypad_interpret_4                        E26A       A      10       0   MyCode      
     keypad_interpret_5                        E274       A      10       0   MyCode      
     keypad_interpret_6                        E27E       A      10       0   MyCode      
     keypad_interpret_B                        E288       A      10       0   MyCode      
     keypad_interpret_lower_rows               E292      16      22       0   MyCode      
     keypad_interpret_8                        E2A8       A      10       0   MyCode      
     keypad_interpret_9                        E2B2       A      10       0   MyCode      
     keypad_interpret_C                        E2BC       C      12       0   MyCode      
     keypad_interpret_done_jump                E2C8       2       2       0   MyCode      
     keypad_interpret_E                        E2CA       A      10       0   MyCode      
     keypad_interpret_0                        E2D4       A      10       0   MyCode      
     keypad_interpret_F                        E2DE       A      10       0   MyCode      
     keypad_interpret_D                        E2E8       A      10       0   MyCode      
     keypad_interpret_done                     E2F2       3       3       0   MyCode      
     keypad_get_keypress                       E2F5       D      13      13   MyCode      
     done                                      E302       1       1       0   MyCode      
- VARIABLES:
     keypad_data_0                               64       1       1       5   MY_ZEROPAGE 
     keypad_data_1                               65       1       1       5   MY_ZEROPAGE 
     keypad_data_0_old                           66       1       1       2   MY_ZEROPAGE 
     keypad_data_1_old                           67       1       1       2   MY_ZEROPAGE 
     keypad_data_cmp                             68       1       1      18   MY_ZEROPAGE 
MODULE:                 -- lcd_asm.obj --
- PROCEDURES:
     lcd_init                                  E303      9A     154       1   MyCode      
     lcd_write                                 E39D      39      57      22   MyCode      
     lcd_char                                  E3D6      2B      43      45   MyCode      
     lcd_str                                   E401       2       2       2   MyCode      
     lcd_str_loop                              E403      18      24       0   MyCode      
     lcd_num_to_char                           E41B       3       3      11   MyCode      
     lcd_clear                                 E41E      2D      45       5   MyCode      
     lcd_goto_addr                             E44B      10      16       6   MyCode      
     lcd_goto_row0                             E45B       B      11       1   MyCode      
     lcd_goto_row1                             E466       B      11       4   MyCode      
- VARIABLES:
     lcd_data                                    69       1       1       3   MY_ZEROPAGE 
     lcd_char_data                               6A       1       1       2   MY_ZEROPAGE 
     lcd_col_idx                                 6B       1       1       0   MY_ZEROPAGE 
     lcd_addr                                    6C       1       1       2   MY_ZEROPAGE 
     str_length                                  6D       1       1       3   MY_ZEROPAGE 
MODULE:                 -- led_asm.obj --
- PROCEDURES:
     led_write                                 E471      24      36       1   MyCode      
- VARIABLES:
     led_data                                    6E       1       1       2   MY_ZEROPAGE 
MODULE:                 -- lm92_driver_asm.obj --
- PROCEDURES:
     lm92_init                                 E495       1       1       1   MyCode      
     lm92_read_temp                            E496      33      51       4   MyCode      
     lm92_write_lcd_K                          E4C9      11      17       2   MyCode      
     k_small                                   E4DA       9       9       0   MyCode      
     cont                                      E4E3      15      21       0   MyCode      
     lm92_write_lcd_C                          E4F8      15      21       1   MyCode      
- VARIABLES:
     Temp_Data_Raw                               6F       2       2       4   MY_ZEROPAGE 
     Temp_c                                      71       1       1       3   MY_ZEROPAGE 
     temp_k                                      72       1       1       3   MY_ZEROPAGE 
MODULE:                 -- main_asm.obj --
- PROCEDURES:
     _Startup                                  E000      4D      77       0   .init       
     main                                      E000       0       0       0   .init       
     main_function                             E04D      20      32       7   .init       
     goto_mode_0                               E06D       B      11       0   .init       
     goto_mode_1                               E078       B      11       0   .init       
     goto_mode_2                               E083       B      11       0   .init       
     continue_mode_0                           E08E       6       6       0   .init       
     continue_mode_1                           E094       6       6       0   .init       
     continue_mode_2                           E09A       6       6       0   .init       
     SUB_delay                                 E0A0       6       6      10   .init       
     SUB_delay_loop_0                          E0A6       A      10       0   .init       
     SUB_delay_loop_1                          E0B0       C      12       0   .init       
     SUB_delay_loop_2                          E0BC      10      16       0   .init       
     SUB_delay_done                            E0CC       4       4       0   .init       
- VARIABLES:
     SUB_delay_cnt                               73       3       3      11   MY_ZEROPAGE 
- LABELS:
     XOR_Mask                                    10       0       0       0   .text       
     t                                           71       0       0       0   .text       
     m                                           72       0       0       0   .text       
     b                                           73       0       0       0   .text       
     i_temp                                      74       0       0       0   .text       
     n                                           7C       0       0       0   .text       
MODULE:                 -- modes_asm.obj --
- PROCEDURES:
     mode_0                                    E515      2E      46       3   MyCode      
     mode_0_end                                E543       A      10       1   MyCode      
     return                                    E54D       1       1       0   MyCode      
     print_temp                                E54E       6       6       0   MyCode      
     mode_1                                    E554      27      39       2   MyCode      
     mode_2                                    E57B      27      39       2   MyCode      
     print_TEC_tag                             E5A2      38      56       3   MyCode      
     print_temp_tag                            E5DA      15      21       3   MyCode      
     print_time_tag                            E5EF      27      39       1   MyCode      
- VARIABLES:
MODULE:                 -- rtc_driver_asm.obj --
- PROCEDURES:
     rtc_init                                  E616       4       4       1   MyCode      
     rtc_set_time_zero                         E61A      28      40       4   MyCode      
     rtc_calc_tod                              E642      2C      44       0   MyCode      
     rtc_write_tod                             E66E      22      34       0   MyCode      
     rtc_set_time                              E690      5F      95       1   MyCode      
     rtc_get_time                              E6EF      6F     111       1   MyCode      
     rtc_display_data                          E75E      2A      42       1   MyCode      
     rtc_mask_data                             E788      64     100       1   MyCode      
     rtc_prompt_time                           E7EC      82     130       0   MyCode      
- VARIABLES:
     Sec                                         76       2       2      17   MY_ZEROPAGE 
     Min                                         78       2       2      15   MY_ZEROPAGE 
     Hour                                        7A       2       2      12   MY_ZEROPAGE 
     Date                                        7C       2       2      12   MY_ZEROPAGE 
     Month                                       7E       2       2      12   MY_ZEROPAGE 
     Year                                        80       2       2      12   MY_ZEROPAGE 
     TOD                                         82       2       2      13   MY_ZEROPAGE 
     rtc_epoch_delta                             84       2       2       0   MY_ZEROPAGE 
     Byte_counter                                86       1       1       1   MY_ZEROPAGE 
     str_date                                  E86E       8       8       0   MY_CONST    
     str_date_length                           E876       1       1       0   MY_CONST    
     str_time                                  E877       8       8       0   MY_CONST    
     str_time_length                           E87F       1       1       0   MY_CONST    
     str_prompt_row0                           E880      10      16       1   MY_CONST    
     str_prompt_row0_length                    E890       1       1       1   MY_CONST    
     str_prompt_row1                           E891      10      16       1   MY_CONST    
     str_prompt_row1_length                    E8A1       1       1       1   MY_CONST    

*********************************************************************************************
MODULE STATISTIC
  Name                                      Data   Code  Const
---------------------------------------------------------------------------------------------
  bus_asm.obj                                  2     58      0
  i2c_driver_asm.obj                           2    153      0
  keypad_asm.obj                               5    352      0
  lcd_asm.obj                                  5    366      0
  led_asm.obj                                  1     36      0
  lm92_driver_asm.obj                          4    120      0
  main_asm.obj                                 3    208      0
  modes_asm.obj                                0    265      0
  rtc_driver_asm.obj                          17    600     52
  other                                       64      2      0

*********************************************************************************************
SECTION USE IN OBJECT-ALLOCATION SECTION
---------------------------------------------------------------------------------------------
SECTION: ".text"
  XOR_Mask t m b i_temp n 
SECTION: ".init"
  main _Startup main_function goto_mode_0 goto_mode_1 goto_mode_2 
  continue_mode_0 continue_mode_1 continue_mode_2 SUB_delay SUB_delay_loop_0 
  SUB_delay_loop_1 SUB_delay_loop_2 SUB_delay_done 
SECTION: "MY_ZEROPAGE"
  bus_addr bus_data BitCounter Value keypad_data_0 keypad_data_1 
  keypad_data_0_old keypad_data_1_old keypad_data_cmp lcd_data lcd_char_data 
  lcd_col_idx lcd_addr str_length led_data Temp_Data_Raw Temp_c temp_k 
  SUB_delay_cnt Sec Min Hour Date Month Year TOD rtc_epoch_delta Byte_counter 
SECTION: "MyCode"
  bus_init bus_read bus_write i2c_init i2c_start i2c_stop i2c_tx_byte 
  tx_nextbit tx_setup tx_send_low tx_continue tx_ack_poll tx_done i2c_rx_byte 
  rx_nextbit rx_continue rx_low rx_ack rx_nack rx_done i2c_setup_delay 
  i2c_bit_delay keypad_scan keypad_interpret keypad_interpret_2 
  keypad_interpret_3 keypad_interpret_A keypad_interpret_lower_rows_jump 
  keypad_interpret_4 keypad_interpret_5 keypad_interpret_6 keypad_interpret_B 
  keypad_interpret_lower_rows keypad_interpret_8 keypad_interpret_9 
  keypad_interpret_C keypad_interpret_done_jump keypad_interpret_E 
  keypad_interpret_0 keypad_interpret_F keypad_interpret_D 
  keypad_interpret_done keypad_get_keypress done lcd_init lcd_write lcd_char 
  lcd_str lcd_str_loop lcd_num_to_char lcd_clear lcd_goto_addr lcd_goto_row0 
  lcd_goto_row1 led_write lm92_init lm92_read_temp lm92_write_lcd_K k_small 
  cont lm92_write_lcd_C mode_0 mode_0_end return print_temp mode_1 mode_2 
  print_TEC_tag print_temp_tag print_time_tag rtc_init rtc_set_time_zero 
  rtc_calc_tod rtc_write_tod rtc_set_time rtc_get_time rtc_display_data 
  rtc_mask_data rtc_prompt_time 
SECTION: "MY_CONST"
  str_date str_date_length str_time str_time_length str_prompt_row0 
  str_prompt_row0_length str_prompt_row1 str_prompt_row1_length 

*********************************************************************************************
OBJECT LIST SORTED BY ADDRESS
     Name                                      Addr   hSize   dSize     Ref    Section   RLIB
---------------------------------------------------------------------------------------------
     XOR_Mask                                    10       0       0       0   .text       
     bus_addr                                    60       1       1      13   MY_ZEROPAGE 
     bus_data                                    61       1       1      13   MY_ZEROPAGE 
     BitCounter                                  62       1       1       5   MY_ZEROPAGE 
     Value                                       63       1       1       5   MY_ZEROPAGE 
     keypad_data_0                               64       1       1       5   MY_ZEROPAGE 
     keypad_data_1                               65       1       1       5   MY_ZEROPAGE 
     keypad_data_0_old                           66       1       1       2   MY_ZEROPAGE 
     keypad_data_1_old                           67       1       1       2   MY_ZEROPAGE 
     keypad_data_cmp                             68       1       1      18   MY_ZEROPAGE 
     lcd_data                                    69       1       1       3   MY_ZEROPAGE 
     lcd_char_data                               6A       1       1       2   MY_ZEROPAGE 
     lcd_col_idx                                 6B       1       1       0   MY_ZEROPAGE 
     lcd_addr                                    6C       1       1       2   MY_ZEROPAGE 
     str_length                                  6D       1       1       3   MY_ZEROPAGE 
     led_data                                    6E       1       1       2   MY_ZEROPAGE 
     Temp_Data_Raw                               6F       2       2       4   MY_ZEROPAGE 
     Temp_c                                      71       1       1       3   MY_ZEROPAGE 
     t                                           71       0       0       0   .text       
     temp_k                                      72       1       1       3   MY_ZEROPAGE 
     m                                           72       0       0       0   .text       
     SUB_delay_cnt                               73       3       3      11   MY_ZEROPAGE 
     b                                           73       0       0       0   .text       
     i_temp                                      74       0       0       0   .text       
     Sec                                         76       2       2      17   MY_ZEROPAGE 
     Min                                         78       2       2      15   MY_ZEROPAGE 
     Hour                                        7A       2       2      12   MY_ZEROPAGE 
     Date                                        7C       2       2      12   MY_ZEROPAGE 
     n                                           7C       0       0       0   .text       
     Month                                       7E       2       2      12   MY_ZEROPAGE 
     Year                                        80       2       2      12   MY_ZEROPAGE 
     TOD                                         82       2       2      13   MY_ZEROPAGE 
     rtc_epoch_delta                             84       2       2       0   MY_ZEROPAGE 
     Byte_counter                                86       1       1       1   MY_ZEROPAGE 
     main                                      E000       0       0       0   .init       
     _Startup                                  E000      4D      77       0   .init       
     main_function                             E04D      20      32       7   .init       
     goto_mode_0                               E06D       B      11       0   .init       
     goto_mode_1                               E078       B      11       0   .init       
     goto_mode_2                               E083       B      11       0   .init       
     continue_mode_0                           E08E       6       6       0   .init       
     continue_mode_1                           E094       6       6       0   .init       
     continue_mode_2                           E09A       6       6       0   .init       
     SUB_delay                                 E0A0       6       6      10   .init       
     SUB_delay_loop_0                          E0A6       A      10       0   .init       
     SUB_delay_loop_1                          E0B0       C      12       0   .init       
     SUB_delay_loop_2                          E0BC      10      16       0   .init       
     SUB_delay_done                            E0CC       4       4       0   .init       
     bus_init                                  E0D0       A      10       0   MyCode      
     bus_read                                  E0DA      1A      26       4   MyCode      
     bus_write                                 E0F4      16      22       7   MyCode      
     i2c_init                                  E10A       D      13       1   MyCode      
     i2c_start                                 E117       8       8       5   MyCode      
     i2c_stop                                  E11F       A      10       5   MyCode      
     i2c_tx_byte                               E129       4       4      15   MyCode      
     tx_nextbit                                E12D       8       8       0   MyCode      
     tx_setup                                  E135       7       7       0   MyCode      
     tx_send_low                               E13C       7       7       0   MyCode      
     tx_continue                               E143       8       8       0   MyCode      
     tx_ack_poll                               E14B       F      15       0   MyCode      
     tx_done                                   E15A       5       5       0   MyCode      
     i2c_rx_byte                               E15F       A      10       9   MyCode      
     rx_nextbit                                E169      11      17       0   MyCode      
     rx_continue                               E17A       0       0       0   MyCode      
     rx_low                                    E17A       D      13       0   MyCode      
     rx_ack                                    E187       4       4       0   MyCode      
     rx_nack                                   E18B       2       2       0   MyCode      
     rx_done                                   E18D       D      13       0   MyCode      
     i2c_setup_delay                           E19A       3       3       5   MyCode      
     i2c_bit_delay                             E19D       6       6       6   MyCode      
     keypad_scan                               E1A3      8E     142       1   MyCode      
     keypad_interpret                          E231      17      23       1   MyCode      
     keypad_interpret_2                        E248       A      10       0   MyCode      
     keypad_interpret_3                        E252       A      10       0   MyCode      
     keypad_interpret_A                        E25C       C      12       0   MyCode      
     keypad_interpret_lower_rows_jump          E268       2       2       0   MyCode      
     keypad_interpret_4                        E26A       A      10       0   MyCode      
     keypad_interpret_5                        E274       A      10       0   MyCode      
     keypad_interpret_6                        E27E       A      10       0   MyCode      
     keypad_interpret_B                        E288       A      10       0   MyCode      
     keypad_interpret_lower_rows               E292      16      22       0   MyCode      
     keypad_interpret_8                        E2A8       A      10       0   MyCode      
     keypad_interpret_9                        E2B2       A      10       0   MyCode      
     keypad_interpret_C                        E2BC       C      12       0   MyCode      
     keypad_interpret_done_jump                E2C8       2       2       0   MyCode      
     keypad_interpret_E                        E2CA       A      10       0   MyCode      
     keypad_interpret_0                        E2D4       A      10       0   MyCode      
     keypad_interpret_F                        E2DE       A      10       0   MyCode      
     keypad_interpret_D                        E2E8       A      10       0   MyCode      
     keypad_interpret_done                     E2F2       3       3       0   MyCode      
     keypad_get_keypress                       E2F5       D      13      13   MyCode      
     done                                      E302       1       1       0   MyCode      
     lcd_init                                  E303      9A     154       1   MyCode      
     lcd_write                                 E39D      39      57      22   MyCode      
     lcd_char                                  E3D6      2B      43      45   MyCode      
     lcd_str                                   E401       2       2       2   MyCode      
     lcd_str_loop                              E403      18      24       0   MyCode      
     lcd_num_to_char                           E41B       3       3      11   MyCode      
     lcd_clear                                 E41E      2D      45       5   MyCode      
     lcd_goto_addr                             E44B      10      16       6   MyCode      
     lcd_goto_row0                             E45B       B      11       1   MyCode      
     lcd_goto_row1                             E466       B      11       4   MyCode      
     led_write                                 E471      24      36       1   MyCode      
     lm92_init                                 E495       1       1       1   MyCode      
     lm92_read_temp                            E496      33      51       4   MyCode      
     lm92_write_lcd_K                          E4C9      11      17       2   MyCode      
     k_small                                   E4DA       9       9       0   MyCode      
     cont                                      E4E3      15      21       0   MyCode      
     lm92_write_lcd_C                          E4F8      15      21       1   MyCode      
     mode_0                                    E515      2E      46       3   MyCode      
     mode_0_end                                E543       A      10       1   MyCode      
     return                                    E54D       1       1       0   MyCode      
     print_temp                                E54E       6       6       0   MyCode      
     mode_1                                    E554      27      39       2   MyCode      
     mode_2                                    E57B      27      39       2   MyCode      
     print_TEC_tag                             E5A2      38      56       3   MyCode      
     print_temp_tag                            E5DA      15      21       3   MyCode      
     print_time_tag                            E5EF      27      39       1   MyCode      
     rtc_init                                  E616       4       4       1   MyCode      
     rtc_set_time_zero                         E61A      28      40       4   MyCode      
     rtc_calc_tod                              E642      2C      44       0   MyCode      
     rtc_write_tod                             E66E      22      34       0   MyCode      
     rtc_set_time                              E690      5F      95       1   MyCode      
     rtc_get_time                              E6EF      6F     111       1   MyCode      
     rtc_display_data                          E75E      2A      42       1   MyCode      
     rtc_mask_data                             E788      64     100       1   MyCode      
     rtc_prompt_time                           E7EC      82     130       0   MyCode      
     str_date                                  E86E       8       8       0   MY_CONST    
     str_date_length                           E876       1       1       0   MY_CONST    
     str_time                                  E877       8       8       0   MY_CONST    
     str_time_length                           E87F       1       1       0   MY_CONST    
     str_prompt_row0                           E880      10      16       1   MY_CONST    
     str_prompt_row0_length                    E890       1       1       1   MY_CONST    
     str_prompt_row1                           E891      10      16       1   MY_CONST    
     str_prompt_row1_length                    E8A1       1       1       1   MY_CONST    

*********************************************************************************************
UNUSED-OBJECTS SECTION
---------------------------------------------------------------------------------------------
NOT USED PROCEDURES
functions_asm.obj:
  PTBDD_Upper_output PTBDD_Upper_input toggle_clock delay top bottom last 

*********************************************************************************************
COPYDOWN SECTION
---------------------------------------------------------------------------------------------

*********************************************************************************************
OBJECT-DEPENDENCIES SECTION
---------------------------------------------------------------------------------------------
_Startup                  USES __SEG_END_SSTACK lcd_init lcd_clear i2c_init 
                                rtc_init lm92_init lm92_read_temp mode_0 
main_function             USES keypad_get_keypress main_function 
goto_mode_0               USES rtc_set_time_zero mode_0 main_function 
goto_mode_1               USES rtc_set_time_zero mode_1 main_function 
goto_mode_2               USES rtc_set_time_zero mode_2 main_function 
continue_mode_0           USES mode_0 main_function 
continue_mode_1           USES mode_1 main_function 
continue_mode_2           USES mode_2 main_function 
SUB_delay                 USES SUB_delay_cnt 
bus_read                  USES bus_addr bus_data 
bus_write                 USES bus_data bus_addr 
i2c_init                  USES Value BitCounter 
i2c_start                 USES i2c_bit_delay 
i2c_stop                  USES i2c_bit_delay 
i2c_tx_byte               USES BitCounter 
tx_nextbit                USES i2c_setup_delay 
tx_setup                  USES i2c_bit_delay 
tx_send_low               USES i2c_setup_delay 
tx_continue               USES BitCounter 
tx_ack_poll               USES i2c_setup_delay i2c_bit_delay 
i2c_rx_byte               USES Value BitCounter 
rx_nextbit                USES i2c_bit_delay Value i2c_setup_delay 
rx_low                    USES BitCounter 
rx_done                   USES i2c_setup_delay i2c_bit_delay Value 
keypad_scan               USES keypad_data_0 keypad_data_0_old keypad_data_1 
                                keypad_data_1_old bus_addr bus_data bus_write bus_read 
keypad_interpret          USES keypad_data_0_old keypad_data_0 keypad_data_cmp 
keypad_interpret_2        USES keypad_data_cmp 
keypad_interpret_3        USES keypad_data_cmp 
keypad_interpret_A        USES keypad_data_cmp 
keypad_interpret_4        USES keypad_data_cmp 
keypad_interpret_5        USES keypad_data_cmp 
keypad_interpret_6        USES keypad_data_cmp 
keypad_interpret_B        USES keypad_data_cmp 
keypad_interpret_lower_rows USES keypad_data_1_old keypad_data_1 
                                keypad_data_cmp 
keypad_interpret_8        USES keypad_data_cmp 
keypad_interpret_9        USES keypad_data_cmp 
keypad_interpret_C        USES keypad_data_cmp 
keypad_interpret_E        USES keypad_data_cmp 
keypad_interpret_0        USES keypad_data_cmp 
keypad_interpret_F        USES keypad_data_cmp 
keypad_interpret_D        USES keypad_data_cmp 
keypad_get_keypress       USES led_write keypad_scan keypad_interpret 
lcd_init                  USES SUB_delay_cnt SUB_delay lcd_write 
lcd_write                 USES lcd_data bus_data bus_addr bus_write 
                                SUB_delay_cnt SUB_delay 
lcd_char                  USES lcd_char_data lcd_write SUB_delay_cnt SUB_delay 
lcd_str                   USES str_length 
lcd_str_loop              USES lcd_char str_length 
lcd_clear                 USES SUB_delay_cnt SUB_delay lcd_write 
lcd_goto_addr             USES lcd_addr lcd_write 
lcd_goto_row0             USES lcd_write 
lcd_goto_row1             USES lcd_write 
led_write                 USES bus_addr led_data bus_data bus_write 
lm92_read_temp            USES i2c_start i2c_tx_byte i2c_stop i2c_rx_byte 
                                Temp_Data_Raw Temp_c 
lm92_write_lcd_K          USES Temp_c temp_k lcd_char 
k_small                   USES temp_k lcd_char 
cont                      USES temp_k lcd_num_to_char lcd_char 
lm92_write_lcd_C          USES Temp_c lcd_num_to_char lcd_char 
mode_0                    USES rtc_get_time lcd_clear print_TEC_tag lcd_char 
                                lcd_goto_row1 print_temp_tag 
mode_0_end                USES lm92_write_lcd_C print_time_tag 
                                rtc_display_data 
print_temp                USES lm92_read_temp mode_0_end 
mode_1                    USES lcd_clear print_TEC_tag lcd_char lcd_goto_row1 
                                print_temp_tag lm92_read_temp lm92_write_lcd_K 
mode_2                    USES lcd_clear print_TEC_tag lcd_char lcd_goto_row1 
                                print_temp_tag lm92_read_temp lm92_write_lcd_K 
print_TEC_tag             USES lcd_char 
print_temp_tag            USES lcd_char 
print_time_tag            USES lcd_char SUB_delay_cnt SUB_delay 
rtc_init                  USES rtc_set_time_zero 
rtc_set_time_zero         USES Sec Min Hour Date Month Year rtc_set_time 
rtc_calc_tod              USES TOD Sec Min 
rtc_write_tod             USES TOD lcd_num_to_char lcd_char 
rtc_set_time              USES i2c_start i2c_tx_byte Sec Min Hour Date Month 
                                Year i2c_stop 
rtc_get_time              USES i2c_start i2c_tx_byte i2c_stop Byte_counter 
                                i2c_rx_byte Sec Min Hour Date Month Year rtc_mask_data 
rtc_display_data          USES Min lcd_num_to_char lcd_char Sec 
rtc_mask_data             USES Sec Min Hour Date Month Year 
rtc_prompt_time           USES lcd_clear lcd_goto_row0 str_prompt_row0 
                                str_prompt_row0_length lcd_str lcd_goto_row1 str_prompt_row1 
                                str_prompt_row1_length lcd_goto_addr keypad_get_keypress Month Date 
                                Year Hour Min Sec 

*********************************************************************************************
DEPENDENCY TREE
*********************************************************************************************
 main and _Startup Group
 | 
 +- main                
 |    
 +- _Startup            
    | 
    +- lcd_init            
    |  | 
    |  +- SUB_delay           
    |  |    
    |  +- lcd_write           
    |     | 
    |     +- bus_write           
    |     |    
    |     +- SUB_delay            (see above)
    |        
    +- lcd_clear           
    |  | 
    |  +- SUB_delay            (see above)
    |  |  
    |  +- lcd_write            (see above)
    |     
    +- i2c_init            
    |    
    +- rtc_init            
    |  | 
    |  +- rtc_set_time_zero   
    |     | 
    |     +- rtc_set_time        
    |        | 
    |        +- i2c_start           
    |        |  | 
    |        |  +- i2c_bit_delay       
    |        |       
    |        +- i2c_tx_byte         
    |        |    
    |        +- i2c_stop            
    |           | 
    |           +- i2c_bit_delay        (see above)
    |              
    +- lm92_init           
    |    
    +- lm92_read_temp      
    |  | 
    |  +- i2c_start            (see above)
    |  |  
    |  +- i2c_tx_byte          (see above)
    |  |  
    |  +- i2c_stop             (see above)
    |  |  
    |  +- i2c_rx_byte         
    |       
    +- mode_0              
       | 
       +- rtc_get_time        
       |  | 
       |  +- i2c_start            (see above)
       |  |  
       |  +- i2c_tx_byte          (see above)
       |  |  
       |  +- i2c_stop             (see above)
       |  |  
       |  +- i2c_rx_byte          (see above)
       |  |  
       |  +- rtc_mask_data       
       |       
       +- lcd_clear            (see above)
       |  
       +- print_TEC_tag       
       |  | 
       |  +- lcd_char            
       |     | 
       |     +- lcd_write            (see above)
       |     |  
       |     +- SUB_delay            (see above)
       |        
       +- lcd_char             (see above)
       |  
       +- lcd_goto_row1       
       |  | 
       |  +- lcd_write            (see above)
       |     
       +- print_temp_tag      
          | 
          +- lcd_char             (see above)
             
*********************************************************************************************
STATISTIC SECTION
---------------------------------------------------------------------------------------------

ExeFile:
--------
Number of blocks to be downloaded: 3
Total size of all blocks to be downloaded: 2212

