*** EVALUATION ***
PROGRAM "LAB6.abs"

*********************************************************************************************
TARGET SECTION
---------------------------------------------------------------------------------------------
Processor   : Freescale HC08
Memory Model: SMALL
File Format : ELF\DWARF 2.0
Linker      : SmartLinker V-5.0.51 Build 14019, Jan 20 2014

*********************************************************************************************
FILE SECTION
---------------------------------------------------------------------------------------------
bus_asm.obj                             Model: SMALL,         Lang: Assembler
functions_asm.obj                       Model: SMALL,         Lang: Assembler
i2c_driver_asm.obj                      Model: SMALL,         Lang: Assembler
keypad_asm.obj                          Model: SMALL,         Lang: Assembler
lcd_asm.obj                             Model: SMALL,         Lang: Assembler
lm92_driver_asm.obj                     Model: SMALL,         Lang: Assembler
main_asm.obj                            Model: SMALL,         Lang: Assembler
modes_asm.obj                           Model: SMALL,         Lang: Assembler

*********************************************************************************************
STARTUP SECTION
---------------------------------------------------------------------------------------------
Entry point: 0xE000 (_Startup)

*********************************************************************************************
SECTION-ALLOCATION SECTION
Section Name                    Size  Type     From       To       Segment
---------------------------------------------------------------------------------------------
.init                            166     R     0xE000     0xE0A5   ROM
MY_ZEROPAGE                       16   R/W       0x60       0x6F   Z_RAM
MyCode                          1097     R     0xE0A6     0xE4EE   ROM
.stack                            64   R/W      0x100      0x13F   RAM
.vectSeg0_vect                     2     R     0xFFFE     0xFFFF   .vectSeg0

Summary of section sizes per section type:
READ_ONLY (R):         4F1 (dec:     1265)
READ_WRITE (R/W):       50 (dec:       80)

*********************************************************************************************
VECTOR-ALLOCATION SECTION
    Address     InitValue   InitFunction
---------------------------------------------------------------------------------------------
     0xFFFE        0xE000   _Startup

*********************************************************************************************
OBJECT-ALLOCATION SECTION
     Name               Module                 Addr   hSize   dSize     Ref    Section   RLIB
---------------------------------------------------------------------------------------------
MODULE:                 -- bus_asm.obj --
- PROCEDURES:
     bus_init                                  E0A6       A      10       0   MyCode      
     bus_read                                  E0B0      1A      26       0   MyCode      
     bus_write                                 E0CA      16      22       1   MyCode      
- VARIABLES:
     bus_addr                                    60       1       1       3   MY_ZEROPAGE 
     bus_data                                    61       1       1       3   MY_ZEROPAGE 
MODULE:                 -- functions_asm.obj --
- PROCEDURES:
     PTBDD_Upper_output                        E0E0       7       7       1   MyCode      
     PTBDD_Upper_input                         E0E7       7       7       2   MyCode      
     toggle_clock                              E0EE       8       8       0   MyCode      
     delay                                     E0F6       3       3       0   MyCode      
     top                                       E0F9       7       7       0   MyCode      
     bottom                                    E100       6       6       0   MyCode      
     last                                      E106       1       1       0   MyCode      
- VARIABLES:
- LABELS:
     __SEG_END_SSTACK                           140       0       0       2               
MODULE:                 -- i2c_driver_asm.obj --
- PROCEDURES:
     i2c_init                                  E107       D      13       1   MyCode      
     i2c_start                                 E114       8       8       2   MyCode      
     i2c_stop                                  E11C       A      10       2   MyCode      
     i2c_tx_byte                               E126       4       4       3   MyCode      
     tx_nextbit                                E12A       8       8       0   MyCode      
     tx_setup                                  E132       7       7       0   MyCode      
     tx_send_low                               E139       7       7       0   MyCode      
     tx_continue                               E140       8       8       0   MyCode      
     tx_ack_poll                               E148       F      15       0   MyCode      
     tx_done                                   E157       5       5       0   MyCode      
     i2c_rx_byte                               E15C       A      10       2   MyCode      
     rx_nextbit                                E166      11      17       0   MyCode      
     rx_low                                    E177       D      13       0   MyCode      
     rx_continue                               E177       0       0       0   MyCode      
     rx_ack                                    E184       4       4       0   MyCode      
     rx_nack                                   E188       2       2       0   MyCode      
     rx_done                                   E18A       D      13       0   MyCode      
     i2c_setup_delay                           E197       3       3       5   MyCode      
     i2c_bit_delay                             E19A       6       6       6   MyCode      
- VARIABLES:
     BitCounter                                  62       1       1       5   MY_ZEROPAGE 
     Value                                       63       1       1       5   MY_ZEROPAGE 
MODULE:                 -- keypad_asm.obj --
- PROCEDURES:
     keypad_write                              E1A0      4C      76       1   MyCode      
     Re_read                                   E1EC      25      37       0   MyCode      
     done                                      E211       1       1       0   MyCode      
     Delay_Loop                                E212       B      11       0   MyCode      
     Top                                       E21D       F      15       0   MyCode      
     Middle                                    E22C       F      15       0   MyCode      
     bottom                                    E23B       C      12       0   MyCode      
     get_input                                 E247       7       7       1   MyCode      
- VARIABLES:
MODULE:                 -- lcd_asm.obj --
- PROCEDURES:
     lcd_init                                  E24E      9A     154       1   MyCode      
     lcd_write                                 E2E8      39      57      22   MyCode      
     lcd_char                                  E321      2B      43      34   MyCode      
     lcd_str                                   E34C       2       2       0   MyCode      
     lcd_str_loop                              E34E      18      24       0   MyCode      
     lcd_num_to_char                           E366       3       3       4   MyCode      
     lcd_clear                                 E369      2D      45       3   MyCode      
     lcd_goto_addr                             E396      10      16       0   MyCode      
     lcd_goto_row0                             E3A6       B      11       0   MyCode      
     lcd_goto_row1                             E3B1       B      11       3   MyCode      
- VARIABLES:
     lcd_data                                    64       1       1       3   MY_ZEROPAGE 
     lcd_char_data                               65       1       1       2   MY_ZEROPAGE 
     lcd_col_idx                                 66       1       1       0   MY_ZEROPAGE 
     lcd_addr                                    67       1       1       2   MY_ZEROPAGE 
     str_length                                  68       1       1       3   MY_ZEROPAGE 
MODULE:                 -- lm92_driver_asm.obj --
- PROCEDURES:
     lm92_init                                 E3BC       1       1       1   MyCode      
     lm92_read_temp                            E3BD      33      51       3   MyCode      
     lm92_write_lcd_K                          E3F0      11      17       0   MyCode      
     k_small                                   E401       9       9       0   MyCode      
     cont                                      E40A      15      21       0   MyCode      
     lm92_write_lcd_C                          E41F      15      21       2   MyCode      
- VARIABLES:
     Temp_Data_Raw                               69       2       2       4   MY_ZEROPAGE 
     Temp_c                                      6B       1       1       3   MY_ZEROPAGE 
     temp_k                                      6C       1       1       3   MY_ZEROPAGE 
MODULE:                 -- main_asm.obj --
- PROCEDURES:
     _Startup                                  E000      4A      74       0   .init       
     main                                      E000       0       0       0   .init       
     main_function                             E04A      14      20       4   .init       
     goto_mode_0                               E05E       6       6       0   .init       
     goto_mode_1                               E064       9       9       0   .init       
     goto_mode_2                               E06D       9       9       0   .init       
     SUB_delay                                 E076       6       6      10   .init       
     SUB_delay_loop_0                          E07C       A      10       0   .init       
     SUB_delay_loop_1                          E086       C      12       0   .init       
     SUB_delay_loop_2                          E092      10      16       0   .init       
     SUB_delay_done                            E0A2       4       4       0   .init       
- VARIABLES:
     SUB_delay_cnt                               6D       3       3      10   MY_ZEROPAGE 
- LABELS:
     XOR_Mask                                    10       0       0       0   .text       
     t                                           71       0       0       4   .text       
     m                                           72       0       0       6   .text       
     b                                           73       0       0       7   .text       
     i_temp                                      74       0       0       0   .text       
     n                                           7C       0       0       0   .text       
MODULE:                 -- modes_asm.obj --
- PROCEDURES:
     mode_0                                    E439      22      34       2   MyCode      
     mode_1                                    E45B      24      36       1   MyCode      
     mode_2                                    E47F      1E      30       1   MyCode      
     print_TEC_tag                             E49D      38      56       3   MyCode      
     print_temp_tag                            E4D5      1A      26       3   MyCode      
- VARIABLES:

*********************************************************************************************
MODULE STATISTIC
  Name                                      Data   Code  Const
---------------------------------------------------------------------------------------------
  bus_asm.obj                                  2     58      0
  functions_asm.obj                            0     39      0
  i2c_driver_asm.obj                           2    153      0
  keypad_asm.obj                               0    174      0
  lcd_asm.obj                                  5    366      0
  lm92_driver_asm.obj                          4    120      0
  main_asm.obj                                 3    166      0
  modes_asm.obj                                0    187      0
  other                                       64      2      0

*********************************************************************************************
SECTION USE IN OBJECT-ALLOCATION SECTION
---------------------------------------------------------------------------------------------
SECTION: ".text"
  XOR_Mask t m b i_temp n 
SECTION: ".init"
  main _Startup main_function goto_mode_0 goto_mode_1 goto_mode_2 SUB_delay 
  SUB_delay_loop_0 SUB_delay_loop_1 SUB_delay_loop_2 SUB_delay_done 
SECTION: "MY_ZEROPAGE"
  bus_addr bus_data BitCounter Value lcd_data lcd_char_data lcd_col_idx 
  lcd_addr str_length Temp_Data_Raw Temp_c temp_k SUB_delay_cnt 
SECTION: "MyCode"
  bus_init bus_read bus_write PTBDD_Upper_output PTBDD_Upper_input 
  toggle_clock delay top bottom last i2c_init i2c_start i2c_stop i2c_tx_byte 
  tx_nextbit tx_setup tx_send_low tx_continue tx_ack_poll tx_done i2c_rx_byte 
  rx_nextbit rx_continue rx_low rx_ack rx_nack rx_done i2c_setup_delay 
  i2c_bit_delay keypad_write Re_read done Delay_Loop Top Middle bottom 
  get_input lcd_init lcd_write lcd_char lcd_str lcd_str_loop lcd_num_to_char 
  lcd_clear lcd_goto_addr lcd_goto_row0 lcd_goto_row1 lm92_init lm92_read_temp 
  lm92_write_lcd_K k_small cont lm92_write_lcd_C mode_0 mode_1 mode_2 
  print_TEC_tag print_temp_tag 

*********************************************************************************************
OBJECT LIST SORTED BY ADDRESS
     Name                                      Addr   hSize   dSize     Ref    Section   RLIB
---------------------------------------------------------------------------------------------
     XOR_Mask                                    10       0       0       0   .text       
     bus_addr                                    60       1       1       3   MY_ZEROPAGE 
     bus_data                                    61       1       1       3   MY_ZEROPAGE 
     BitCounter                                  62       1       1       5   MY_ZEROPAGE 
     Value                                       63       1       1       5   MY_ZEROPAGE 
     lcd_data                                    64       1       1       3   MY_ZEROPAGE 
     lcd_char_data                               65       1       1       2   MY_ZEROPAGE 
     lcd_col_idx                                 66       1       1       0   MY_ZEROPAGE 
     lcd_addr                                    67       1       1       2   MY_ZEROPAGE 
     str_length                                  68       1       1       3   MY_ZEROPAGE 
     Temp_Data_Raw                               69       2       2       4   MY_ZEROPAGE 
     Temp_c                                      6B       1       1       3   MY_ZEROPAGE 
     temp_k                                      6C       1       1       3   MY_ZEROPAGE 
     SUB_delay_cnt                               6D       3       3      10   MY_ZEROPAGE 
     t                                           71       0       0       4   .text       
     m                                           72       0       0       6   .text       
     b                                           73       0       0       7   .text       
     i_temp                                      74       0       0       0   .text       
     n                                           7C       0       0       0   .text       
     main                                      E000       0       0       0   .init       
     _Startup                                  E000      4A      74       0   .init       
     main_function                             E04A      14      20       4   .init       
     goto_mode_0                               E05E       6       6       0   .init       
     goto_mode_1                               E064       9       9       0   .init       
     goto_mode_2                               E06D       9       9       0   .init       
     SUB_delay                                 E076       6       6      10   .init       
     SUB_delay_loop_0                          E07C       A      10       0   .init       
     SUB_delay_loop_1                          E086       C      12       0   .init       
     SUB_delay_loop_2                          E092      10      16       0   .init       
     SUB_delay_done                            E0A2       4       4       0   .init       
     bus_init                                  E0A6       A      10       0   MyCode      
     bus_read                                  E0B0      1A      26       0   MyCode      
     bus_write                                 E0CA      16      22       1   MyCode      
     PTBDD_Upper_output                        E0E0       7       7       1   MyCode      
     PTBDD_Upper_input                         E0E7       7       7       2   MyCode      
     toggle_clock                              E0EE       8       8       0   MyCode      
     delay                                     E0F6       3       3       0   MyCode      
     top                                       E0F9       7       7       0   MyCode      
     bottom                                    E100       6       6       0   MyCode      
     last                                      E106       1       1       0   MyCode      
     i2c_init                                  E107       D      13       1   MyCode      
     i2c_start                                 E114       8       8       2   MyCode      
     i2c_stop                                  E11C       A      10       2   MyCode      
     i2c_tx_byte                               E126       4       4       3   MyCode      
     tx_nextbit                                E12A       8       8       0   MyCode      
     tx_setup                                  E132       7       7       0   MyCode      
     tx_send_low                               E139       7       7       0   MyCode      
     tx_continue                               E140       8       8       0   MyCode      
     tx_ack_poll                               E148       F      15       0   MyCode      
     tx_done                                   E157       5       5       0   MyCode      
     i2c_rx_byte                               E15C       A      10       2   MyCode      
     rx_nextbit                                E166      11      17       0   MyCode      
     rx_continue                               E177       0       0       0   MyCode      
     rx_low                                    E177       D      13       0   MyCode      
     rx_ack                                    E184       4       4       0   MyCode      
     rx_nack                                   E188       2       2       0   MyCode      
     rx_done                                   E18A       D      13       0   MyCode      
     i2c_setup_delay                           E197       3       3       5   MyCode      
     i2c_bit_delay                             E19A       6       6       6   MyCode      
     keypad_write                              E1A0      4C      76       1   MyCode      
     Re_read                                   E1EC      25      37       0   MyCode      
     done                                      E211       1       1       0   MyCode      
     Delay_Loop                                E212       B      11       0   MyCode      
     Top                                       E21D       F      15       0   MyCode      
     Middle                                    E22C       F      15       0   MyCode      
     bottom                                    E23B       C      12       0   MyCode      
     get_input                                 E247       7       7       1   MyCode      
     lcd_init                                  E24E      9A     154       1   MyCode      
     lcd_write                                 E2E8      39      57      22   MyCode      
     lcd_char                                  E321      2B      43      34   MyCode      
     lcd_str                                   E34C       2       2       0   MyCode      
     lcd_str_loop                              E34E      18      24       0   MyCode      
     lcd_num_to_char                           E366       3       3       4   MyCode      
     lcd_clear                                 E369      2D      45       3   MyCode      
     lcd_goto_addr                             E396      10      16       0   MyCode      
     lcd_goto_row0                             E3A6       B      11       0   MyCode      
     lcd_goto_row1                             E3B1       B      11       3   MyCode      
     lm92_init                                 E3BC       1       1       1   MyCode      
     lm92_read_temp                            E3BD      33      51       3   MyCode      
     lm92_write_lcd_K                          E3F0      11      17       0   MyCode      
     k_small                                   E401       9       9       0   MyCode      
     cont                                      E40A      15      21       0   MyCode      
     lm92_write_lcd_C                          E41F      15      21       2   MyCode      
     mode_0                                    E439      22      34       2   MyCode      
     mode_1                                    E45B      24      36       1   MyCode      
     mode_2                                    E47F      1E      30       1   MyCode      
     print_TEC_tag                             E49D      38      56       3   MyCode      
     print_temp_tag                            E4D5      1A      26       3   MyCode      

*********************************************************************************************
UNUSED-OBJECTS SECTION
---------------------------------------------------------------------------------------------

*********************************************************************************************
COPYDOWN SECTION
---------------------------------------------------------------------------------------------

*********************************************************************************************
OBJECT-DEPENDENCIES SECTION
---------------------------------------------------------------------------------------------
_Startup                  USES __SEG_END_SSTACK lcd_init lcd_clear i2c_init 
                                lm92_init lm92_read_temp mode_0 
main_function             USES get_input main_function 
goto_mode_0               USES mode_0 main_function 
goto_mode_1               USES lcd_clear mode_1 main_function 
goto_mode_2               USES lcd_clear mode_2 main_function 
SUB_delay                 USES SUB_delay_cnt 
bus_read                  USES bus_addr bus_data 
bus_write                 USES bus_data bus_addr 
delay                     USES b m 
top                       USES t m b 
bottom                    USES b 
i2c_init                  USES Value BitCounter 
i2c_start                 USES i2c_bit_delay 
i2c_stop                  USES i2c_bit_delay 
i2c_tx_byte               USES BitCounter 
tx_nextbit                USES i2c_setup_delay 
tx_setup                  USES i2c_bit_delay 
tx_send_low               USES i2c_setup_delay 
tx_continue               USES BitCounter 
tx_ack_poll               USES i2c_setup_delay i2c_bit_delay 
i2c_rx_byte               USES Value BitCounter 
rx_nextbit                USES i2c_bit_delay Value i2c_setup_delay 
rx_low                    USES BitCounter 
rx_done                   USES i2c_setup_delay i2c_bit_delay Value 
keypad_write              USES PTBDD_Upper_output PTBDD_Upper_input 
Re_read                   USES PTBDD_Upper_input 
Delay_Loop                USES t m b 
Top                       USES t m 
Middle                    USES m b 
bottom                    USES b 
get_input                 USES keypad_write 
lcd_init                  USES SUB_delay_cnt SUB_delay lcd_write 
lcd_write                 USES lcd_data bus_data bus_addr bus_write 
                                SUB_delay_cnt SUB_delay 
lcd_char                  USES lcd_char_data lcd_write SUB_delay_cnt SUB_delay 
lcd_str                   USES str_length 
lcd_str_loop              USES lcd_char str_length 
lcd_clear                 USES SUB_delay_cnt SUB_delay lcd_write 
lcd_goto_addr             USES lcd_addr lcd_write 
lcd_goto_row0             USES lcd_write 
lcd_goto_row1             USES lcd_write 
lm92_read_temp            USES i2c_start i2c_tx_byte i2c_stop i2c_rx_byte 
                                Temp_Data_Raw Temp_c 
lm92_write_lcd_K          USES Temp_c temp_k lcd_char 
k_small                   USES temp_k lcd_char 
cont                      USES temp_k lcd_num_to_char lcd_char 
lm92_write_lcd_C          USES Temp_c lcd_num_to_char lcd_char 
mode_0                    USES print_TEC_tag lcd_char lcd_goto_row1 
                                print_temp_tag lm92_read_temp SUB_delay lm92_write_lcd_C 
mode_1                    USES print_TEC_tag lcd_char lcd_goto_row1 
                                print_temp_tag lm92_read_temp lm92_write_lcd_C 
mode_2                    USES print_TEC_tag lcd_char lcd_goto_row1 
                                print_temp_tag 
print_TEC_tag             USES lcd_char 
print_temp_tag            USES lcd_char 

*********************************************************************************************
DEPENDENCY TREE
*********************************************************************************************
 main and _Startup Group
 | 
 +- main                
 |    
 +- _Startup            
    | 
    +- lcd_init            
    |  | 
    |  +- SUB_delay           
    |  |    
    |  +- lcd_write           
    |     | 
    |     +- bus_write           
    |     |    
    |     +- SUB_delay            (see above)
    |        
    +- lcd_clear           
    |  | 
    |  +- SUB_delay            (see above)
    |  |  
    |  +- lcd_write            (see above)
    |     
    +- i2c_init            
    |    
    +- lm92_init           
    |    
    +- lm92_read_temp      
    |  | 
    |  +- i2c_start           
    |  |  | 
    |  |  +- i2c_bit_delay       
    |  |       
    |  +- i2c_tx_byte         
    |  |    
    |  +- i2c_stop            
    |  |  | 
    |  |  +- i2c_bit_delay        (see above)
    |  |     
    |  +- i2c_rx_byte         
    |       
    +- mode_0              
       | 
       +- print_TEC_tag       
       |  | 
       |  +- lcd_char            
       |     | 
       |     +- lcd_write            (see above)
       |     |  
       |     +- SUB_delay            (see above)
       |        
       +- lcd_char             (see above)
       |  
       +- lcd_goto_row1       
       |  | 
       |  +- lcd_write            (see above)
       |     
       +- print_temp_tag      
       |  | 
       |  +- lcd_char             (see above)
       |     
       +- lm92_read_temp       (see above)
       |  
       +- SUB_delay            (see above)
       |  
       +- lm92_write_lcd_C    
          | 
          +- lcd_num_to_char     
          |    
          +- lcd_char             (see above)
             
*********************************************************************************************
STATISTIC SECTION
---------------------------------------------------------------------------------------------

ExeFile:
--------
Number of blocks to be downloaded: 3
Total size of all blocks to be downloaded: 1265

