*** EVALUATION ***
PROGRAM "LAB4.abs"

*********************************************************************************************
TARGET SECTION
---------------------------------------------------------------------------------------------
Processor   : Freescale HC08
Memory Model: SMALL
File Format : ELF\DWARF 2.0
Linker      : SmartLinker V-5.0.51 Build 14019, Jan 20 2014

*********************************************************************************************
FILE SECTION
---------------------------------------------------------------------------------------------
BF_check_asm.obj                        Model: SMALL,         Lang: Assembler
Delay_asm.obj                           Model: SMALL,         Lang: Assembler
Keypad_read_write_asm.obj               Model: SMALL,         Lang: Assembler
LCD_write_asm.obj                       Model: SMALL,         Lang: Assembler
display_asm.obj                         Model: SMALL,         Lang: Assembler
i2c_write_asm.obj                       Model: SMALL,         Lang: Assembler
main_asm.obj                            Model: SMALL,         Lang: Assembler
read_asm.obj                            Model: SMALL,         Lang: Assembler
write_to_memory_asm.obj                 Model: SMALL,         Lang: Assembler

*********************************************************************************************
STARTUP SECTION
---------------------------------------------------------------------------------------------
Entry point: 0xE000 (_Startup)

*********************************************************************************************
SECTION-ALLOCATION SECTION
Section Name                    Size  Type     From       To       Segment
---------------------------------------------------------------------------------------------
.init                            710     R     0xE000     0xE2C5   ROM
MY_ZEROPAGE                       16   R/W       0x60       0x6F   Z_RAM
MyCode                          1590     R     0xE2C6     0xE8FB   ROM
.stack                            64   R/W      0x100      0x13F   RAM
.vectSeg0_vect                     2     R     0xFFFE     0xFFFF   .vectSeg0

Summary of section sizes per section type:
READ_ONLY (R):         8FE (dec:     2302)
READ_WRITE (R/W):       50 (dec:       80)

*********************************************************************************************
VECTOR-ALLOCATION SECTION
    Address     InitValue   InitFunction
---------------------------------------------------------------------------------------------
     0xFFFE        0xE000   _Startup

*********************************************************************************************
OBJECT-ALLOCATION SECTION
     Name               Module                 Addr   hSize   dSize     Ref    Section   RLIB
---------------------------------------------------------------------------------------------
MODULE:                 -- BF_check_asm.obj --
- PROCEDURES:
     BF_check                                  E2C6      3B      59      10   MyCode      
     done                                      E301      19      25       0   MyCode      
     new_address                               E31A      28      40       3   MyCode      
     clear_display                             E342      28      40       2   MyCode      
- VARIABLES:
MODULE:                 -- Delay_asm.obj --
- PROCEDURES:
     Delay                                     E36A       3       3      34   MyCode      
     top                                       E36D       7       7       0   MyCode      
     bottom                                    E374       6       6       0   MyCode      
     ass                                       E37A       1       1       0   MyCode      
- VARIABLES:
MODULE:                 -- Keypad_read_write_asm.obj --
- PROCEDURES:
     keypad_write                              E37B      50      80       1   MyCode      
     Re_read                                   E3CB      28      40       0   MyCode      
     done                                      E3F3       1       1       0   MyCode      
     Delay_Loop                                E3F4       B      11       0   MyCode      
     Top                                       E3FF      12      18       0   MyCode      
     Middle                                    E411      12      18       0   MyCode      
     bottom                                    E423       F      15       0   MyCode      
- VARIABLES:
MODULE:                 -- LCD_write_asm.obj --
- PROCEDURES:
     LCD_write                                 E432      3B      59      73   MyCode      
- VARIABLES:
MODULE:                 -- display_asm.obj --
- PROCEDURES:
     display                                   E46D     187     391       1   MyCode      
- VARIABLES:
     month                                       60       2       2       8   MY_ZEROPAGE 
     day                                         62       2       2       8   MY_ZEROPAGE 
     year                                        64       2       2       8   MY_ZEROPAGE 
     hour                                        66       2       2       8   MY_ZEROPAGE 
     minutes                                     68       2       2       8   MY_ZEROPAGE 
     seconds                                     6A       2       2       8   MY_ZEROPAGE 
MODULE:                 -- i2c_write_asm.obj --
- PROCEDURES:
     i2c_write                                 E5F4      28      40       2   MyCode      
     Start                                     E61C      26      38       1   MyCode      
     Write_address                             E642       D      13       2   MyCode      
     write_low_ad                              E64F      1F      31       0   MyCode      
     write_high_ad                             E66E      1F      31       0   MyCode      
     check_n_ad                                E68D       C      12       2   MyCode      
     acknowledge                               E699      3B      59       0   MyCode      
     write                                     E6D4       3       3       0   MyCode      
     stop                                      E6D7      12      18       0   MyCode      
- VARIABLES:
MODULE:                 -- main_asm.obj --
- PROCEDURES:
     _Startup                                  E000     17D     381       0   .init       
     main                                      E000       0       0       0   .init       
     ask_time                                  E17D      64     100       0   .init       
     decode                                    E1E1      19      25       1   .init       
     zero                                      E1FA       F      15       0   .init       
     one                                       E209       F      15       0   .init       
     two                                       E218       F      15       0   .init       
     three                                     E227       F      15       0   .init       
     four                                      E236       F      15       0   .init       
     decode1                                   E245      2D      45       1   .init       
     five                                      E272       F      15       0   .init       
     six                                       E281       F      15       0   .init       
     seven                                     E290       F      15       0   .init       
     eight                                     E29F       F      15       0   .init       
     nine                                      E2AE       F      15       0   .init       
     done                                      E2BD       9       9      13   .init       
- VARIABLES:
- LABELS:
     t                                           71       0       0      35   .text       
     m                                           72       0       0       6   .text       
     b                                           73       0       0      38   .text       
     Month                                       85       0       0       9   .text       
     Day                                         86       0       0       6   .text       
     Year                                        87       0       0       6   .text       
     Hour                                        89       0       0       6   .text       
     Minutes                                     8A       0       0       6   .text       
     Seconds                                     8B       0       0       6   .text       
     dummy                                       8C       0       0       6   .text       
     n                                           8D       0       0      14   .text       
MODULE:                 -- read_asm.obj --
- PROCEDURES:
     read                                      E6E9      8B     139       2   MyCode      
     Start                                     E774      28      40       2   MyCode      
     Write_address                             E79C       A      10       4   MyCode      
     write_low_ad                              E7A6      28      40       0   MyCode      
     write_high_ad                             E7CE      28      40       0   MyCode      
     check_n_ad                                E7F6       C      12       2   MyCode      
     acknowledge                               E802      24      36       0   MyCode      
     done                                      E826       4       4       3   MyCode      
     error                                     E82A       1       1       1   MyCode      
     read_data                                 E82B      21      33       7   MyCode      
     Clear_Carry                               E84C       4       4       0   MyCode      
     Set_Carry                                 E850       4       4       0   MyCode      
     Store                                     E854       5       5       2   MyCode      
     acknowledge_in                            E859      1F      31       6   MyCode      
     not_acknowledge                           E878      1F      31       1   MyCode      
     Stop                                      E897      22      34       1   MyCode      
- VARIABLES:
     var                                         6C       1       1       0   MY_ZEROPAGE 
     device_1                                    6D       1       1       2   MY_ZEROPAGE 
     word_address                                6E       1       1       2   MY_ZEROPAGE 
     device_read_1                               6F       1       1       2   MY_ZEROPAGE 
MODULE:                 -- write_to_memory_asm.obj --
- PROCEDURES:
     write_to_time                             E8B9       C      12      10   MyCode      
     write_10_month                            E8C5      13      19       0   MyCode      
     write_month                               E8D8      1E      30       0   MyCode      
     done                                      E8F6       2       2       2   MyCode      
     return                                    E8F8       1       1       0   MyCode      
     I2C                                       E8F9       3       3       0   MyCode      
- VARIABLES:

*********************************************************************************************
MODULE STATISTIC
  Name                                      Data   Code  Const
---------------------------------------------------------------------------------------------
  BF_check_asm.obj                             0    164      0
  Delay_asm.obj                                0     17      0
  Keypad_read_write_asm.obj                    0    183      0
  LCD_write_asm.obj                            0     59      0
  display_asm.obj                             12    391      0
  i2c_write_asm.obj                            0    245      0
  main_asm.obj                                 0    710      0
  read_asm.obj                                 4    464      0
  write_to_memory_asm.obj                      0     67      0
  other                                       64      2      0

*********************************************************************************************
SECTION USE IN OBJECT-ALLOCATION SECTION
---------------------------------------------------------------------------------------------
SECTION: ".text"
  t m b Month Day Year Hour Minutes Seconds dummy n 
SECTION: ".init"
  main _Startup ask_time decode zero one two three four decode1 five six seven 
  eight nine done 
SECTION: "MY_ZEROPAGE"
  month day year hour minutes seconds var device_1 word_address device_read_1 
SECTION: "MyCode"
  BF_check done new_address clear_display Delay top bottom ass keypad_write 
  Re_read done Delay_Loop Top Middle bottom LCD_write display i2c_write Start 
  Write_address write_low_ad write_high_ad check_n_ad acknowledge write stop 
  read Start Write_address write_low_ad write_high_ad check_n_ad acknowledge 
  done error read_data Clear_Carry Set_Carry Store acknowledge_in 
  not_acknowledge Stop write_to_time write_10_month write_month done return I2C 

*********************************************************************************************
OBJECT LIST SORTED BY ADDRESS
     Name                                      Addr   hSize   dSize     Ref    Section   RLIB
---------------------------------------------------------------------------------------------
     month                                       60       2       2       8   MY_ZEROPAGE 
     day                                         62       2       2       8   MY_ZEROPAGE 
     year                                        64       2       2       8   MY_ZEROPAGE 
     hour                                        66       2       2       8   MY_ZEROPAGE 
     minutes                                     68       2       2       8   MY_ZEROPAGE 
     seconds                                     6A       2       2       8   MY_ZEROPAGE 
     var                                         6C       1       1       0   MY_ZEROPAGE 
     device_1                                    6D       1       1       2   MY_ZEROPAGE 
     word_address                                6E       1       1       2   MY_ZEROPAGE 
     device_read_1                               6F       1       1       2   MY_ZEROPAGE 
     t                                           71       0       0      35   .text       
     m                                           72       0       0       6   .text       
     b                                           73       0       0      38   .text       
     Month                                       85       0       0       9   .text       
     Day                                         86       0       0       6   .text       
     Year                                        87       0       0       6   .text       
     Hour                                        89       0       0       6   .text       
     Minutes                                     8A       0       0       6   .text       
     Seconds                                     8B       0       0       6   .text       
     dummy                                       8C       0       0       6   .text       
     n                                           8D       0       0      14   .text       
     main                                      E000       0       0       0   .init       
     _Startup                                  E000     17D     381       0   .init       
     ask_time                                  E17D      64     100       0   .init       
     decode                                    E1E1      19      25       1   .init       
     zero                                      E1FA       F      15       0   .init       
     one                                       E209       F      15       0   .init       
     two                                       E218       F      15       0   .init       
     three                                     E227       F      15       0   .init       
     four                                      E236       F      15       0   .init       
     decode1                                   E245      2D      45       1   .init       
     five                                      E272       F      15       0   .init       
     six                                       E281       F      15       0   .init       
     seven                                     E290       F      15       0   .init       
     eight                                     E29F       F      15       0   .init       
     nine                                      E2AE       F      15       0   .init       
     done                                      E2BD       9       9      13   .init       
     BF_check                                  E2C6      3B      59      10   MyCode      
     done                                      E301      19      25       0   MyCode      
     new_address                               E31A      28      40       3   MyCode      
     clear_display                             E342      28      40       2   MyCode      
     Delay                                     E36A       3       3      34   MyCode      
     top                                       E36D       7       7       0   MyCode      
     bottom                                    E374       6       6       0   MyCode      
     ass                                       E37A       1       1       0   MyCode      
     keypad_write                              E37B      50      80       1   MyCode      
     Re_read                                   E3CB      28      40       0   MyCode      
     done                                      E3F3       1       1       0   MyCode      
     Delay_Loop                                E3F4       B      11       0   MyCode      
     Top                                       E3FF      12      18       0   MyCode      
     Middle                                    E411      12      18       0   MyCode      
     bottom                                    E423       F      15       0   MyCode      
     LCD_write                                 E432      3B      59      73   MyCode      
     display                                   E46D     187     391       1   MyCode      
     i2c_write                                 E5F4      28      40       2   MyCode      
     Start                                     E61C      26      38       1   MyCode      
     Write_address                             E642       D      13       2   MyCode      
     write_low_ad                              E64F      1F      31       0   MyCode      
     write_high_ad                             E66E      1F      31       0   MyCode      
     check_n_ad                                E68D       C      12       2   MyCode      
     acknowledge                               E699      3B      59       0   MyCode      
     write                                     E6D4       3       3       0   MyCode      
     stop                                      E6D7      12      18       0   MyCode      
     read                                      E6E9      8B     139       2   MyCode      
     Start                                     E774      28      40       2   MyCode      
     Write_address                             E79C       A      10       4   MyCode      
     write_low_ad                              E7A6      28      40       0   MyCode      
     write_high_ad                             E7CE      28      40       0   MyCode      
     check_n_ad                                E7F6       C      12       2   MyCode      
     acknowledge                               E802      24      36       0   MyCode      
     done                                      E826       4       4       3   MyCode      
     error                                     E82A       1       1       1   MyCode      
     read_data                                 E82B      21      33       7   MyCode      
     Clear_Carry                               E84C       4       4       0   MyCode      
     Set_Carry                                 E850       4       4       0   MyCode      
     Store                                     E854       5       5       2   MyCode      
     acknowledge_in                            E859      1F      31       6   MyCode      
     not_acknowledge                           E878      1F      31       1   MyCode      
     Stop                                      E897      22      34       1   MyCode      
     write_to_time                             E8B9       C      12      10   MyCode      
     write_10_month                            E8C5      13      19       0   MyCode      
     write_month                               E8D8      1E      30       0   MyCode      
     done                                      E8F6       2       2       2   MyCode      
     return                                    E8F8       1       1       0   MyCode      
     I2C                                       E8F9       3       3       0   MyCode      

*********************************************************************************************
UNUSED-OBJECTS SECTION
---------------------------------------------------------------------------------------------

*********************************************************************************************
COPYDOWN SECTION
---------------------------------------------------------------------------------------------

*********************************************************************************************
OBJECT-DEPENDENCIES SECTION
---------------------------------------------------------------------------------------------
_Startup                  USES Delay BF_check LCD_write new_address done 
ask_time                  USES clear_display LCD_write new_address done 
decode                    USES decode1 
zero                      USES LCD_write write_to_time done 
one                       USES LCD_write write_to_time done 
two                       USES LCD_write write_to_time done 
three                     USES LCD_write write_to_time done 
four                      USES LCD_write write_to_time done 
decode1                   USES done 
five                      USES LCD_write write_to_time done 
six                       USES LCD_write write_to_time done 
seven                     USES LCD_write write_to_time done 
eight                     USES LCD_write write_to_time done 
nine                      USES LCD_write write_to_time done 
done                      USES keypad_write decode 
new_address               USES BF_check 
clear_display             USES BF_check 
Delay                     USES b m 
top                       USES t m b 
bottom                    USES b 
Delay_Loop                USES t m b 
Top                       USES t m 
Middle                    USES m b 
bottom                    USES b 
LCD_write                 USES BF_check 
display                   USES Month month Day day Year year Hour hour Minutes 
                                minutes Seconds seconds clear_display LCD_write 
                                new_address 
i2c_write                 USES n Seconds Minutes Hour Day Month Year 
Start                     USES t b Delay 
write_low_ad              USES t b Delay n check_n_ad 
write_high_ad             USES t b Delay n check_n_ad 
check_n_ad                USES n Write_address 
acknowledge               USES t b Delay n Start 
write                     USES Write_address 
stop                      USES read i2c_write 
read                      USES device_1 word_address device_read_1 n Start 
                                Write_address read_data Seconds acknowledge_in Minutes Hour 
                                Day Month Year not_acknowledge Stop display t b 
                                Delay read 
Start                     USES t b Delay 
write_low_ad              USES t b Delay n check_n_ad 
write_high_ad             USES t b Delay n check_n_ad 
check_n_ad                USES n Write_address 
acknowledge               USES t b Delay error 
done                      USES n 
read_data                 USES t b Delay 
Clear_Carry               USES Store 
Set_Carry                 USES Store 
Store                     USES n 
acknowledge_in            USES t b Delay done 
not_acknowledge           USES t b Delay done 
Stop                      USES t b Delay done 
write_to_time             USES n 
write_10_month            USES dummy Month n done 
write_month               USES Month dummy n LCD_write done 
I2C                       USES i2c_write 

*********************************************************************************************
DEPENDENCY TREE
*********************************************************************************************
 main and _Startup Group
 | 
 +- main                
 |    
 +- _Startup            
    | 
    +- Delay               
    |    
    +- BF_check            
    |    
    +- LCD_write           
    |  | 
    |  +- BF_check             (see above)
    |     
    +- new_address         
    |  | 
    |  +- BF_check             (see above)
    |     
    +- done                 (recursive dependency)
       | 
       +- keypad_write        
       |    
       +- decode               (recursive dependency)
          | 
          +- decode1              (recursive dependency)
             | 
             +- done                 (see above) (recursive dependency)
                
*********************************************************************************************
STATISTIC SECTION
---------------------------------------------------------------------------------------------

ExeFile:
--------
Number of blocks to be downloaded: 3
Total size of all blocks to be downloaded: 2302

