*** EVALUATION ***
PROGRAM "LAB7.abs"

*********************************************************************************************
TARGET SECTION
---------------------------------------------------------------------------------------------
Processor   : Freescale HC08
Memory Model: SMALL
File Format : ELF\DWARF 2.0
Linker      : SmartLinker V-5.0.51 Build 14019, Jan 20 2014

*********************************************************************************************
FILE SECTION
---------------------------------------------------------------------------------------------
bus_asm.obj                             Model: SMALL,         Lang: Assembler
functions_asm.obj                       Model: SMALL,         Lang: Assembler
i2c_driver_asm.obj                      Model: SMALL,         Lang: Assembler
keypad_asm.obj                          Model: SMALL,         Lang: Assembler
lcd_asm.obj                             Model: SMALL,         Lang: Assembler
led_asm.obj                             Model: SMALL,         Lang: Assembler
lm92_driver_asm.obj                     Model: SMALL,         Lang: Assembler
main_asm.obj                            Model: SMALL,         Lang: Assembler
menu_A_asm.obj                          Model: SMALL,         Lang: Assembler
menu_B_asm.obj                          Model: SMALL,         Lang: Assembler
menu_C_asm.obj                          Model: SMALL,         Lang: Assembler
menus_asm.obj                           Model: SMALL,         Lang: Assembler
rtc_driver_asm.obj                      Model: SMALL,         Lang: Assembler
sub_B_1_asm.obj                         Model: SMALL,         Lang: Assembler
sub_B_2_asm.obj                         Model: SMALL,         Lang: Assembler

*********************************************************************************************
STARTUP SECTION
---------------------------------------------------------------------------------------------
Entry point: 0xE000 (_Startup)

*********************************************************************************************
SECTION-ALLOCATION SECTION
Section Name                    Size  Type     From       To       Segment
---------------------------------------------------------------------------------------------
.init                            116     R     0xE000     0xE073   ROM
MY_ZEROPAGE                       48   R/W       0x60       0x8F   Z_RAM
MyCode                          2997     R     0xE074     0xEC28   ROM
MY_CONST                          52     R     0xEC29     0xEC5C   ROM
.stack                            64   R/W      0x100      0x13F   RAM
.vectSeg0_vect                     2     R     0xFFFE     0xFFFF   .vectSeg0

Summary of section sizes per section type:
READ_ONLY (R):         C5F (dec:     3167)
READ_WRITE (R/W):       70 (dec:      112)

*********************************************************************************************
VECTOR-ALLOCATION SECTION
    Address     InitValue   InitFunction
---------------------------------------------------------------------------------------------
     0xFFFE        0xE000   _Startup

*********************************************************************************************
OBJECT-ALLOCATION SECTION
     Name               Module                 Addr   hSize   dSize     Ref    Section   RLIB
---------------------------------------------------------------------------------------------
MODULE:                 -- bus_asm.obj --
- PROCEDURES:
     bus_init                                  E074       A      10       0   MyCode      
     bus_read                                  E07E      1A      26       4   MyCode      
     bus_write                                 E098      16      22       7   MyCode      
- VARIABLES:
     bus_addr                                    60       1       1      13   MY_ZEROPAGE 
     bus_data                                    61       1       1      13   MY_ZEROPAGE 
MODULE:                 -- functions_asm.obj --
- PROCEDURES:
- VARIABLES:
- LABELS:
     __SEG_END_SSTACK                           140       0       0       1               
MODULE:                 -- i2c_driver_asm.obj --
- PROCEDURES:
     i2c_init                                  E0AE       D      13       2   MyCode      
     i2c_start                                 E0BB       8       8       5   MyCode      
     i2c_stop                                  E0C3       A      10       5   MyCode      
     i2c_tx_byte                               E0CD       4       4      15   MyCode      
     tx_nextbit                                E0D1       8       8       0   MyCode      
     tx_setup                                  E0D9       7       7       0   MyCode      
     tx_send_low                               E0E0       7       7       0   MyCode      
     tx_continue                               E0E7       8       8       0   MyCode      
     tx_ack_poll                               E0EF       F      15       0   MyCode      
     tx_done                                   E0FE       5       5       0   MyCode      
     i2c_rx_byte                               E103       A      10       9   MyCode      
     rx_nextbit                                E10D      11      17       0   MyCode      
     rx_low                                    E11E       D      13       0   MyCode      
     rx_continue                               E11E       0       0       0   MyCode      
     rx_ack                                    E12B       4       4       0   MyCode      
     rx_nack                                   E12F       2       2       0   MyCode      
     rx_done                                   E131       D      13       0   MyCode      
     i2c_rx_byte_nack                          E13E      32      50       0   MyCode      
     i2c_setup_delay                           E170       3       3       7   MyCode      
     i2c_bit_delay                             E173       6       6       8   MyCode      
- VARIABLES:
     BitCounter                                  62       1       1       7   MY_ZEROPAGE 
     Value                                       63       1       1       9   MY_ZEROPAGE 
MODULE:                 -- keypad_asm.obj --
- PROCEDURES:
     keypad_scan                               E179      8E     142       1   MyCode      
     keypad_interpret                          E207      17      23       1   MyCode      
     keypad_interpret_2                        E21E       A      10       0   MyCode      
     keypad_interpret_3                        E228       A      10       0   MyCode      
     keypad_interpret_A                        E232       C      12       0   MyCode      
     keypad_interpret_lower_rows_jump          E23E       2       2       0   MyCode      
     keypad_interpret_4                        E240       A      10       0   MyCode      
     keypad_interpret_5                        E24A       A      10       0   MyCode      
     keypad_interpret_6                        E254       A      10       0   MyCode      
     keypad_interpret_B                        E25E       A      10       0   MyCode      
     keypad_interpret_lower_rows               E268      16      22       0   MyCode      
     keypad_interpret_8                        E27E       A      10       0   MyCode      
     keypad_interpret_9                        E288       A      10       0   MyCode      
     keypad_interpret_C                        E292       C      12       0   MyCode      
     keypad_interpret_done_jump                E29E       2       2       0   MyCode      
     keypad_interpret_E                        E2A0       A      10       0   MyCode      
     keypad_interpret_0                        E2AA       A      10       0   MyCode      
     keypad_interpret_F                        E2B4       A      10       0   MyCode      
     keypad_interpret_D                        E2BE       A      10       0   MyCode      
     keypad_interpret_done                     E2C8       3       3       0   MyCode      
     keypad_get_keypress                       E2CB       D      13      18   MyCode      
     done                                      E2D8       1       1       0   MyCode      
- VARIABLES:
     keypad_data_0                               64       1       1       5   MY_ZEROPAGE 
     keypad_data_1                               65       1       1       5   MY_ZEROPAGE 
     keypad_data_0_old                           66       1       1       2   MY_ZEROPAGE 
     keypad_data_1_old                           67       1       1       2   MY_ZEROPAGE 
     keypad_data_cmp                             68       1       1      18   MY_ZEROPAGE 
MODULE:                 -- lcd_asm.obj --
- PROCEDURES:
     lcd_init                                  E2D9      9A     154       1   MyCode      
     lcd_write                                 E373      39      57      22   MyCode      
     lcd_char                                  E3AC      2B      43     168   MyCode      
     lcd_str                                   E3D7       2       2       2   MyCode      
     lcd_str_loop                              E3D9      18      24       0   MyCode      
     lcd_num_to_char                           E3F1       3       3      11   MyCode      
     lcd_clear                                 E3F4      2D      45       8   MyCode      
     lcd_goto_addr                             E421      10      16       8   MyCode      
     lcd_goto_row0                             E431       B      11       1   MyCode      
     lcd_goto_row1                             E43C       B      11       6   MyCode      
- VARIABLES:
     lcd_data                                    69       1       1       3   MY_ZEROPAGE 
     lcd_char_data                               6A       1       1       2   MY_ZEROPAGE 
     lcd_col_idx                                 6B       1       1       0   MY_ZEROPAGE 
     lcd_addr                                    6C       1       1       2   MY_ZEROPAGE 
     str_length                                  6D       1       1       3   MY_ZEROPAGE 
MODULE:                 -- led_asm.obj --
- PROCEDURES:
     led_write                                 E447      24      36       1   MyCode      
- VARIABLES:
     led_data                                    6E       1       1       2   MY_ZEROPAGE 
MODULE:                 -- lm92_driver_asm.obj --
- PROCEDURES:
     lm92_init                                 E46B       1       1       0   MyCode      
     lm92_read_temp                            E46C      33      51       1   MyCode      
     lm92_write_lcd_K                          E49F      11      17       0   MyCode      
     k_small                                   E4B0       9       9       0   MyCode      
     cont                                      E4B9      15      21       0   MyCode      
     lm92_write_lcd_C                          E4CE      15      21       1   MyCode      
- VARIABLES:
     Temp_Data_Raw                               6F       2       2       4   MY_ZEROPAGE 
     Temp_c                                      71       1       1       3   MY_ZEROPAGE 
     temp_k                                      72       1       1       3   MY_ZEROPAGE 
MODULE:                 -- main_asm.obj --
- PROCEDURES:
     _Startup                                  E000      44      68       0   .init       
     main                                      E000       0       0       0   .init       
     main_function                             E044       3       3       1   .init       
     SUB_delay                                 E047       6       6       9   .init       
     SUB_delay_loop_0                          E04D       7       7       0   .init       
     SUB_delay_loop_1                          E054       C      12       0   .init       
     SUB_delay_loop_2                          E060      10      16       0   .init       
     SUB_delay_done                            E070       4       4       0   .init       
- VARIABLES:
     SUB_delay_cnt                               73       3       3      10   MY_ZEROPAGE 
- LABELS:
     XOR_Mask                                    10       0       0       0   .text       
     t                                           71       0       0       5   .text       
     m                                           72       0       0       2   .text       
     b                                           73       0       0       7   .text       
     i_temp                                      74       0       0       0   .text       
     n                                           7C       0       0       0   .text       
MODULE:                 -- menu_A_asm.obj --
- PROCEDURES:
     menu_A                                    E4E3      7E     126       1   MyCode      
     menu_A_input                              E561       A      10       1   MyCode      
     return                                    E56B       1       1       0   MyCode      
- VARIABLES:
MODULE:                 -- menu_B_asm.obj --
- PROCEDURES:
     menu_B                                    E56C      A9     169       2   MyCode      
     menu_B_input                              E615      16      22       4   MyCode      
     0_pressed                                 E62B       6       6       0   MyCode      
     1_pressed                                 E631       6       6       0   MyCode      
     check_sub_b                               E637       E      14       0   MyCode      
     goto_sub_b                                E645       6       6       0   MyCode      
     return                                    E64B       1       1       0   MyCode      
- VARIABLES:
     input                                       76       1       1       0   MY_ZEROPAGE 
     b_mode                                      77       1       1       5   MY_ZEROPAGE 
MODULE:                 -- menu_C_asm.obj --
- PROCEDURES:
     menu_C                                    E64C      92     146       1   MyCode      
     menu_C_input                              E6DE       A      10       1   MyCode      
     return                                    E6E8       1       1       0   MyCode      
- VARIABLES:
MODULE:                 -- menus_asm.obj --
- PROCEDURES:
     menu_1                                    E6E9      3F      63       4   MyCode      
     menu_1_input                              E728      12      18       1   MyCode      
     goto_menu_A                               E73A       6       6       0   MyCode      
     goto_menu_B                               E740       6       6       0   MyCode      
     goto_menu_C                               E746       7       7       0   MyCode      
- VARIABLES:
MODULE:                 -- rtc_driver_asm.obj --
- PROCEDURES:
     rtc_init                                  E74D       4       4       1   MyCode      
     rtc_set_time_zero                         E751      28      40       1   MyCode      
     rtc_calc_tod                              E779      2C      44       0   MyCode      
     rtc_write_tod                             E7A5      22      34       0   MyCode      
     rtc_set_time                              E7C7      5F      95       1   MyCode      
     rtc_get_time                              E826      6F     111       0   MyCode      
     rtc_display_data                          E895      2A      42       0   MyCode      
     rtc_mask_data                             E8BF      64     100       1   MyCode      
     rtc_prompt_time                           E923      82     130       0   MyCode      
- VARIABLES:
     Sec                                         78       2       2      17   MY_ZEROPAGE 
     Min                                         7A       2       2      15   MY_ZEROPAGE 
     Hour                                        7C       2       2      12   MY_ZEROPAGE 
     Date                                        7E       2       2      12   MY_ZEROPAGE 
     Month                                       80       2       2      12   MY_ZEROPAGE 
     Year                                        82       2       2      12   MY_ZEROPAGE 
     TOD                                         84       2       2      13   MY_ZEROPAGE 
     rtc_epoch_delta                             86       2       2       0   MY_ZEROPAGE 
     Byte_counter                                88       1       1       1   MY_ZEROPAGE 
     str_date                                  EC29       8       8       0   MY_CONST    
     str_date_length                           EC31       1       1       0   MY_CONST    
     str_time                                  EC32       8       8       0   MY_CONST    
     str_time_length                           EC3A       1       1       0   MY_CONST    
     str_prompt_row0                           EC3B      10      16       1   MY_CONST    
     str_prompt_row0_length                    EC4B       1       1       1   MY_CONST    
     str_prompt_row1                           EC4C      10      16       1   MY_CONST    
     str_prompt_row1_length                    EC5C       1       1       1   MY_CONST    
MODULE:                 -- sub_B_1_asm.obj --
- PROCEDURES:
     sub_B_1                                   E9A5      99     153       2   MyCode      
     sub_B_1_input                             EA3E      46      70       3   MyCode      
     return                                    EA84       1       1       0   MyCode      
     input_done                                EA85       6       6       0   MyCode      
     0                                         EA8B       9       9       0   MyCode      
     1                                         EA94       9       9       0   MyCode      
     2                                         EA9D       9       9       0   MyCode      
     3                                         EAA6       9       9       0   MyCode      
     4                                         EAAF       9       9       0   MyCode      
     5                                         EAB8       9       9       0   MyCode      
     6                                         EAC1       9       9       0   MyCode      
     7                                         EACA       9       9       0   MyCode      
     8                                         EAD3       9       9       0   MyCode      
     9                                         EADC       9       9       0   MyCode      
     set_digits                                EAE5      28      40      10   MyCode      
     set_digit_1                               EB0D       9       9       0   MyCode      
     set_digit_2                               EB16       9       9       0   MyCode      
     roll_digits                               EB1F       D      13       1   MyCode      
- VARIABLES:
     input                                       89       1       1      13   MY_ZEROPAGE 
     char_in                                     8A       1       1      13   MY_ZEROPAGE 
     digit1                                      8B       1       1       6   MY_ZEROPAGE 
     digit2                                      8C       1       1       5   MY_ZEROPAGE 
     char1                                       8D       1       1       5   MY_ZEROPAGE 
     char2                                       8E       1       1       4   MY_ZEROPAGE 
     B_1_output                                  8F       1       1       1   MY_ZEROPAGE 
MODULE:                 -- sub_B_2_asm.obj --
- PROCEDURES:
     print_heating                             EB2C      26      38       0   MyCode      
     print_cooling                             EB52      26      38       0   MyCode      
     sub_B_2                                   EB78      20      32       1   MyCode      
     sub_B_2_mid                               EB98      35      53       2   MyCode      
     update_temp                               EBCD      11      17       1   MyCode      
     print_temp                                EBDE      14      20       1   MyCode      
     return                                    EBF2       1       1       0   MyCode      
     Delay                                     EBF3       3       3       4   MyCode      
     top                                       EBF6       7       7       0   MyCode      
     bottom                                    EBFD       6       6       0   MyCode      
     done                                      EC03       1       1       0   MyCode      
     Big_Delay                                 EC04      25      37       1   MyCode      
- VARIABLES:

*********************************************************************************************
MODULE STATISTIC
  Name                                      Data   Code  Const
---------------------------------------------------------------------------------------------
  bus_asm.obj                                  2     58      0
  i2c_driver_asm.obj                           2    203      0
  keypad_asm.obj                               5    352      0
  lcd_asm.obj                                  5    366      0
  led_asm.obj                                  1     36      0
  lm92_driver_asm.obj                          4    120      0
  main_asm.obj                                 3    116      0
  menu_A_asm.obj                               0    137      0
  menu_B_asm.obj                               2    224      0
  menu_C_asm.obj                               0    157      0
  menus_asm.obj                                0    100      0
  rtc_driver_asm.obj                          17    600     52
  sub_B_1_asm.obj                              7    391      0
  sub_B_2_asm.obj                              0    253      0
  other                                       64      2      0

*********************************************************************************************
SECTION USE IN OBJECT-ALLOCATION SECTION
---------------------------------------------------------------------------------------------
SECTION: ".text"
  XOR_Mask t m b i_temp n 
SECTION: ".init"
  main _Startup main_function SUB_delay SUB_delay_loop_0 SUB_delay_loop_1 
  SUB_delay_loop_2 SUB_delay_done 
SECTION: "MY_ZEROPAGE"
  bus_addr bus_data BitCounter Value keypad_data_0 keypad_data_1 
  keypad_data_0_old keypad_data_1_old keypad_data_cmp lcd_data lcd_char_data 
  lcd_col_idx lcd_addr str_length led_data Temp_Data_Raw Temp_c temp_k 
  SUB_delay_cnt input b_mode Sec Min Hour Date Month Year TOD rtc_epoch_delta 
  Byte_counter input char_in digit1 digit2 char1 char2 B_1_output 
SECTION: "MyCode"
  bus_init bus_read bus_write i2c_init i2c_start i2c_stop i2c_tx_byte 
  tx_nextbit tx_setup tx_send_low tx_continue tx_ack_poll tx_done i2c_rx_byte 
  rx_nextbit rx_continue rx_low rx_ack rx_nack rx_done i2c_rx_byte_nack 
  i2c_setup_delay i2c_bit_delay keypad_scan keypad_interpret keypad_interpret_2 
  keypad_interpret_3 keypad_interpret_A keypad_interpret_lower_rows_jump 
  keypad_interpret_4 keypad_interpret_5 keypad_interpret_6 keypad_interpret_B 
  keypad_interpret_lower_rows keypad_interpret_8 keypad_interpret_9 
  keypad_interpret_C keypad_interpret_done_jump keypad_interpret_E 
  keypad_interpret_0 keypad_interpret_F keypad_interpret_D 
  keypad_interpret_done keypad_get_keypress done lcd_init lcd_write lcd_char 
  lcd_str lcd_str_loop lcd_num_to_char lcd_clear lcd_goto_addr lcd_goto_row0 
  lcd_goto_row1 led_write lm92_init lm92_read_temp lm92_write_lcd_K k_small 
  cont lm92_write_lcd_C menu_A menu_A_input return menu_B menu_B_input 
  0_pressed 1_pressed check_sub_b goto_sub_b return menu_C menu_C_input return 
  menu_1 menu_1_input goto_menu_A goto_menu_B goto_menu_C rtc_init 
  rtc_set_time_zero rtc_calc_tod rtc_write_tod rtc_set_time rtc_get_time 
  rtc_display_data rtc_mask_data rtc_prompt_time sub_B_1 sub_B_1_input return 
  input_done 0 1 2 3 4 5 6 7 8 9 set_digits set_digit_1 set_digit_2 roll_digits 
  print_heating print_cooling sub_B_2 sub_B_2_mid update_temp print_temp return 
  Delay top bottom done Big_Delay 
SECTION: "MY_CONST"
  str_date str_date_length str_time str_time_length str_prompt_row0 
  str_prompt_row0_length str_prompt_row1 str_prompt_row1_length 

*********************************************************************************************
OBJECT LIST SORTED BY ADDRESS
     Name                                      Addr   hSize   dSize     Ref    Section   RLIB
---------------------------------------------------------------------------------------------
     XOR_Mask                                    10       0       0       0   .text       
     bus_addr                                    60       1       1      13   MY_ZEROPAGE 
     bus_data                                    61       1       1      13   MY_ZEROPAGE 
     BitCounter                                  62       1       1       7   MY_ZEROPAGE 
     Value                                       63       1       1       9   MY_ZEROPAGE 
     keypad_data_0                               64       1       1       5   MY_ZEROPAGE 
     keypad_data_1                               65       1       1       5   MY_ZEROPAGE 
     keypad_data_0_old                           66       1       1       2   MY_ZEROPAGE 
     keypad_data_1_old                           67       1       1       2   MY_ZEROPAGE 
     keypad_data_cmp                             68       1       1      18   MY_ZEROPAGE 
     lcd_data                                    69       1       1       3   MY_ZEROPAGE 
     lcd_char_data                               6A       1       1       2   MY_ZEROPAGE 
     lcd_col_idx                                 6B       1       1       0   MY_ZEROPAGE 
     lcd_addr                                    6C       1       1       2   MY_ZEROPAGE 
     str_length                                  6D       1       1       3   MY_ZEROPAGE 
     led_data                                    6E       1       1       2   MY_ZEROPAGE 
     Temp_Data_Raw                               6F       2       2       4   MY_ZEROPAGE 
     Temp_c                                      71       1       1       3   MY_ZEROPAGE 
     t                                           71       0       0       5   .text       
     temp_k                                      72       1       1       3   MY_ZEROPAGE 
     m                                           72       0       0       2   .text       
     SUB_delay_cnt                               73       3       3      10   MY_ZEROPAGE 
     b                                           73       0       0       7   .text       
     i_temp                                      74       0       0       0   .text       
     input                                       76       1       1       0   MY_ZEROPAGE 
     b_mode                                      77       1       1       5   MY_ZEROPAGE 
     Sec                                         78       2       2      17   MY_ZEROPAGE 
     Min                                         7A       2       2      15   MY_ZEROPAGE 
     Hour                                        7C       2       2      12   MY_ZEROPAGE 
     n                                           7C       0       0       0   .text       
     Date                                        7E       2       2      12   MY_ZEROPAGE 
     Month                                       80       2       2      12   MY_ZEROPAGE 
     Year                                        82       2       2      12   MY_ZEROPAGE 
     TOD                                         84       2       2      13   MY_ZEROPAGE 
     rtc_epoch_delta                             86       2       2       0   MY_ZEROPAGE 
     Byte_counter                                88       1       1       1   MY_ZEROPAGE 
     input                                       89       1       1      13   MY_ZEROPAGE 
     char_in                                     8A       1       1      13   MY_ZEROPAGE 
     digit1                                      8B       1       1       6   MY_ZEROPAGE 
     digit2                                      8C       1       1       5   MY_ZEROPAGE 
     char1                                       8D       1       1       5   MY_ZEROPAGE 
     char2                                       8E       1       1       4   MY_ZEROPAGE 
     B_1_output                                  8F       1       1       1   MY_ZEROPAGE 
     main                                      E000       0       0       0   .init       
     _Startup                                  E000      44      68       0   .init       
     main_function                             E044       3       3       1   .init       
     SUB_delay                                 E047       6       6       9   .init       
     SUB_delay_loop_0                          E04D       7       7       0   .init       
     SUB_delay_loop_1                          E054       C      12       0   .init       
     SUB_delay_loop_2                          E060      10      16       0   .init       
     SUB_delay_done                            E070       4       4       0   .init       
     bus_init                                  E074       A      10       0   MyCode      
     bus_read                                  E07E      1A      26       4   MyCode      
     bus_write                                 E098      16      22       7   MyCode      
     i2c_init                                  E0AE       D      13       2   MyCode      
     i2c_start                                 E0BB       8       8       5   MyCode      
     i2c_stop                                  E0C3       A      10       5   MyCode      
     i2c_tx_byte                               E0CD       4       4      15   MyCode      
     tx_nextbit                                E0D1       8       8       0   MyCode      
     tx_setup                                  E0D9       7       7       0   MyCode      
     tx_send_low                               E0E0       7       7       0   MyCode      
     tx_continue                               E0E7       8       8       0   MyCode      
     tx_ack_poll                               E0EF       F      15       0   MyCode      
     tx_done                                   E0FE       5       5       0   MyCode      
     i2c_rx_byte                               E103       A      10       9   MyCode      
     rx_nextbit                                E10D      11      17       0   MyCode      
     rx_continue                               E11E       0       0       0   MyCode      
     rx_low                                    E11E       D      13       0   MyCode      
     rx_ack                                    E12B       4       4       0   MyCode      
     rx_nack                                   E12F       2       2       0   MyCode      
     rx_done                                   E131       D      13       0   MyCode      
     i2c_rx_byte_nack                          E13E      32      50       0   MyCode      
     i2c_setup_delay                           E170       3       3       7   MyCode      
     i2c_bit_delay                             E173       6       6       8   MyCode      
     keypad_scan                               E179      8E     142       1   MyCode      
     keypad_interpret                          E207      17      23       1   MyCode      
     keypad_interpret_2                        E21E       A      10       0   MyCode      
     keypad_interpret_3                        E228       A      10       0   MyCode      
     keypad_interpret_A                        E232       C      12       0   MyCode      
     keypad_interpret_lower_rows_jump          E23E       2       2       0   MyCode      
     keypad_interpret_4                        E240       A      10       0   MyCode      
     keypad_interpret_5                        E24A       A      10       0   MyCode      
     keypad_interpret_6                        E254       A      10       0   MyCode      
     keypad_interpret_B                        E25E       A      10       0   MyCode      
     keypad_interpret_lower_rows               E268      16      22       0   MyCode      
     keypad_interpret_8                        E27E       A      10       0   MyCode      
     keypad_interpret_9                        E288       A      10       0   MyCode      
     keypad_interpret_C                        E292       C      12       0   MyCode      
     keypad_interpret_done_jump                E29E       2       2       0   MyCode      
     keypad_interpret_E                        E2A0       A      10       0   MyCode      
     keypad_interpret_0                        E2AA       A      10       0   MyCode      
     keypad_interpret_F                        E2B4       A      10       0   MyCode      
     keypad_interpret_D                        E2BE       A      10       0   MyCode      
     keypad_interpret_done                     E2C8       3       3       0   MyCode      
     keypad_get_keypress                       E2CB       D      13      18   MyCode      
     done                                      E2D8       1       1       0   MyCode      
     lcd_init                                  E2D9      9A     154       1   MyCode      
     lcd_write                                 E373      39      57      22   MyCode      
     lcd_char                                  E3AC      2B      43     168   MyCode      
     lcd_str                                   E3D7       2       2       2   MyCode      
     lcd_str_loop                              E3D9      18      24       0   MyCode      
     lcd_num_to_char                           E3F1       3       3      11   MyCode      
     lcd_clear                                 E3F4      2D      45       8   MyCode      
     lcd_goto_addr                             E421      10      16       8   MyCode      
     lcd_goto_row0                             E431       B      11       1   MyCode      
     lcd_goto_row1                             E43C       B      11       6   MyCode      
     led_write                                 E447      24      36       1   MyCode      
     lm92_init                                 E46B       1       1       0   MyCode      
     lm92_read_temp                            E46C      33      51       1   MyCode      
     lm92_write_lcd_K                          E49F      11      17       0   MyCode      
     k_small                                   E4B0       9       9       0   MyCode      
     cont                                      E4B9      15      21       0   MyCode      
     lm92_write_lcd_C                          E4CE      15      21       1   MyCode      
     menu_A                                    E4E3      7E     126       1   MyCode      
     menu_A_input                              E561       A      10       1   MyCode      
     return                                    E56B       1       1       0   MyCode      
     menu_B                                    E56C      A9     169       2   MyCode      
     menu_B_input                              E615      16      22       4   MyCode      
     0_pressed                                 E62B       6       6       0   MyCode      
     1_pressed                                 E631       6       6       0   MyCode      
     check_sub_b                               E637       E      14       0   MyCode      
     goto_sub_b                                E645       6       6       0   MyCode      
     return                                    E64B       1       1       0   MyCode      
     menu_C                                    E64C      92     146       1   MyCode      
     menu_C_input                              E6DE       A      10       1   MyCode      
     return                                    E6E8       1       1       0   MyCode      
     menu_1                                    E6E9      3F      63       4   MyCode      
     menu_1_input                              E728      12      18       1   MyCode      
     goto_menu_A                               E73A       6       6       0   MyCode      
     goto_menu_B                               E740       6       6       0   MyCode      
     goto_menu_C                               E746       7       7       0   MyCode      
     rtc_init                                  E74D       4       4       1   MyCode      
     rtc_set_time_zero                         E751      28      40       1   MyCode      
     rtc_calc_tod                              E779      2C      44       0   MyCode      
     rtc_write_tod                             E7A5      22      34       0   MyCode      
     rtc_set_time                              E7C7      5F      95       1   MyCode      
     rtc_get_time                              E826      6F     111       0   MyCode      
     rtc_display_data                          E895      2A      42       0   MyCode      
     rtc_mask_data                             E8BF      64     100       1   MyCode      
     rtc_prompt_time                           E923      82     130       0   MyCode      
     sub_B_1                                   E9A5      99     153       2   MyCode      
     sub_B_1_input                             EA3E      46      70       3   MyCode      
     return                                    EA84       1       1       0   MyCode      
     input_done                                EA85       6       6       0   MyCode      
     0                                         EA8B       9       9       0   MyCode      
     1                                         EA94       9       9       0   MyCode      
     2                                         EA9D       9       9       0   MyCode      
     3                                         EAA6       9       9       0   MyCode      
     4                                         EAAF       9       9       0   MyCode      
     5                                         EAB8       9       9       0   MyCode      
     6                                         EAC1       9       9       0   MyCode      
     7                                         EACA       9       9       0   MyCode      
     8                                         EAD3       9       9       0   MyCode      
     9                                         EADC       9       9       0   MyCode      
     set_digits                                EAE5      28      40      10   MyCode      
     set_digit_1                               EB0D       9       9       0   MyCode      
     set_digit_2                               EB16       9       9       0   MyCode      
     roll_digits                               EB1F       D      13       1   MyCode      
     print_heating                             EB2C      26      38       0   MyCode      
     print_cooling                             EB52      26      38       0   MyCode      
     sub_B_2                                   EB78      20      32       1   MyCode      
     sub_B_2_mid                               EB98      35      53       2   MyCode      
     update_temp                               EBCD      11      17       1   MyCode      
     print_temp                                EBDE      14      20       1   MyCode      
     return                                    EBF2       1       1       0   MyCode      
     Delay                                     EBF3       3       3       4   MyCode      
     top                                       EBF6       7       7       0   MyCode      
     bottom                                    EBFD       6       6       0   MyCode      
     done                                      EC03       1       1       0   MyCode      
     Big_Delay                                 EC04      25      37       1   MyCode      
     str_date                                  EC29       8       8       0   MY_CONST    
     str_date_length                           EC31       1       1       0   MY_CONST    
     str_time                                  EC32       8       8       0   MY_CONST    
     str_time_length                           EC3A       1       1       0   MY_CONST    
     str_prompt_row0                           EC3B      10      16       1   MY_CONST    
     str_prompt_row0_length                    EC4B       1       1       1   MY_CONST    
     str_prompt_row1                           EC4C      10      16       1   MY_CONST    
     str_prompt_row1_length                    EC5C       1       1       1   MY_CONST    

*********************************************************************************************
UNUSED-OBJECTS SECTION
---------------------------------------------------------------------------------------------
NOT USED PROCEDURES
functions_asm.obj:
  PTBDD_Upper_output PTBDD_Upper_input toggle_clock delay top bottom last 
NOT USED VARIABLES
sub_B_2_asm.obj:
  old_time 

*********************************************************************************************
COPYDOWN SECTION
---------------------------------------------------------------------------------------------

*********************************************************************************************
OBJECT-DEPENDENCIES SECTION
---------------------------------------------------------------------------------------------
_Startup                  USES __SEG_END_SSTACK lcd_init lcd_clear i2c_init 
                                menu_1 
main_function             USES main_function 
SUB_delay                 USES SUB_delay_cnt 
bus_read                  USES bus_addr bus_data 
bus_write                 USES bus_data bus_addr 
i2c_init                  USES Value BitCounter 
i2c_start                 USES i2c_bit_delay 
i2c_stop                  USES i2c_bit_delay 
i2c_tx_byte               USES BitCounter 
tx_nextbit                USES i2c_setup_delay 
tx_setup                  USES i2c_bit_delay 
tx_send_low               USES i2c_setup_delay 
tx_continue               USES BitCounter 
tx_ack_poll               USES i2c_setup_delay i2c_bit_delay 
i2c_rx_byte               USES Value BitCounter 
rx_nextbit                USES i2c_bit_delay Value i2c_setup_delay 
rx_low                    USES BitCounter 
rx_done                   USES i2c_setup_delay i2c_bit_delay Value 
i2c_rx_byte_nack          USES Value BitCounter i2c_bit_delay i2c_setup_delay 
keypad_scan               USES keypad_data_0 keypad_data_0_old keypad_data_1 
                                keypad_data_1_old bus_addr bus_data bus_write bus_read 
keypad_interpret          USES keypad_data_0_old keypad_data_0 keypad_data_cmp 
keypad_interpret_2        USES keypad_data_cmp 
keypad_interpret_3        USES keypad_data_cmp 
keypad_interpret_A        USES keypad_data_cmp 
keypad_interpret_4        USES keypad_data_cmp 
keypad_interpret_5        USES keypad_data_cmp 
keypad_interpret_6        USES keypad_data_cmp 
keypad_interpret_B        USES keypad_data_cmp 
keypad_interpret_lower_rows USES keypad_data_1_old keypad_data_1 
                                keypad_data_cmp 
keypad_interpret_8        USES keypad_data_cmp 
keypad_interpret_9        USES keypad_data_cmp 
keypad_interpret_C        USES keypad_data_cmp 
keypad_interpret_E        USES keypad_data_cmp 
keypad_interpret_0        USES keypad_data_cmp 
keypad_interpret_F        USES keypad_data_cmp 
keypad_interpret_D        USES keypad_data_cmp 
keypad_get_keypress       USES led_write keypad_scan keypad_interpret 
lcd_init                  USES SUB_delay_cnt SUB_delay lcd_write 
lcd_write                 USES lcd_data bus_data bus_addr bus_write 
                                SUB_delay_cnt SUB_delay 
lcd_char                  USES lcd_char_data lcd_write SUB_delay_cnt SUB_delay 
lcd_str                   USES str_length 
lcd_str_loop              USES lcd_char str_length 
lcd_clear                 USES SUB_delay_cnt SUB_delay lcd_write 
lcd_goto_addr             USES lcd_addr lcd_write 
lcd_goto_row0             USES lcd_write 
lcd_goto_row1             USES lcd_write 
led_write                 USES bus_addr led_data bus_data bus_write 
lm92_read_temp            USES i2c_start i2c_tx_byte i2c_stop i2c_rx_byte 
                                Temp_Data_Raw Temp_c 
lm92_write_lcd_K          USES Temp_c temp_k lcd_char 
k_small                   USES temp_k lcd_char 
cont                      USES temp_k lcd_num_to_char lcd_char 
lm92_write_lcd_C          USES Temp_c lcd_num_to_char lcd_char 
menu_A                    USES lcd_clear lcd_char lcd_goto_row1 
menu_A_input              USES keypad_get_keypress menu_A_input 
menu_B                    USES b_mode lcd_clear lcd_char lcd_goto_row1 
menu_B_input              USES keypad_get_keypress menu_B_input 
0_pressed                 USES b_mode menu_B_input 
1_pressed                 USES b_mode menu_B_input 
check_sub_b               USES b_mode menu_B_input 
goto_sub_b                USES sub_B_1 menu_B 
menu_C                    USES lcd_clear lcd_char lcd_goto_row1 
menu_C_input              USES keypad_get_keypress menu_C_input 
menu_1                    USES lcd_clear lcd_char 
menu_1_input              USES keypad_get_keypress menu_1_input 
goto_menu_A               USES menu_A menu_1 
goto_menu_B               USES menu_B menu_1 
goto_menu_C               USES menu_C menu_1 
rtc_init                  USES rtc_set_time_zero 
rtc_set_time_zero         USES Sec Min Hour Date Month Year rtc_set_time 
rtc_calc_tod              USES TOD Sec Min 
rtc_write_tod             USES TOD lcd_num_to_char lcd_char 
rtc_set_time              USES i2c_start i2c_tx_byte Sec Min Hour Date Month 
                                Year i2c_stop 
rtc_get_time              USES i2c_start i2c_tx_byte i2c_stop Byte_counter 
                                i2c_rx_byte Sec Min Hour Date Month Year rtc_mask_data 
rtc_display_data          USES Min lcd_num_to_char lcd_char Sec 
rtc_mask_data             USES Sec Min Hour Date Month Year 
rtc_prompt_time           USES lcd_clear lcd_goto_row0 str_prompt_row0 
                                str_prompt_row0_length lcd_str lcd_goto_row1 str_prompt_row1 
                                str_prompt_row1_length lcd_goto_addr keypad_get_keypress Month Date 
                                Year Hour Min Sec 
sub_B_1                   USES digit1 digit2 char1 char2 lcd_clear lcd_char 
                                lcd_goto_row1 
sub_B_1_input             USES keypad_get_keypress sub_B_1_input 
input_done                USES sub_B_2 sub_B_1 
0                         USES input char_in set_digits 
1                         USES input char_in set_digits 
2                         USES input char_in set_digits 
3                         USES input char_in set_digits 
4                         USES input char_in set_digits 
5                         USES input char_in set_digits 
6                         USES input char_in set_digits 
7                         USES input char_in set_digits 
8                         USES input char_in set_digits 
9                         USES input char_in set_digits 
set_digits                USES digit1 digit2 roll_digits B_1_output 
                                lcd_goto_addr char2 lcd_char char1 
set_digit_1               USES input digit1 char_in char1 sub_B_1_input 
set_digit_2               USES input digit2 char_in char2 sub_B_1_input 
roll_digits               USES digit1 digit2 char1 char2 input char_in 
print_heating             USES lcd_char sub_B_2_mid 
print_cooling             USES lcd_char sub_B_2_mid 
sub_B_2                   USES rtc_init lcd_clear lcd_char b_mode 
sub_B_2_mid               USES lcd_char lcd_goto_row1 
update_temp               USES keypad_get_keypress print_temp update_temp 
                                Big_Delay 
print_temp                USES lcd_goto_addr i2c_init lm92_read_temp 
                                lm92_write_lcd_C lcd_char 
Delay                     USES b m 
top                       USES t m b 
bottom                    USES b 
Big_Delay                 USES t b Delay 

*********************************************************************************************
DEPENDENCY TREE
*********************************************************************************************
 main and _Startup Group
 | 
 +- main                
 |    
 +- _Startup            
    | 
    +- lcd_init            
    |  | 
    |  +- SUB_delay           
    |  |    
    |  +- lcd_write           
    |     | 
    |     +- bus_write           
    |     |    
    |     +- SUB_delay            (see above)
    |        
    +- lcd_clear           
    |  | 
    |  +- SUB_delay            (see above)
    |  |  
    |  +- lcd_write            (see above)
    |     
    +- i2c_init            
    |    
    +- menu_1              
       | 
       +- lcd_clear            (see above)
       |  
       +- lcd_char            
          | 
          +- lcd_write            (see above)
          |  
          +- SUB_delay            (see above)
             
*********************************************************************************************
STATISTIC SECTION
---------------------------------------------------------------------------------------------

ExeFile:
--------
Number of blocks to be downloaded: 3
Total size of all blocks to be downloaded: 3167

