*** EVALUATION ***
PROGRAM "LAB7.abs"

*********************************************************************************************
TARGET SECTION
---------------------------------------------------------------------------------------------
Processor   : Freescale HC08
Memory Model: SMALL
File Format : ELF\DWARF 2.0
Linker      : SmartLinker V-5.0.51 Build 14019, Jan 20 2014

*********************************************************************************************
FILE SECTION
---------------------------------------------------------------------------------------------
bus_asm.obj                             Model: SMALL,         Lang: Assembler
functions_asm.obj                       Model: SMALL,         Lang: Assembler
i2c_driver_asm.obj                      Model: SMALL,         Lang: Assembler
keypad_asm.obj                          Model: SMALL,         Lang: Assembler
lcd_asm.obj                             Model: SMALL,         Lang: Assembler
led_asm.obj                             Model: SMALL,         Lang: Assembler
lm92_driver_asm.obj                     Model: SMALL,         Lang: Assembler
main_asm.obj                            Model: SMALL,         Lang: Assembler
menu_A_asm.obj                          Model: SMALL,         Lang: Assembler
menu_B_asm.obj                          Model: SMALL,         Lang: Assembler
menu_C_asm.obj                          Model: SMALL,         Lang: Assembler
menus_asm.obj                           Model: SMALL,         Lang: Assembler
modes_asm.obj                           Model: SMALL,         Lang: Assembler
rtc_driver_asm.obj                      Model: SMALL,         Lang: Assembler
sub_B_1_asm.obj                         Model: SMALL,         Lang: Assembler

*********************************************************************************************
STARTUP SECTION
---------------------------------------------------------------------------------------------
Entry point: 0xE000 (_Startup)

*********************************************************************************************
SECTION-ALLOCATION SECTION
Section Name                    Size  Type     From       To       Segment
---------------------------------------------------------------------------------------------
.init                            205     R     0xE000     0xE0CC   ROM
MY_ZEROPAGE                       45   R/W       0x60       0x8C   Z_RAM
MyCode                          2781     R     0xE0CD     0xEBA9   ROM
MY_CONST                          52     R     0xEBAA     0xEBDD   ROM
.stack                            64   R/W      0x100      0x13F   RAM
.vectSeg0_vect                     2     R     0xFFFE     0xFFFF   .vectSeg0

Summary of section sizes per section type:
READ_ONLY (R):         BE0 (dec:     3040)
READ_WRITE (R/W):       6D (dec:      109)

*********************************************************************************************
VECTOR-ALLOCATION SECTION
    Address     InitValue   InitFunction
---------------------------------------------------------------------------------------------
     0xFFFE        0xE000   _Startup

*********************************************************************************************
OBJECT-ALLOCATION SECTION
     Name               Module                 Addr   hSize   dSize     Ref    Section   RLIB
---------------------------------------------------------------------------------------------
MODULE:                 -- bus_asm.obj --
- PROCEDURES:
     bus_init                                  E0CD       A      10       0   MyCode      
     bus_read                                  E0D7      1A      26       4   MyCode      
     bus_write                                 E0F1      16      22       7   MyCode      
- VARIABLES:
     bus_addr                                    60       1       1      13   MY_ZEROPAGE 
     bus_data                                    61       1       1      13   MY_ZEROPAGE 
MODULE:                 -- functions_asm.obj --
- PROCEDURES:
- VARIABLES:
- LABELS:
     __SEG_END_SSTACK                           140       0       0       7               
MODULE:                 -- i2c_driver_asm.obj --
- PROCEDURES:
     i2c_init                                  E107       D      13       1   MyCode      
     i2c_start                                 E114       8       8       5   MyCode      
     i2c_stop                                  E11C       A      10       5   MyCode      
     i2c_tx_byte                               E126       4       4      15   MyCode      
     tx_nextbit                                E12A       8       8       0   MyCode      
     tx_setup                                  E132       7       7       0   MyCode      
     tx_send_low                               E139       7       7       0   MyCode      
     tx_continue                               E140       8       8       0   MyCode      
     tx_ack_poll                               E148       F      15       0   MyCode      
     tx_done                                   E157       5       5       0   MyCode      
     i2c_rx_byte                               E15C       A      10       9   MyCode      
     rx_nextbit                                E166      11      17       0   MyCode      
     rx_low                                    E177       D      13       0   MyCode      
     rx_continue                               E177       0       0       0   MyCode      
     rx_ack                                    E184       4       4       0   MyCode      
     rx_nack                                   E188       2       2       0   MyCode      
     rx_done                                   E18A       D      13       0   MyCode      
     i2c_setup_delay                           E197       3       3       5   MyCode      
     i2c_bit_delay                             E19A       6       6       6   MyCode      
- VARIABLES:
     BitCounter                                  62       1       1       5   MY_ZEROPAGE 
     Value                                       63       1       1       5   MY_ZEROPAGE 
MODULE:                 -- keypad_asm.obj --
- PROCEDURES:
     keypad_scan                               E1A0      8E     142       1   MyCode      
     keypad_interpret                          E22E      17      23       1   MyCode      
     keypad_interpret_2                        E245       A      10       0   MyCode      
     keypad_interpret_3                        E24F       A      10       0   MyCode      
     keypad_interpret_A                        E259       C      12       0   MyCode      
     keypad_interpret_lower_rows_jump          E265       2       2       0   MyCode      
     keypad_interpret_4                        E267       A      10       0   MyCode      
     keypad_interpret_5                        E271       A      10       0   MyCode      
     keypad_interpret_6                        E27B       A      10       0   MyCode      
     keypad_interpret_B                        E285       A      10       0   MyCode      
     keypad_interpret_lower_rows               E28F      16      22       0   MyCode      
     keypad_interpret_8                        E2A5       A      10       0   MyCode      
     keypad_interpret_9                        E2AF       A      10       0   MyCode      
     keypad_interpret_C                        E2B9       C      12       0   MyCode      
     keypad_interpret_done_jump                E2C5       2       2       0   MyCode      
     keypad_interpret_E                        E2C7       A      10       0   MyCode      
     keypad_interpret_0                        E2D1       A      10       0   MyCode      
     keypad_interpret_F                        E2DB       A      10       0   MyCode      
     keypad_interpret_D                        E2E5       A      10       0   MyCode      
     keypad_interpret_done                     E2EF       3       3       0   MyCode      
     keypad_get_keypress                       E2F2       D      13      18   MyCode      
     done                                      E2FF       1       1       0   MyCode      
- VARIABLES:
     keypad_data_0                               64       1       1       5   MY_ZEROPAGE 
     keypad_data_1                               65       1       1       5   MY_ZEROPAGE 
     keypad_data_0_old                           66       1       1       2   MY_ZEROPAGE 
     keypad_data_1_old                           67       1       1       2   MY_ZEROPAGE 
     keypad_data_cmp                             68       1       1      18   MY_ZEROPAGE 
MODULE:                 -- lcd_asm.obj --
- PROCEDURES:
     lcd_init                                  E300      9A     154       1   MyCode      
     lcd_write                                 E39A      39      57      22   MyCode      
     lcd_char                                  E3D3      2B      43     169   MyCode      
     lcd_str                                   E3FE       2       2       2   MyCode      
     lcd_str_loop                              E400      18      24       0   MyCode      
     lcd_num_to_char                           E418       3       3      11   MyCode      
     lcd_clear                                 E41B      2D      45       8   MyCode      
     lcd_goto_addr                             E448      10      16       6   MyCode      
     lcd_goto_row0                             E458       B      11       1   MyCode      
     lcd_goto_row1                             E463       B      11       6   MyCode      
- VARIABLES:
     lcd_data                                    69       1       1       3   MY_ZEROPAGE 
     lcd_char_data                               6A       1       1       2   MY_ZEROPAGE 
     lcd_col_idx                                 6B       1       1       0   MY_ZEROPAGE 
     lcd_addr                                    6C       1       1       2   MY_ZEROPAGE 
     str_length                                  6D       1       1       3   MY_ZEROPAGE 
MODULE:                 -- led_asm.obj --
- PROCEDURES:
     led_write                                 E46E      24      36       4   MyCode      
- VARIABLES:
     led_data                                    6E       1       1       5   MY_ZEROPAGE 
MODULE:                 -- lm92_driver_asm.obj --
- PROCEDURES:
     lm92_init                                 E492       1       1       1   MyCode      
     lm92_read_temp                            E493      33      51       1   MyCode      
     lm92_write_lcd_K                          E4C6      11      17       1   MyCode      
     k_small                                   E4D7       9       9       0   MyCode      
     cont                                      E4E0      15      21       0   MyCode      
     lm92_write_lcd_C                          E4F5      15      21       0   MyCode      
- VARIABLES:
     Temp_Data_Raw                               6F       2       2       4   MY_ZEROPAGE 
     Temp_c                                      71       1       1       3   MY_ZEROPAGE 
     temp_k                                      72       1       1       3   MY_ZEROPAGE 
MODULE:                 -- main_asm.obj --
- PROCEDURES:
     _Startup                                  E000      4A      74       0   .init       
     main                                      E000       0       0       0   .init       
     main_function                             E04A      20      32       7   .init       
     goto_mode_0                               E06A       B      11       0   .init       
     goto_mode_1                               E075       B      11       0   .init       
     goto_mode_2                               E080       B      11       0   .init       
     continue_mode_0                           E08B       6       6       0   .init       
     continue_mode_1                           E091       6       6       0   .init       
     continue_mode_2                           E097       6       6       0   .init       
     SUB_delay                                 E09D       6       6      10   .init       
     SUB_delay_loop_0                          E0A3       A      10       0   .init       
     SUB_delay_loop_1                          E0AD       C      12       0   .init       
     SUB_delay_loop_2                          E0B9      10      16       0   .init       
     SUB_delay_done                            E0C9       4       4       0   .init       
- VARIABLES:
     SUB_delay_cnt                               73       3       3      11   MY_ZEROPAGE 
- LABELS:
     XOR_Mask                                    10       0       0       0   .text       
     t                                           71       0       0       5   .text       
     m                                           72       0       0       2   .text       
     b                                           73       0       0       7   .text       
     i_temp                                      74       0       0       0   .text       
     n                                           7C       0       0       0   .text       
MODULE:                 -- menu_A_asm.obj --
- PROCEDURES:
     menu_A                                    E50F      7E     126       1   MyCode      
     menu_A_input                              E58D       A      10       1   MyCode      
     return                                    E597       1       1       0   MyCode      
- VARIABLES:
MODULE:                 -- menu_B_asm.obj --
- PROCEDURES:
     menu_B                                    E59D      A6     166       2   MyCode      
     menu_B_input                              E643      19      25       2   MyCode      
     store_digit                               E65C       5       5       0   MyCode      
     goto_sub_b                                E661       6       6       0   MyCode      
     return                                    E667       1       1       0   MyCode      
- VARIABLES:
     input                                       76       1       1       1   MY_ZEROPAGE 
     b_mode                                      77       1       1       2   MY_ZEROPAGE 
MODULE:                 -- menu_C_asm.obj --
- PROCEDURES:
     menu_C                                    E66D      92     146       1   MyCode      
     menu_C_input                              E6FF       A      10       1   MyCode      
     return                                    E709       1       1       0   MyCode      
- VARIABLES:
MODULE:                 -- menus_asm.obj --
- PROCEDURES:
     menu_1                                    E70F      3F      63       4   MyCode      
     menu_1_input                              E74E      12      18       1   MyCode      
     goto_menu_A                               E760       6       6       0   MyCode      
     goto_menu_B                               E766       6       6       0   MyCode      
     goto_menu_C                               E76C       7       7       0   MyCode      
- VARIABLES:
MODULE:                 -- modes_asm.obj --
- PROCEDURES:
     return                                    E77B       1       1       0   MyCode      
     mode_start                                E77C      12      18       3   MyCode      
     print_temp_time                           E78E      10      16       3   MyCode      
     mode_0                                    E79E      1C      28       2   MyCode      
     mode_1                                    E7BA      21      33       2   MyCode      
     mode_2                                    E7DB      21      33       2   MyCode      
     print_TEC_tag                             E7FC      38      56       1   MyCode      
     print_temp_tag                            E834      18      24       1   MyCode      
     print_time_tag                            E84C      27      39       1   MyCode      
     Delay                                     E873       3       3       4   MyCode      
     top                                       E876       7       7       0   MyCode      
     bottom                                    E87D       6       6       0   MyCode      
     done                                      E883       1       1       0   MyCode      
     Big_Delay                                 E884      25      37       1   MyCode      
- VARIABLES:
MODULE:                 -- rtc_driver_asm.obj --
- PROCEDURES:
     rtc_init                                  E8A9       4       4       1   MyCode      
     rtc_set_time_zero                         E8AD      28      40       4   MyCode      
     rtc_calc_tod                              E8D5      2C      44       0   MyCode      
     rtc_write_tod                             E901      22      34       0   MyCode      
     rtc_set_time                              E923      5F      95       1   MyCode      
     rtc_get_time                              E982      6F     111       1   MyCode      
     rtc_display_data                          E9F1      2A      42       1   MyCode      
     rtc_mask_data                             EA1B      64     100       1   MyCode      
     rtc_prompt_time                           EA7F      82     130       0   MyCode      
- VARIABLES:
     Sec                                         78       2       2      17   MY_ZEROPAGE 
     Min                                         7A       2       2      15   MY_ZEROPAGE 
     Hour                                        7C       2       2      12   MY_ZEROPAGE 
     Date                                        7E       2       2      12   MY_ZEROPAGE 
     Month                                       80       2       2      12   MY_ZEROPAGE 
     Year                                        82       2       2      12   MY_ZEROPAGE 
     TOD                                         84       2       2      13   MY_ZEROPAGE 
     rtc_epoch_delta                             86       2       2       0   MY_ZEROPAGE 
     Byte_counter                                88       1       1       1   MY_ZEROPAGE 
     str_date                                  EBAA       8       8       0   MY_CONST    
     str_date_length                           EBB2       1       1       0   MY_CONST    
     str_time                                  EBB3       8       8       0   MY_CONST    
     str_time_length                           EBBB       1       1       0   MY_CONST    
     str_prompt_row0                           EBBC      10      16       1   MY_CONST    
     str_prompt_row0_length                    EBCC       1       1       1   MY_CONST    
     str_prompt_row1                           EBCD      10      16       1   MY_CONST    
     str_prompt_row1_length                    EBDD       1       1       1   MY_CONST    
MODULE:                 -- sub_B_1_asm.obj --
- PROCEDURES:
     sub_B_1                                   EB0C      93     147       1   MyCode      
     sub_B_1_input                             EB9F       A      10       1   MyCode      
     return                                    EBA9       1       1       0   MyCode      
- VARIABLES:
     mode                                        89       1       1       0   MY_ZEROPAGE 
     input                                       8A       1       1       0   MY_ZEROPAGE 
     digit1                                      8B       1       1       1   MY_ZEROPAGE 
     digit2                                      8C       1       1       1   MY_ZEROPAGE 

*********************************************************************************************
MODULE STATISTIC
  Name                                      Data   Code  Const
---------------------------------------------------------------------------------------------
  bus_asm.obj                                  2     58      0
  i2c_driver_asm.obj                           2    153      0
  keypad_asm.obj                               5    352      0
  lcd_asm.obj                                  5    366      0
  led_asm.obj                                  1     36      0
  lm92_driver_asm.obj                          4    120      0
  main_asm.obj                                 3    205      0
  menu_A_asm.obj                               0    142      0
  menu_B_asm.obj                               2    208      0
  menu_C_asm.obj                               0    162      0
  menus_asm.obj                                0    105      0
  modes_asm.obj                                0    310      0
  rtc_driver_asm.obj                          17    600     52
  sub_B_1_asm.obj                              4    169      0
  other                                       64      2      0

*********************************************************************************************
SECTION USE IN OBJECT-ALLOCATION SECTION
---------------------------------------------------------------------------------------------
SECTION: ".text"
  XOR_Mask t m b i_temp n 
SECTION: ".init"
  main _Startup main_function goto_mode_0 goto_mode_1 goto_mode_2 
  continue_mode_0 continue_mode_1 continue_mode_2 SUB_delay SUB_delay_loop_0 
  SUB_delay_loop_1 SUB_delay_loop_2 SUB_delay_done 
SECTION: "MY_ZEROPAGE"
  bus_addr bus_data BitCounter Value keypad_data_0 keypad_data_1 
  keypad_data_0_old keypad_data_1_old keypad_data_cmp lcd_data lcd_char_data 
  lcd_col_idx lcd_addr str_length led_data Temp_Data_Raw Temp_c temp_k 
  SUB_delay_cnt input b_mode Sec Min Hour Date Month Year TOD rtc_epoch_delta 
  Byte_counter mode input digit1 digit2 
SECTION: "MyCode"
  bus_init bus_read bus_write i2c_init i2c_start i2c_stop i2c_tx_byte 
  tx_nextbit tx_setup tx_send_low tx_continue tx_ack_poll tx_done i2c_rx_byte 
  rx_nextbit rx_continue rx_low rx_ack rx_nack rx_done i2c_setup_delay 
  i2c_bit_delay keypad_scan keypad_interpret keypad_interpret_2 
  keypad_interpret_3 keypad_interpret_A keypad_interpret_lower_rows_jump 
  keypad_interpret_4 keypad_interpret_5 keypad_interpret_6 keypad_interpret_B 
  keypad_interpret_lower_rows keypad_interpret_8 keypad_interpret_9 
  keypad_interpret_C keypad_interpret_done_jump keypad_interpret_E 
  keypad_interpret_0 keypad_interpret_F keypad_interpret_D 
  keypad_interpret_done keypad_get_keypress done lcd_init lcd_write lcd_char 
  lcd_str lcd_str_loop lcd_num_to_char lcd_clear lcd_goto_addr lcd_goto_row0 
  lcd_goto_row1 led_write lm92_init lm92_read_temp lm92_write_lcd_K k_small 
  cont lm92_write_lcd_C menu_A menu_A_input return menu_B menu_B_input 
  store_digit goto_sub_b return menu_C menu_C_input return menu_1 menu_1_input 
  goto_menu_A goto_menu_B goto_menu_C return mode_start print_temp_time mode_0 
  mode_1 mode_2 print_TEC_tag print_temp_tag print_time_tag Delay top bottom 
  done Big_Delay rtc_init rtc_set_time_zero rtc_calc_tod rtc_write_tod 
  rtc_set_time rtc_get_time rtc_display_data rtc_mask_data rtc_prompt_time 
  sub_B_1 sub_B_1_input return 
SECTION: "MY_CONST"
  str_date str_date_length str_time str_time_length str_prompt_row0 
  str_prompt_row0_length str_prompt_row1 str_prompt_row1_length 

*********************************************************************************************
OBJECT LIST SORTED BY ADDRESS
     Name                                      Addr   hSize   dSize     Ref    Section   RLIB
---------------------------------------------------------------------------------------------
     XOR_Mask                                    10       0       0       0   .text       
     bus_addr                                    60       1       1      13   MY_ZEROPAGE 
     bus_data                                    61       1       1      13   MY_ZEROPAGE 
     BitCounter                                  62       1       1       5   MY_ZEROPAGE 
     Value                                       63       1       1       5   MY_ZEROPAGE 
     keypad_data_0                               64       1       1       5   MY_ZEROPAGE 
     keypad_data_1                               65       1       1       5   MY_ZEROPAGE 
     keypad_data_0_old                           66       1       1       2   MY_ZEROPAGE 
     keypad_data_1_old                           67       1       1       2   MY_ZEROPAGE 
     keypad_data_cmp                             68       1       1      18   MY_ZEROPAGE 
     lcd_data                                    69       1       1       3   MY_ZEROPAGE 
     lcd_char_data                               6A       1       1       2   MY_ZEROPAGE 
     lcd_col_idx                                 6B       1       1       0   MY_ZEROPAGE 
     lcd_addr                                    6C       1       1       2   MY_ZEROPAGE 
     str_length                                  6D       1       1       3   MY_ZEROPAGE 
     led_data                                    6E       1       1       5   MY_ZEROPAGE 
     Temp_Data_Raw                               6F       2       2       4   MY_ZEROPAGE 
     Temp_c                                      71       1       1       3   MY_ZEROPAGE 
     t                                           71       0       0       5   .text       
     temp_k                                      72       1       1       3   MY_ZEROPAGE 
     m                                           72       0       0       2   .text       
     SUB_delay_cnt                               73       3       3      11   MY_ZEROPAGE 
     b                                           73       0       0       7   .text       
     i_temp                                      74       0       0       0   .text       
     input                                       76       1       1       1   MY_ZEROPAGE 
     b_mode                                      77       1       1       2   MY_ZEROPAGE 
     Sec                                         78       2       2      17   MY_ZEROPAGE 
     Min                                         7A       2       2      15   MY_ZEROPAGE 
     Hour                                        7C       2       2      12   MY_ZEROPAGE 
     n                                           7C       0       0       0   .text       
     Date                                        7E       2       2      12   MY_ZEROPAGE 
     Month                                       80       2       2      12   MY_ZEROPAGE 
     Year                                        82       2       2      12   MY_ZEROPAGE 
     TOD                                         84       2       2      13   MY_ZEROPAGE 
     rtc_epoch_delta                             86       2       2       0   MY_ZEROPAGE 
     Byte_counter                                88       1       1       1   MY_ZEROPAGE 
     mode                                        89       1       1       0   MY_ZEROPAGE 
     input                                       8A       1       1       0   MY_ZEROPAGE 
     digit1                                      8B       1       1       1   MY_ZEROPAGE 
     digit2                                      8C       1       1       1   MY_ZEROPAGE 
     main                                      E000       0       0       0   .init       
     _Startup                                  E000      4A      74       0   .init       
     main_function                             E04A      20      32       7   .init       
     goto_mode_0                               E06A       B      11       0   .init       
     goto_mode_1                               E075       B      11       0   .init       
     goto_mode_2                               E080       B      11       0   .init       
     continue_mode_0                           E08B       6       6       0   .init       
     continue_mode_1                           E091       6       6       0   .init       
     continue_mode_2                           E097       6       6       0   .init       
     SUB_delay                                 E09D       6       6      10   .init       
     SUB_delay_loop_0                          E0A3       A      10       0   .init       
     SUB_delay_loop_1                          E0AD       C      12       0   .init       
     SUB_delay_loop_2                          E0B9      10      16       0   .init       
     SUB_delay_done                            E0C9       4       4       0   .init       
     bus_init                                  E0CD       A      10       0   MyCode      
     bus_read                                  E0D7      1A      26       4   MyCode      
     bus_write                                 E0F1      16      22       7   MyCode      
     i2c_init                                  E107       D      13       1   MyCode      
     i2c_start                                 E114       8       8       5   MyCode      
     i2c_stop                                  E11C       A      10       5   MyCode      
     i2c_tx_byte                               E126       4       4      15   MyCode      
     tx_nextbit                                E12A       8       8       0   MyCode      
     tx_setup                                  E132       7       7       0   MyCode      
     tx_send_low                               E139       7       7       0   MyCode      
     tx_continue                               E140       8       8       0   MyCode      
     tx_ack_poll                               E148       F      15       0   MyCode      
     tx_done                                   E157       5       5       0   MyCode      
     i2c_rx_byte                               E15C       A      10       9   MyCode      
     rx_nextbit                                E166      11      17       0   MyCode      
     rx_continue                               E177       0       0       0   MyCode      
     rx_low                                    E177       D      13       0   MyCode      
     rx_ack                                    E184       4       4       0   MyCode      
     rx_nack                                   E188       2       2       0   MyCode      
     rx_done                                   E18A       D      13       0   MyCode      
     i2c_setup_delay                           E197       3       3       5   MyCode      
     i2c_bit_delay                             E19A       6       6       6   MyCode      
     keypad_scan                               E1A0      8E     142       1   MyCode      
     keypad_interpret                          E22E      17      23       1   MyCode      
     keypad_interpret_2                        E245       A      10       0   MyCode      
     keypad_interpret_3                        E24F       A      10       0   MyCode      
     keypad_interpret_A                        E259       C      12       0   MyCode      
     keypad_interpret_lower_rows_jump          E265       2       2       0   MyCode      
     keypad_interpret_4                        E267       A      10       0   MyCode      
     keypad_interpret_5                        E271       A      10       0   MyCode      
     keypad_interpret_6                        E27B       A      10       0   MyCode      
     keypad_interpret_B                        E285       A      10       0   MyCode      
     keypad_interpret_lower_rows               E28F      16      22       0   MyCode      
     keypad_interpret_8                        E2A5       A      10       0   MyCode      
     keypad_interpret_9                        E2AF       A      10       0   MyCode      
     keypad_interpret_C                        E2B9       C      12       0   MyCode      
     keypad_interpret_done_jump                E2C5       2       2       0   MyCode      
     keypad_interpret_E                        E2C7       A      10       0   MyCode      
     keypad_interpret_0                        E2D1       A      10       0   MyCode      
     keypad_interpret_F                        E2DB       A      10       0   MyCode      
     keypad_interpret_D                        E2E5       A      10       0   MyCode      
     keypad_interpret_done                     E2EF       3       3       0   MyCode      
     keypad_get_keypress                       E2F2       D      13      18   MyCode      
     done                                      E2FF       1       1       0   MyCode      
     lcd_init                                  E300      9A     154       1   MyCode      
     lcd_write                                 E39A      39      57      22   MyCode      
     lcd_char                                  E3D3      2B      43     169   MyCode      
     lcd_str                                   E3FE       2       2       2   MyCode      
     lcd_str_loop                              E400      18      24       0   MyCode      
     lcd_num_to_char                           E418       3       3      11   MyCode      
     lcd_clear                                 E41B      2D      45       8   MyCode      
     lcd_goto_addr                             E448      10      16       6   MyCode      
     lcd_goto_row0                             E458       B      11       1   MyCode      
     lcd_goto_row1                             E463       B      11       6   MyCode      
     led_write                                 E46E      24      36       4   MyCode      
     lm92_init                                 E492       1       1       1   MyCode      
     lm92_read_temp                            E493      33      51       1   MyCode      
     lm92_write_lcd_K                          E4C6      11      17       1   MyCode      
     k_small                                   E4D7       9       9       0   MyCode      
     cont                                      E4E0      15      21       0   MyCode      
     lm92_write_lcd_C                          E4F5      15      21       0   MyCode      
     menu_A                                    E50F      7E     126       1   MyCode      
     menu_A_input                              E58D       A      10       1   MyCode      
     return                                    E597       1       1       0   MyCode      
     menu_B                                    E59D      A6     166       2   MyCode      
     menu_B_input                              E643      19      25       2   MyCode      
     store_digit                               E65C       5       5       0   MyCode      
     goto_sub_b                                E661       6       6       0   MyCode      
     return                                    E667       1       1       0   MyCode      
     menu_C                                    E66D      92     146       1   MyCode      
     menu_C_input                              E6FF       A      10       1   MyCode      
     return                                    E709       1       1       0   MyCode      
     menu_1                                    E70F      3F      63       4   MyCode      
     menu_1_input                              E74E      12      18       1   MyCode      
     goto_menu_A                               E760       6       6       0   MyCode      
     goto_menu_B                               E766       6       6       0   MyCode      
     goto_menu_C                               E76C       7       7       0   MyCode      
     return                                    E77B       1       1       0   MyCode      
     mode_start                                E77C      12      18       3   MyCode      
     print_temp_time                           E78E      10      16       3   MyCode      
     mode_0                                    E79E      1C      28       2   MyCode      
     mode_1                                    E7BA      21      33       2   MyCode      
     mode_2                                    E7DB      21      33       2   MyCode      
     print_TEC_tag                             E7FC      38      56       1   MyCode      
     print_temp_tag                            E834      18      24       1   MyCode      
     print_time_tag                            E84C      27      39       1   MyCode      
     Delay                                     E873       3       3       4   MyCode      
     top                                       E876       7       7       0   MyCode      
     bottom                                    E87D       6       6       0   MyCode      
     done                                      E883       1       1       0   MyCode      
     Big_Delay                                 E884      25      37       1   MyCode      
     rtc_init                                  E8A9       4       4       1   MyCode      
     rtc_set_time_zero                         E8AD      28      40       4   MyCode      
     rtc_calc_tod                              E8D5      2C      44       0   MyCode      
     rtc_write_tod                             E901      22      34       0   MyCode      
     rtc_set_time                              E923      5F      95       1   MyCode      
     rtc_get_time                              E982      6F     111       1   MyCode      
     rtc_display_data                          E9F1      2A      42       1   MyCode      
     rtc_mask_data                             EA1B      64     100       1   MyCode      
     rtc_prompt_time                           EA7F      82     130       0   MyCode      
     sub_B_1                                   EB0C      93     147       1   MyCode      
     sub_B_1_input                             EB9F       A      10       1   MyCode      
     return                                    EBA9       1       1       0   MyCode      
     str_date                                  EBAA       8       8       0   MY_CONST    
     str_date_length                           EBB2       1       1       0   MY_CONST    
     str_time                                  EBB3       8       8       0   MY_CONST    
     str_time_length                           EBBB       1       1       0   MY_CONST    
     str_prompt_row0                           EBBC      10      16       1   MY_CONST    
     str_prompt_row0_length                    EBCC       1       1       1   MY_CONST    
     str_prompt_row1                           EBCD      10      16       1   MY_CONST    
     str_prompt_row1_length                    EBDD       1       1       1   MY_CONST    

*********************************************************************************************
UNUSED-OBJECTS SECTION
---------------------------------------------------------------------------------------------
NOT USED PROCEDURES
functions_asm.obj:
  PTBDD_Upper_output PTBDD_Upper_input toggle_clock delay top bottom last 

*********************************************************************************************
COPYDOWN SECTION
---------------------------------------------------------------------------------------------

*********************************************************************************************
OBJECT-DEPENDENCIES SECTION
---------------------------------------------------------------------------------------------
_Startup                  USES __SEG_END_SSTACK lcd_init lcd_clear i2c_init 
                                rtc_init lm92_init menu_1 
main_function             USES keypad_get_keypress main_function 
goto_mode_0               USES rtc_set_time_zero mode_0 main_function 
goto_mode_1               USES rtc_set_time_zero mode_1 main_function 
goto_mode_2               USES rtc_set_time_zero mode_2 main_function 
continue_mode_0           USES mode_0 main_function 
continue_mode_1           USES mode_1 main_function 
continue_mode_2           USES mode_2 main_function 
SUB_delay                 USES SUB_delay_cnt 
bus_read                  USES bus_addr bus_data 
bus_write                 USES bus_data bus_addr 
i2c_init                  USES Value BitCounter 
i2c_start                 USES i2c_bit_delay 
i2c_stop                  USES i2c_bit_delay 
i2c_tx_byte               USES BitCounter 
tx_nextbit                USES i2c_setup_delay 
tx_setup                  USES i2c_bit_delay 
tx_send_low               USES i2c_setup_delay 
tx_continue               USES BitCounter 
tx_ack_poll               USES i2c_setup_delay i2c_bit_delay 
i2c_rx_byte               USES Value BitCounter 
rx_nextbit                USES i2c_bit_delay Value i2c_setup_delay 
rx_low                    USES BitCounter 
rx_done                   USES i2c_setup_delay i2c_bit_delay Value 
keypad_scan               USES keypad_data_0 keypad_data_0_old keypad_data_1 
                                keypad_data_1_old bus_addr bus_data bus_write bus_read 
keypad_interpret          USES keypad_data_0_old keypad_data_0 keypad_data_cmp 
keypad_interpret_2        USES keypad_data_cmp 
keypad_interpret_3        USES keypad_data_cmp 
keypad_interpret_A        USES keypad_data_cmp 
keypad_interpret_4        USES keypad_data_cmp 
keypad_interpret_5        USES keypad_data_cmp 
keypad_interpret_6        USES keypad_data_cmp 
keypad_interpret_B        USES keypad_data_cmp 
keypad_interpret_lower_rows USES keypad_data_1_old keypad_data_1 
                                keypad_data_cmp 
keypad_interpret_8        USES keypad_data_cmp 
keypad_interpret_9        USES keypad_data_cmp 
keypad_interpret_C        USES keypad_data_cmp 
keypad_interpret_E        USES keypad_data_cmp 
keypad_interpret_0        USES keypad_data_cmp 
keypad_interpret_F        USES keypad_data_cmp 
keypad_interpret_D        USES keypad_data_cmp 
keypad_get_keypress       USES led_write keypad_scan keypad_interpret 
lcd_init                  USES SUB_delay_cnt SUB_delay lcd_write 
lcd_write                 USES lcd_data bus_data bus_addr bus_write 
                                SUB_delay_cnt SUB_delay 
lcd_char                  USES lcd_char_data lcd_write SUB_delay_cnt SUB_delay 
lcd_str                   USES str_length 
lcd_str_loop              USES lcd_char str_length 
lcd_clear                 USES SUB_delay_cnt SUB_delay lcd_write 
lcd_goto_addr             USES lcd_addr lcd_write 
lcd_goto_row0             USES lcd_write 
lcd_goto_row1             USES lcd_write 
led_write                 USES bus_addr led_data bus_data bus_write 
lm92_read_temp            USES i2c_start i2c_tx_byte i2c_stop i2c_rx_byte 
                                Temp_Data_Raw Temp_c 
lm92_write_lcd_K          USES Temp_c temp_k lcd_char 
k_small                   USES temp_k lcd_char 
cont                      USES temp_k lcd_num_to_char lcd_char 
lm92_write_lcd_C          USES Temp_c lcd_num_to_char lcd_char 
menu_A                    USES lcd_clear lcd_char lcd_goto_row1 
menu_A_input              USES keypad_get_keypress menu_A_input 
menu_B                    USES lcd_clear lcd_char lcd_goto_row1 
menu_B_input              USES keypad_get_keypress b_mode menu_B_input 
store_digit               USES input menu_B_input 
goto_sub_b                USES sub_B_1 menu_B 
menu_C                    USES lcd_clear lcd_char lcd_goto_row1 
menu_C_input              USES keypad_get_keypress menu_C_input 
menu_1                    USES lcd_clear lcd_char 
menu_1_input              USES keypad_get_keypress menu_1_input 
goto_menu_A               USES menu_A menu_1 
goto_menu_B               USES menu_B menu_1 
goto_menu_C               USES menu_C menu_1 
mode_start                USES Big_Delay rtc_get_time lcd_clear print_TEC_tag 
print_temp_time           USES print_temp_tag lm92_read_temp lm92_write_lcd_K 
                                print_time_tag rtc_display_data 
mode_0                    USES mode_start lcd_char print_temp_time led_data 
                                led_write 
mode_1                    USES mode_start lcd_char print_temp_time led_data 
                                led_write 
mode_2                    USES mode_start lcd_char print_temp_time led_data 
                                led_write 
print_TEC_tag             USES lcd_char 
print_temp_tag            USES lcd_goto_row1 lcd_char 
print_time_tag            USES lcd_char SUB_delay_cnt SUB_delay 
Delay                     USES b m 
top                       USES t m b 
bottom                    USES b 
Big_Delay                 USES t b Delay 
rtc_init                  USES rtc_set_time_zero 
rtc_set_time_zero         USES Sec Min Hour Date Month Year rtc_set_time 
rtc_calc_tod              USES TOD Sec Min 
rtc_write_tod             USES TOD lcd_num_to_char lcd_char 
rtc_set_time              USES i2c_start i2c_tx_byte Sec Min Hour Date Month 
                                Year i2c_stop 
rtc_get_time              USES i2c_start i2c_tx_byte i2c_stop Byte_counter 
                                i2c_rx_byte Sec Min Hour Date Month Year rtc_mask_data 
rtc_display_data          USES Min lcd_num_to_char lcd_char Sec 
rtc_mask_data             USES Sec Min Hour Date Month Year 
rtc_prompt_time           USES lcd_clear lcd_goto_row0 str_prompt_row0 
                                str_prompt_row0_length lcd_str lcd_goto_row1 str_prompt_row1 
                                str_prompt_row1_length lcd_goto_addr keypad_get_keypress Month Date 
                                Year Hour Min Sec 
sub_B_1                   USES lcd_clear b_mode lcd_char lcd_goto_row1 
sub_B_1_input             USES keypad_get_keypress sub_B_1_input 

*********************************************************************************************
DEPENDENCY TREE
*********************************************************************************************
 main and _Startup Group
 | 
 +- main                
 |    
 +- _Startup            
    | 
    +- lcd_init            
    |  | 
    |  +- SUB_delay           
    |  |    
    |  +- lcd_write           
    |     | 
    |     +- bus_write           
    |     |    
    |     +- SUB_delay            (see above)
    |        
    +- lcd_clear           
    |  | 
    |  +- SUB_delay            (see above)
    |  |  
    |  +- lcd_write            (see above)
    |     
    +- i2c_init            
    |    
    +- rtc_init            
    |  | 
    |  +- rtc_set_time_zero   
    |     | 
    |     +- rtc_set_time        
    |        | 
    |        +- i2c_start           
    |        |  | 
    |        |  +- i2c_bit_delay       
    |        |       
    |        +- i2c_tx_byte         
    |        |    
    |        +- i2c_stop            
    |           | 
    |           +- i2c_bit_delay        (see above)
    |              
    +- lm92_init           
    |    
    +- menu_1              
       | 
       +- lcd_clear            (see above)
       |  
       +- lcd_char            
          | 
          +- lcd_write            (see above)
          |  
          +- SUB_delay            (see above)
             
*********************************************************************************************
STATISTIC SECTION
---------------------------------------------------------------------------------------------

ExeFile:
--------
Number of blocks to be downloaded: 4
Total size of all blocks to be downloaded: 3040

