*** EVALUATION ***
PROGRAM "LAB7.abs"

*********************************************************************************************
TARGET SECTION
---------------------------------------------------------------------------------------------
Processor   : Freescale HC08
Memory Model: SMALL
File Format : ELF\DWARF 2.0
Linker      : SmartLinker V-5.0.51 Build 14019, Jan 20 2014

*********************************************************************************************
FILE SECTION
---------------------------------------------------------------------------------------------
bus_asm.obj                             Model: SMALL,         Lang: Assembler
functions_asm.obj                       Model: SMALL,         Lang: Assembler
i2c_driver_asm.obj                      Model: SMALL,         Lang: Assembler
keypad_asm.obj                          Model: SMALL,         Lang: Assembler
lcd_asm.obj                             Model: SMALL,         Lang: Assembler
led_asm.obj                             Model: SMALL,         Lang: Assembler
lm92_driver_asm.obj                     Model: SMALL,         Lang: Assembler
main_asm.obj                            Model: SMALL,         Lang: Assembler
menu_A_asm.obj                          Model: SMALL,         Lang: Assembler
menu_B_asm.obj                          Model: SMALL,         Lang: Assembler
menu_C_asm.obj                          Model: SMALL,         Lang: Assembler
menus_asm.obj                           Model: SMALL,         Lang: Assembler
rtc_driver_asm.obj                      Model: SMALL,         Lang: Assembler
sub_A_1_asm.obj                         Model: SMALL,         Lang: Assembler
sub_B_1_asm.obj                         Model: SMALL,         Lang: Assembler
sub_B_2_asm.obj                         Model: SMALL,         Lang: Assembler

*********************************************************************************************
STARTUP SECTION
---------------------------------------------------------------------------------------------
Entry point: 0xE000 (_Startup)

*********************************************************************************************
SECTION-ALLOCATION SECTION
Section Name                    Size  Type     From       To       Segment
---------------------------------------------------------------------------------------------
.init                            122     R     0xE000     0xE079   ROM
MY_ZEROPAGE                       61   R/W       0x60       0x9C   Z_RAM
MyCode                          3730     R     0xE07A     0xEF0B   ROM
MY_CONST                          52     R     0xEF0C     0xEF3F   ROM
.stack                            64   R/W      0x100      0x13F   RAM
.vectSeg0_vect                     2     R     0xFFFE     0xFFFF   .vectSeg0

Summary of section sizes per section type:
READ_ONLY (R):         F42 (dec:     3906)
READ_WRITE (R/W):       7D (dec:      125)

*********************************************************************************************
VECTOR-ALLOCATION SECTION
    Address     InitValue   InitFunction
---------------------------------------------------------------------------------------------
     0xFFFE        0xE000   _Startup

*********************************************************************************************
OBJECT-ALLOCATION SECTION
     Name               Module                 Addr   hSize   dSize     Ref    Section   RLIB
---------------------------------------------------------------------------------------------
MODULE:                 -- bus_asm.obj --
- PROCEDURES:
     bus_init                                  E07A       A      10       0   MyCode      
     bus_read                                  E084      1A      26       4   MyCode      
     bus_write                                 E09E      16      22       7   MyCode      
- VARIABLES:
     bus_addr                                    60       1       1      13   MY_ZEROPAGE 
     bus_data                                    61       1       1      13   MY_ZEROPAGE 
MODULE:                 -- functions_asm.obj --
- PROCEDURES:
- VARIABLES:
- LABELS:
     __SEG_END_SSTACK                           140       0       0       1               
MODULE:                 -- i2c_driver_asm.obj --
- PROCEDURES:
     i2c_init                                  E0B4       D      13       1   MyCode      
     i2c_start                                 E0C1       8       8       5   MyCode      
     i2c_stop                                  E0C9       D      13       5   MyCode      
     i2c_tx_byte                               E0D6       4       4      15   MyCode      
     tx_nextbit                                E0DA       8       8       0   MyCode      
     tx_setup                                  E0E2       7       7       0   MyCode      
     tx_send_low                               E0E9       7       7       0   MyCode      
     tx_continue                               E0F0       8       8       0   MyCode      
     tx_ack_poll                               E0F8       F      15       0   MyCode      
     tx_done                                   E107       5       5       0   MyCode      
     i2c_rx_byte                               E10C       A      10       9   MyCode      
     rx_nextbit                                E116      11      17       0   MyCode      
     rx_low                                    E127       D      13       0   MyCode      
     rx_continue                               E127       0       0       0   MyCode      
     rx_ack                                    E134       4       4       0   MyCode      
     rx_nack                                   E138       2       2       0   MyCode      
     rx_done                                   E13A       D      13       0   MyCode      
     i2c_rx_byte_nack                          E147      32      50       0   MyCode      
     i2c_setup_delay                           E179       3       3       7   MyCode      
     i2c_bit_delay                             E17C       6       6      12   MyCode      
- VARIABLES:
     BitCounter                                  62       1       1       7   MY_ZEROPAGE 
     Value                                       63       1       1       9   MY_ZEROPAGE 
MODULE:                 -- keypad_asm.obj --
- PROCEDURES:
     keypad_scan                               E182      8E     142       1   MyCode      
     keypad_interpret                          E210      17      23       1   MyCode      
     keypad_interpret_2                        E227       A      10       0   MyCode      
     keypad_interpret_3                        E231       A      10       0   MyCode      
     keypad_interpret_A                        E23B       C      12       0   MyCode      
     keypad_interpret_lower_rows_jump          E247       2       2       0   MyCode      
     keypad_interpret_4                        E249       A      10       0   MyCode      
     keypad_interpret_5                        E253       A      10       0   MyCode      
     keypad_interpret_6                        E25D       A      10       0   MyCode      
     keypad_interpret_B                        E267       A      10       0   MyCode      
     keypad_interpret_lower_rows               E271      16      22       0   MyCode      
     keypad_interpret_8                        E287       A      10       0   MyCode      
     keypad_interpret_9                        E291       A      10       0   MyCode      
     keypad_interpret_C                        E29B       C      12       0   MyCode      
     keypad_interpret_done_jump                E2A7       2       2       0   MyCode      
     keypad_interpret_E                        E2A9       A      10       0   MyCode      
     keypad_interpret_0                        E2B3       A      10       0   MyCode      
     keypad_interpret_F                        E2BD       A      10       0   MyCode      
     keypad_interpret_D                        E2C7       A      10       0   MyCode      
     keypad_interpret_done                     E2D1       3       3       0   MyCode      
     keypad_get_keypress                       E2D4       D      13      19   MyCode      
     done                                      E2E1       1       1       0   MyCode      
- VARIABLES:
     keypad_data_0                               64       1       1       5   MY_ZEROPAGE 
     keypad_data_1                               65       1       1       5   MY_ZEROPAGE 
     keypad_data_0_old                           66       1       1       2   MY_ZEROPAGE 
     keypad_data_1_old                           67       1       1       2   MY_ZEROPAGE 
     keypad_data_cmp                             68       1       1      18   MY_ZEROPAGE 
MODULE:                 -- lcd_asm.obj --
- PROCEDURES:
     lcd_init                                  E2E2      9A     154       1   MyCode      
     lcd_write                                 E37C      39      57      22   MyCode      
     lcd_char                                  E3B5      2B      43     199   MyCode      
     lcd_str                                   E3E0       2       2       2   MyCode      
     lcd_str_loop                              E3E2      18      24       0   MyCode      
     lcd_num_to_char                           E3FA       3       3      11   MyCode      
     lcd_clear                                 E3FD      2D      45       9   MyCode      
     lcd_goto_addr                             E42A      10      16      10   MyCode      
     lcd_goto_row0                             E43A       B      11       1   MyCode      
     lcd_goto_row1                             E445       B      11       7   MyCode      
- VARIABLES:
     lcd_data                                    69       1       1       3   MY_ZEROPAGE 
     lcd_char_data                               6A       1       1       2   MY_ZEROPAGE 
     lcd_col_idx                                 6B       1       1       0   MY_ZEROPAGE 
     lcd_addr                                    6C       1       1       2   MY_ZEROPAGE 
     str_length                                  6D       1       1       3   MY_ZEROPAGE 
MODULE:                 -- led_asm.obj --
- PROCEDURES:
     led_write                                 E450      24      36       8   MyCode      
- VARIABLES:
     led_data                                    6E       1       1       9   MY_ZEROPAGE 
MODULE:                 -- lm92_driver_asm.obj --
- PROCEDURES:
     lm92_init                                 E474       1       1       0   MyCode      
     lm92_read_temp                            E475      3C      60       2   MyCode      
     lm92_write_lcd_K                          E4B1      11      17       0   MyCode      
     k_small                                   E4C2       9       9       0   MyCode      
     cont                                      E4CB      15      21       0   MyCode      
     lm92_write_lcd_C                          E4E0      15      21       2   MyCode      
- VARIABLES:
     Temp_Data_Raw                               6F       2       2       4   MY_ZEROPAGE 
     Temp_c                                      71       1       1       3   MY_ZEROPAGE 
     temp_k                                      72       1       1       3   MY_ZEROPAGE 
MODULE:                 -- main_asm.obj --
- PROCEDURES:
     _Startup                                  E000      4A      74       0   .init       
     main                                      E000       0       0       0   .init       
     main_function                             E04A       3       3       1   .init       
     SUB_delay                                 E04D       6       6       9   .init       
     SUB_delay_loop_0                          E053       7       7       0   .init       
     SUB_delay_loop_1                          E05A       C      12       0   .init       
     SUB_delay_loop_2                          E066      10      16       0   .init       
     SUB_delay_done                            E076       4       4       0   .init       
- VARIABLES:
     SUB_delay_cnt                               73       3       3      10   MY_ZEROPAGE 
- LABELS:
     XOR_Mask                                    10       0       0       0   .text       
     t                                           71       0       0      10   .text       
     m                                           72       0       0       4   .text       
     b                                           73       0       0      14   .text       
     i_temp                                      74       0       0       0   .text       
     n                                           7C       0       0       0   .text       
MODULE:                 -- menu_A_asm.obj --
- PROCEDURES:
     menu_A                                    E4F5      8A     138       2   MyCode      
     menu_A_input                              E57F      46      70       2   MyCode      
     return                                    E5C5       1       1       0   MyCode      
     input_done                                E5C6       6       6       0   MyCode      
     0                                         E5CC       9       9       0   MyCode      
     1                                         E5D5       9       9       0   MyCode      
     2                                         E5DE       9       9       0   MyCode      
     3                                         E5E7       9       9       0   MyCode      
     4                                         E5F0       9       9       0   MyCode      
     5                                         E5F9       9       9       0   MyCode      
     6                                         E602       9       9       0   MyCode      
     7                                         E60B       9       9       0   MyCode      
     8                                         E614       9       9       0   MyCode      
     9                                         E61D       9       9       0   MyCode      
     set_digits                                E626       F      15      10   MyCode      
     set_digits_mid                            E635      1E      30       2   MyCode      
     set_digit_1                               E653       9       9       0   MyCode      
     set_digit_2                               E65C       9       9       0   MyCode      
     roll_digits                               E665       D      13       1   MyCode      
- VARIABLES:
     input                                       76       1       1      13   MY_ZEROPAGE 
     char_in                                     77       1       1      13   MY_ZEROPAGE 
     digit1                                      78       1       1       6   MY_ZEROPAGE 
     digit2                                      79       1       1       5   MY_ZEROPAGE 
     A_char1                                     7A       1       1       6   MY_ZEROPAGE 
     A_char2                                     7B       1       1       5   MY_ZEROPAGE 
     A_output                                    7C       1       1       3   MY_ZEROPAGE 
MODULE:                 -- menu_B_asm.obj --
- PROCEDURES:
     menu_B                                    E672      A9     169       2   MyCode      
     menu_B_input                              E71B      16      22       4   MyCode      
     0_pressed                                 E731       6       6       0   MyCode      
     1_pressed                                 E737       6       6       0   MyCode      
     check_sub_b                               E73D       E      14       0   MyCode      
     goto_sub_b                                E74B       6       6       0   MyCode      
     return                                    E751       1       1       0   MyCode      
- VARIABLES:
     input                                       7D       1       1       0   MY_ZEROPAGE 
     b_mode                                      7E       1       1       5   MY_ZEROPAGE 
MODULE:                 -- menu_C_asm.obj --
- PROCEDURES:
     menu_C                                    E752      92     146       1   MyCode      
     menu_C_input                              E7E4       A      10       1   MyCode      
     return                                    E7EE       1       1       0   MyCode      
- VARIABLES:
MODULE:                 -- menus_asm.obj --
- PROCEDURES:
     menu_1                                    E7EF      3F      63       4   MyCode      
     menu_1_input                              E82E      12      18       1   MyCode      
     goto_menu_A                               E840       6       6       0   MyCode      
     goto_menu_B                               E846       6       6       0   MyCode      
     goto_menu_C                               E84C       7       7       0   MyCode      
- VARIABLES:
MODULE:                 -- rtc_driver_asm.obj --
- PROCEDURES:
     rtc_init                                  E853       4       4       0   MyCode      
     rtc_set_time_zero                         E857      28      40       3   MyCode      
     rtc_calc_tod                              E87F      2C      44       0   MyCode      
     rtc_write_tod                             E8AB      22      34       0   MyCode      
     rtc_set_time                              E8CD      5F      95       1   MyCode      
     rtc_get_time                              E92C      6F     111       2   MyCode      
     rtc_display_data                          E99B      2A      42       0   MyCode      
     rtc_mask_data                             E9C5      64     100       1   MyCode      
     rtc_prompt_time                           EA29      82     130       0   MyCode      
- VARIABLES:
     Sec                                         7F       2       2      19   MY_ZEROPAGE 
     Min                                         81       2       2      15   MY_ZEROPAGE 
     Hour                                        83       2       2      12   MY_ZEROPAGE 
     Date                                        85       2       2      12   MY_ZEROPAGE 
     Month                                       87       2       2      12   MY_ZEROPAGE 
     Year                                        89       2       2      12   MY_ZEROPAGE 
     TOD                                         8B       2       2      13   MY_ZEROPAGE 
     rtc_epoch_delta                             8D       2       2       0   MY_ZEROPAGE 
     Byte_counter                                8F       1       1       1   MY_ZEROPAGE 
     str_date                                  EF0C       8       8       0   MY_CONST    
     str_date_length                           EF14       1       1       0   MY_CONST    
     str_time                                  EF15       8       8       0   MY_CONST    
     str_time_length                           EF1D       1       1       0   MY_CONST    
     str_prompt_row0                           EF1E      10      16       1   MY_CONST    
     str_prompt_row0_length                    EF2E       1       1       1   MY_CONST    
     str_prompt_row1                           EF2F      10      16       1   MY_CONST    
     str_prompt_row1_length                    EF3F       1       1       1   MY_CONST    
MODULE:                 -- sub_A_1_asm.obj --
- PROCEDURES:
     print_heating                             EAAB      2C      44       0   MyCode      
     print_cooling                             EAD7      2C      44       1   MyCode      
     sub_A_1                                   EB03      1F      31       1   MyCode      
     sub_A_1_mid                               EB22      3C      60       2   MyCode      
     get_input                                 EB5E      14      20       2   MyCode      
     print_temp                                EB72      25      37       0   MyCode      
     return                                    EB97       7       7       0   MyCode      
     Delay                                     EB9E       3       3       4   MyCode      
     top                                       EBA1       7       7       0   MyCode      
     bottom                                    EBA8       6       6       0   MyCode      
     done                                      EBAE       1       1       0   MyCode      
     Big_Delay                                 EBAF      25      37      12   MyCode      
     Bigger_Delay                              EBD4      3E      62      10   MyCode      
- VARIABLES:
     old_time                                    90       1       1       2   MY_ZEROPAGE 
     current_temp                                91       1       1       3   MY_ZEROPAGE 
     seconds                                     92       1       1       0   MY_ZEROPAGE 
MODULE:                 -- sub_B_1_asm.obj --
- PROCEDURES:
     sub_B_1                                   EC12      99     153       2   MyCode      
     sub_B_1_input                             ECAB      46      70       2   MyCode      
     return                                    ECF1       1       1       0   MyCode      
     input_done                                ECF2       6       6       0   MyCode      
     0                                         ECF8       9       9       0   MyCode      
     1                                         ED01       9       9       0   MyCode      
     2                                         ED0A       9       9       0   MyCode      
     3                                         ED13       9       9       0   MyCode      
     4                                         ED1C       9       9       0   MyCode      
     5                                         ED25       9       9       0   MyCode      
     6                                         ED2E       9       9       0   MyCode      
     7                                         ED37       9       9       0   MyCode      
     8                                         ED40       9       9       0   MyCode      
     9                                         ED49       9       9       0   MyCode      
     set_digits                                ED52       F      15      10   MyCode      
     set_digits_mid                            ED61      1E      30       2   MyCode      
     set_digit_1                               ED7F       9       9       0   MyCode      
     set_digit_2                               ED88       9       9       0   MyCode      
     roll_digits                               ED91       D      13       1   MyCode      
- VARIABLES:
     input                                       93       1       1      13   MY_ZEROPAGE 
     char_in                                     94       1       1      13   MY_ZEROPAGE 
     digit1                                      95       1       1       6   MY_ZEROPAGE 
     digit2                                      96       1       1       5   MY_ZEROPAGE 
     sub_B_1_char1                               97       1       1       6   MY_ZEROPAGE 
     sub_B_1_char2                               98       1       1       5   MY_ZEROPAGE 
     B_1_output                                  99       1       1       2   MY_ZEROPAGE 
MODULE:                 -- sub_B_2_asm.obj --
- PROCEDURES:
     print_heating                             ED9E      2C      44       0   MyCode      
     print_cooling                             EDCA      2C      44       0   MyCode      
     sub_B_2                                   EDF6      20      32       1   MyCode      
     sub_B_2_mid                               EE16      37      55       2   MyCode      
     get_input                                 EE4D      14      20       2   MyCode      
     print_temp                                EE61      30      48       0   MyCode      
     return                                    EE91       7       7       0   MyCode      
     Delay                                     EE98       3       3       4   MyCode      
     top                                       EE9B       7       7       0   MyCode      
     bottom                                    EEA2       6       6       0   MyCode      
     done                                      EEA8       1       1       0   MyCode      
     Big_Delay                                 EEA9      25      37      12   MyCode      
     Bigger_Delay                              EECE      3E      62      10   MyCode      
- VARIABLES:
     old_time                                    9A       1       1       2   MY_ZEROPAGE 
     current_temp                                9B       1       1       2   MY_ZEROPAGE 
     seconds                                     9C       1       1       1   MY_ZEROPAGE 

*********************************************************************************************
MODULE STATISTIC
  Name                                      Data   Code  Const
---------------------------------------------------------------------------------------------
  bus_asm.obj                                  2     58      0
  i2c_driver_asm.obj                           2    206      0
  keypad_asm.obj                               5    352      0
  lcd_asm.obj                                  5    366      0
  led_asm.obj                                  1     36      0
  lm92_driver_asm.obj                          4    129      0
  main_asm.obj                                 3    122      0
  menu_A_asm.obj                               7    381      0
  menu_B_asm.obj                               2    224      0
  menu_C_asm.obj                               0    157      0
  menus_asm.obj                                0    100      0
  rtc_driver_asm.obj                          17    600     52
  sub_A_1_asm.obj                              3    359      0
  sub_B_1_asm.obj                              7    396      0
  sub_B_2_asm.obj                              3    366      0
  other                                       64      2      0

*********************************************************************************************
SECTION USE IN OBJECT-ALLOCATION SECTION
---------------------------------------------------------------------------------------------
SECTION: ".text"
  XOR_Mask t m b i_temp n 
SECTION: ".init"
  main _Startup main_function SUB_delay SUB_delay_loop_0 SUB_delay_loop_1 
  SUB_delay_loop_2 SUB_delay_done 
SECTION: "MY_ZEROPAGE"
  bus_addr bus_data BitCounter Value keypad_data_0 keypad_data_1 
  keypad_data_0_old keypad_data_1_old keypad_data_cmp lcd_data lcd_char_data 
  lcd_col_idx lcd_addr str_length led_data Temp_Data_Raw Temp_c temp_k 
  SUB_delay_cnt input char_in digit1 digit2 A_char1 A_char2 A_output input 
  b_mode Sec Min Hour Date Month Year TOD rtc_epoch_delta Byte_counter old_time 
  current_temp seconds input char_in digit1 digit2 sub_B_1_char1 sub_B_1_char2 
  B_1_output old_time current_temp seconds 
SECTION: "MyCode"
  bus_init bus_read bus_write i2c_init i2c_start i2c_stop i2c_tx_byte 
  tx_nextbit tx_setup tx_send_low tx_continue tx_ack_poll tx_done i2c_rx_byte 
  rx_nextbit rx_continue rx_low rx_ack rx_nack rx_done i2c_rx_byte_nack 
  i2c_setup_delay i2c_bit_delay keypad_scan keypad_interpret keypad_interpret_2 
  keypad_interpret_3 keypad_interpret_A keypad_interpret_lower_rows_jump 
  keypad_interpret_4 keypad_interpret_5 keypad_interpret_6 keypad_interpret_B 
  keypad_interpret_lower_rows keypad_interpret_8 keypad_interpret_9 
  keypad_interpret_C keypad_interpret_done_jump keypad_interpret_E 
  keypad_interpret_0 keypad_interpret_F keypad_interpret_D 
  keypad_interpret_done keypad_get_keypress done lcd_init lcd_write lcd_char 
  lcd_str lcd_str_loop lcd_num_to_char lcd_clear lcd_goto_addr lcd_goto_row0 
  lcd_goto_row1 led_write lm92_init lm92_read_temp lm92_write_lcd_K k_small 
  cont lm92_write_lcd_C menu_A menu_A_input return input_done 0 1 2 3 4 5 6 7 8 
  9 set_digits set_digits_mid set_digit_1 set_digit_2 roll_digits menu_B 
  menu_B_input 0_pressed 1_pressed check_sub_b goto_sub_b return menu_C 
  menu_C_input return menu_1 menu_1_input goto_menu_A goto_menu_B goto_menu_C 
  rtc_init rtc_set_time_zero rtc_calc_tod rtc_write_tod rtc_set_time 
  rtc_get_time rtc_display_data rtc_mask_data rtc_prompt_time print_heating 
  print_cooling sub_A_1 sub_A_1_mid get_input print_temp return Delay top 
  bottom done Big_Delay Bigger_Delay sub_B_1 sub_B_1_input return input_done 0 
  1 2 3 4 5 6 7 8 9 set_digits set_digits_mid set_digit_1 set_digit_2 
  roll_digits print_heating print_cooling sub_B_2 sub_B_2_mid get_input 
  print_temp return Delay top bottom done Big_Delay Bigger_Delay 
SECTION: "MY_CONST"
  str_date str_date_length str_time str_time_length str_prompt_row0 
  str_prompt_row0_length str_prompt_row1 str_prompt_row1_length 

*********************************************************************************************
OBJECT LIST SORTED BY ADDRESS
     Name                                      Addr   hSize   dSize     Ref    Section   RLIB
---------------------------------------------------------------------------------------------
     XOR_Mask                                    10       0       0       0   .text       
     bus_addr                                    60       1       1      13   MY_ZEROPAGE 
     bus_data                                    61       1       1      13   MY_ZEROPAGE 
     BitCounter                                  62       1       1       7   MY_ZEROPAGE 
     Value                                       63       1       1       9   MY_ZEROPAGE 
     keypad_data_0                               64       1       1       5   MY_ZEROPAGE 
     keypad_data_1                               65       1       1       5   MY_ZEROPAGE 
     keypad_data_0_old                           66       1       1       2   MY_ZEROPAGE 
     keypad_data_1_old                           67       1       1       2   MY_ZEROPAGE 
     keypad_data_cmp                             68       1       1      18   MY_ZEROPAGE 
     lcd_data                                    69       1       1       3   MY_ZEROPAGE 
     lcd_char_data                               6A       1       1       2   MY_ZEROPAGE 
     lcd_col_idx                                 6B       1       1       0   MY_ZEROPAGE 
     lcd_addr                                    6C       1       1       2   MY_ZEROPAGE 
     str_length                                  6D       1       1       3   MY_ZEROPAGE 
     led_data                                    6E       1       1       9   MY_ZEROPAGE 
     Temp_Data_Raw                               6F       2       2       4   MY_ZEROPAGE 
     Temp_c                                      71       1       1       3   MY_ZEROPAGE 
     t                                           71       0       0      10   .text       
     temp_k                                      72       1       1       3   MY_ZEROPAGE 
     m                                           72       0       0       4   .text       
     SUB_delay_cnt                               73       3       3      10   MY_ZEROPAGE 
     b                                           73       0       0      14   .text       
     i_temp                                      74       0       0       0   .text       
     input                                       76       1       1      13   MY_ZEROPAGE 
     char_in                                     77       1       1      13   MY_ZEROPAGE 
     digit1                                      78       1       1       6   MY_ZEROPAGE 
     digit2                                      79       1       1       5   MY_ZEROPAGE 
     A_char1                                     7A       1       1       6   MY_ZEROPAGE 
     A_char2                                     7B       1       1       5   MY_ZEROPAGE 
     A_output                                    7C       1       1       3   MY_ZEROPAGE 
     n                                           7C       0       0       0   .text       
     input                                       7D       1       1       0   MY_ZEROPAGE 
     b_mode                                      7E       1       1       5   MY_ZEROPAGE 
     Sec                                         7F       2       2      19   MY_ZEROPAGE 
     Min                                         81       2       2      15   MY_ZEROPAGE 
     Hour                                        83       2       2      12   MY_ZEROPAGE 
     Date                                        85       2       2      12   MY_ZEROPAGE 
     Month                                       87       2       2      12   MY_ZEROPAGE 
     Year                                        89       2       2      12   MY_ZEROPAGE 
     TOD                                         8B       2       2      13   MY_ZEROPAGE 
     rtc_epoch_delta                             8D       2       2       0   MY_ZEROPAGE 
     Byte_counter                                8F       1       1       1   MY_ZEROPAGE 
     old_time                                    90       1       1       2   MY_ZEROPAGE 
     current_temp                                91       1       1       3   MY_ZEROPAGE 
     seconds                                     92       1       1       0   MY_ZEROPAGE 
     input                                       93       1       1      13   MY_ZEROPAGE 
     char_in                                     94       1       1      13   MY_ZEROPAGE 
     digit1                                      95       1       1       6   MY_ZEROPAGE 
     digit2                                      96       1       1       5   MY_ZEROPAGE 
     sub_B_1_char1                               97       1       1       6   MY_ZEROPAGE 
     sub_B_1_char2                               98       1       1       5   MY_ZEROPAGE 
     B_1_output                                  99       1       1       2   MY_ZEROPAGE 
     old_time                                    9A       1       1       2   MY_ZEROPAGE 
     current_temp                                9B       1       1       2   MY_ZEROPAGE 
     seconds                                     9C       1       1       1   MY_ZEROPAGE 
     main                                      E000       0       0       0   .init       
     _Startup                                  E000      4A      74       0   .init       
     main_function                             E04A       3       3       1   .init       
     SUB_delay                                 E04D       6       6       9   .init       
     SUB_delay_loop_0                          E053       7       7       0   .init       
     SUB_delay_loop_1                          E05A       C      12       0   .init       
     SUB_delay_loop_2                          E066      10      16       0   .init       
     SUB_delay_done                            E076       4       4       0   .init       
     bus_init                                  E07A       A      10       0   MyCode      
     bus_read                                  E084      1A      26       4   MyCode      
     bus_write                                 E09E      16      22       7   MyCode      
     i2c_init                                  E0B4       D      13       1   MyCode      
     i2c_start                                 E0C1       8       8       5   MyCode      
     i2c_stop                                  E0C9       D      13       5   MyCode      
     i2c_tx_byte                               E0D6       4       4      15   MyCode      
     tx_nextbit                                E0DA       8       8       0   MyCode      
     tx_setup                                  E0E2       7       7       0   MyCode      
     tx_send_low                               E0E9       7       7       0   MyCode      
     tx_continue                               E0F0       8       8       0   MyCode      
     tx_ack_poll                               E0F8       F      15       0   MyCode      
     tx_done                                   E107       5       5       0   MyCode      
     i2c_rx_byte                               E10C       A      10       9   MyCode      
     rx_nextbit                                E116      11      17       0   MyCode      
     rx_continue                               E127       0       0       0   MyCode      
     rx_low                                    E127       D      13       0   MyCode      
     rx_ack                                    E134       4       4       0   MyCode      
     rx_nack                                   E138       2       2       0   MyCode      
     rx_done                                   E13A       D      13       0   MyCode      
     i2c_rx_byte_nack                          E147      32      50       0   MyCode      
     i2c_setup_delay                           E179       3       3       7   MyCode      
     i2c_bit_delay                             E17C       6       6      12   MyCode      
     keypad_scan                               E182      8E     142       1   MyCode      
     keypad_interpret                          E210      17      23       1   MyCode      
     keypad_interpret_2                        E227       A      10       0   MyCode      
     keypad_interpret_3                        E231       A      10       0   MyCode      
     keypad_interpret_A                        E23B       C      12       0   MyCode      
     keypad_interpret_lower_rows_jump          E247       2       2       0   MyCode      
     keypad_interpret_4                        E249       A      10       0   MyCode      
     keypad_interpret_5                        E253       A      10       0   MyCode      
     keypad_interpret_6                        E25D       A      10       0   MyCode      
     keypad_interpret_B                        E267       A      10       0   MyCode      
     keypad_interpret_lower_rows               E271      16      22       0   MyCode      
     keypad_interpret_8                        E287       A      10       0   MyCode      
     keypad_interpret_9                        E291       A      10       0   MyCode      
     keypad_interpret_C                        E29B       C      12       0   MyCode      
     keypad_interpret_done_jump                E2A7       2       2       0   MyCode      
     keypad_interpret_E                        E2A9       A      10       0   MyCode      
     keypad_interpret_0                        E2B3       A      10       0   MyCode      
     keypad_interpret_F                        E2BD       A      10       0   MyCode      
     keypad_interpret_D                        E2C7       A      10       0   MyCode      
     keypad_interpret_done                     E2D1       3       3       0   MyCode      
     keypad_get_keypress                       E2D4       D      13      19   MyCode      
     done                                      E2E1       1       1       0   MyCode      
     lcd_init                                  E2E2      9A     154       1   MyCode      
     lcd_write                                 E37C      39      57      22   MyCode      
     lcd_char                                  E3B5      2B      43     199   MyCode      
     lcd_str                                   E3E0       2       2       2   MyCode      
     lcd_str_loop                              E3E2      18      24       0   MyCode      
     lcd_num_to_char                           E3FA       3       3      11   MyCode      
     lcd_clear                                 E3FD      2D      45       9   MyCode      
     lcd_goto_addr                             E42A      10      16      10   MyCode      
     lcd_goto_row0                             E43A       B      11       1   MyCode      
     lcd_goto_row1                             E445       B      11       7   MyCode      
     led_write                                 E450      24      36       8   MyCode      
     lm92_init                                 E474       1       1       0   MyCode      
     lm92_read_temp                            E475      3C      60       2   MyCode      
     lm92_write_lcd_K                          E4B1      11      17       0   MyCode      
     k_small                                   E4C2       9       9       0   MyCode      
     cont                                      E4CB      15      21       0   MyCode      
     lm92_write_lcd_C                          E4E0      15      21       2   MyCode      
     menu_A                                    E4F5      8A     138       2   MyCode      
     menu_A_input                              E57F      46      70       2   MyCode      
     return                                    E5C5       1       1       0   MyCode      
     input_done                                E5C6       6       6       0   MyCode      
     0                                         E5CC       9       9       0   MyCode      
     1                                         E5D5       9       9       0   MyCode      
     2                                         E5DE       9       9       0   MyCode      
     3                                         E5E7       9       9       0   MyCode      
     4                                         E5F0       9       9       0   MyCode      
     5                                         E5F9       9       9       0   MyCode      
     6                                         E602       9       9       0   MyCode      
     7                                         E60B       9       9       0   MyCode      
     8                                         E614       9       9       0   MyCode      
     9                                         E61D       9       9       0   MyCode      
     set_digits                                E626       F      15      10   MyCode      
     set_digits_mid                            E635      1E      30       2   MyCode      
     set_digit_1                               E653       9       9       0   MyCode      
     set_digit_2                               E65C       9       9       0   MyCode      
     roll_digits                               E665       D      13       1   MyCode      
     menu_B                                    E672      A9     169       2   MyCode      
     menu_B_input                              E71B      16      22       4   MyCode      
     0_pressed                                 E731       6       6       0   MyCode      
     1_pressed                                 E737       6       6       0   MyCode      
     check_sub_b                               E73D       E      14       0   MyCode      
     goto_sub_b                                E74B       6       6       0   MyCode      
     return                                    E751       1       1       0   MyCode      
     menu_C                                    E752      92     146       1   MyCode      
     menu_C_input                              E7E4       A      10       1   MyCode      
     return                                    E7EE       1       1       0   MyCode      
     menu_1                                    E7EF      3F      63       4   MyCode      
     menu_1_input                              E82E      12      18       1   MyCode      
     goto_menu_A                               E840       6       6       0   MyCode      
     goto_menu_B                               E846       6       6       0   MyCode      
     goto_menu_C                               E84C       7       7       0   MyCode      
     rtc_init                                  E853       4       4       0   MyCode      
     rtc_set_time_zero                         E857      28      40       3   MyCode      
     rtc_calc_tod                              E87F      2C      44       0   MyCode      
     rtc_write_tod                             E8AB      22      34       0   MyCode      
     rtc_set_time                              E8CD      5F      95       1   MyCode      
     rtc_get_time                              E92C      6F     111       2   MyCode      
     rtc_display_data                          E99B      2A      42       0   MyCode      
     rtc_mask_data                             E9C5      64     100       1   MyCode      
     rtc_prompt_time                           EA29      82     130       0   MyCode      
     print_heating                             EAAB      2C      44       0   MyCode      
     print_cooling                             EAD7      2C      44       1   MyCode      
     sub_A_1                                   EB03      1F      31       1   MyCode      
     sub_A_1_mid                               EB22      3C      60       2   MyCode      
     get_input                                 EB5E      14      20       2   MyCode      
     print_temp                                EB72      25      37       0   MyCode      
     return                                    EB97       7       7       0   MyCode      
     Delay                                     EB9E       3       3       4   MyCode      
     top                                       EBA1       7       7       0   MyCode      
     bottom                                    EBA8       6       6       0   MyCode      
     done                                      EBAE       1       1       0   MyCode      
     Big_Delay                                 EBAF      25      37      12   MyCode      
     Bigger_Delay                              EBD4      3E      62      10   MyCode      
     sub_B_1                                   EC12      99     153       2   MyCode      
     sub_B_1_input                             ECAB      46      70       2   MyCode      
     return                                    ECF1       1       1       0   MyCode      
     input_done                                ECF2       6       6       0   MyCode      
     0                                         ECF8       9       9       0   MyCode      
     1                                         ED01       9       9       0   MyCode      
     2                                         ED0A       9       9       0   MyCode      
     3                                         ED13       9       9       0   MyCode      
     4                                         ED1C       9       9       0   MyCode      
     5                                         ED25       9       9       0   MyCode      
     6                                         ED2E       9       9       0   MyCode      
     7                                         ED37       9       9       0   MyCode      
     8                                         ED40       9       9       0   MyCode      
     9                                         ED49       9       9       0   MyCode      
     set_digits                                ED52       F      15      10   MyCode      
     set_digits_mid                            ED61      1E      30       2   MyCode      
     set_digit_1                               ED7F       9       9       0   MyCode      
     set_digit_2                               ED88       9       9       0   MyCode      
     roll_digits                               ED91       D      13       1   MyCode      
     print_heating                             ED9E      2C      44       0   MyCode      
     print_cooling                             EDCA      2C      44       0   MyCode      
     sub_B_2                                   EDF6      20      32       1   MyCode      
     sub_B_2_mid                               EE16      37      55       2   MyCode      
     get_input                                 EE4D      14      20       2   MyCode      
     print_temp                                EE61      30      48       0   MyCode      
     return                                    EE91       7       7       0   MyCode      
     Delay                                     EE98       3       3       4   MyCode      
     top                                       EE9B       7       7       0   MyCode      
     bottom                                    EEA2       6       6       0   MyCode      
     done                                      EEA8       1       1       0   MyCode      
     Big_Delay                                 EEA9      25      37      12   MyCode      
     Bigger_Delay                              EECE      3E      62      10   MyCode      
     str_date                                  EF0C       8       8       0   MY_CONST    
     str_date_length                           EF14       1       1       0   MY_CONST    
     str_time                                  EF15       8       8       0   MY_CONST    
     str_time_length                           EF1D       1       1       0   MY_CONST    
     str_prompt_row0                           EF1E      10      16       1   MY_CONST    
     str_prompt_row0_length                    EF2E       1       1       1   MY_CONST    
     str_prompt_row1                           EF2F      10      16       1   MY_CONST    
     str_prompt_row1_length                    EF3F       1       1       1   MY_CONST    

*********************************************************************************************
UNUSED-OBJECTS SECTION
---------------------------------------------------------------------------------------------
NOT USED PROCEDURES
functions_asm.obj:
  PTBDD_Upper_output PTBDD_Upper_input toggle_clock delay top bottom last 

*********************************************************************************************
COPYDOWN SECTION
---------------------------------------------------------------------------------------------

*********************************************************************************************
OBJECT-DEPENDENCIES SECTION
---------------------------------------------------------------------------------------------
_Startup                  USES __SEG_END_SSTACK lcd_init lcd_clear i2c_init 
                                led_data led_write menu_1 
main_function             USES main_function 
SUB_delay                 USES SUB_delay_cnt 
bus_read                  USES bus_addr bus_data 
bus_write                 USES bus_data bus_addr 
i2c_init                  USES Value BitCounter 
i2c_start                 USES i2c_bit_delay 
i2c_stop                  USES i2c_bit_delay 
i2c_tx_byte               USES BitCounter 
tx_nextbit                USES i2c_setup_delay 
tx_setup                  USES i2c_bit_delay 
tx_send_low               USES i2c_setup_delay 
tx_continue               USES BitCounter 
tx_ack_poll               USES i2c_setup_delay i2c_bit_delay 
i2c_rx_byte               USES Value BitCounter 
rx_nextbit                USES i2c_bit_delay Value i2c_setup_delay 
rx_low                    USES BitCounter 
rx_done                   USES i2c_setup_delay i2c_bit_delay Value 
i2c_rx_byte_nack          USES Value BitCounter i2c_bit_delay i2c_setup_delay 
keypad_scan               USES keypad_data_0 keypad_data_0_old keypad_data_1 
                                keypad_data_1_old bus_addr bus_data bus_write bus_read 
keypad_interpret          USES keypad_data_0_old keypad_data_0 keypad_data_cmp 
keypad_interpret_2        USES keypad_data_cmp 
keypad_interpret_3        USES keypad_data_cmp 
keypad_interpret_A        USES keypad_data_cmp 
keypad_interpret_4        USES keypad_data_cmp 
keypad_interpret_5        USES keypad_data_cmp 
keypad_interpret_6        USES keypad_data_cmp 
keypad_interpret_B        USES keypad_data_cmp 
keypad_interpret_lower_rows USES keypad_data_1_old keypad_data_1 
                                keypad_data_cmp 
keypad_interpret_8        USES keypad_data_cmp 
keypad_interpret_9        USES keypad_data_cmp 
keypad_interpret_C        USES keypad_data_cmp 
keypad_interpret_E        USES keypad_data_cmp 
keypad_interpret_0        USES keypad_data_cmp 
keypad_interpret_F        USES keypad_data_cmp 
keypad_interpret_D        USES keypad_data_cmp 
keypad_get_keypress       USES led_write keypad_scan keypad_interpret 
lcd_init                  USES SUB_delay_cnt SUB_delay lcd_write 
lcd_write                 USES lcd_data bus_data bus_addr bus_write 
                                SUB_delay_cnt SUB_delay 
lcd_char                  USES lcd_char_data lcd_write SUB_delay_cnt SUB_delay 
lcd_str                   USES str_length 
lcd_str_loop              USES lcd_char str_length 
lcd_clear                 USES SUB_delay_cnt SUB_delay lcd_write 
lcd_goto_addr             USES lcd_addr lcd_write 
lcd_goto_row0             USES lcd_write 
lcd_goto_row1             USES lcd_write 
led_write                 USES bus_addr led_data bus_data bus_write 
lm92_read_temp            USES i2c_start i2c_tx_byte i2c_stop i2c_bit_delay 
                                i2c_rx_byte Temp_Data_Raw Temp_c 
lm92_write_lcd_K          USES Temp_c temp_k lcd_char 
k_small                   USES temp_k lcd_char 
cont                      USES temp_k lcd_num_to_char lcd_char 
lm92_write_lcd_C          USES Temp_c lcd_num_to_char lcd_char 
menu_A                    USES digit1 digit2 A_char1 A_char2 lcd_clear 
                                lcd_char lcd_goto_row1 
menu_A_input              USES keypad_get_keypress menu_A_input 
input_done                USES sub_A_1 menu_A 
0                         USES input char_in set_digits 
1                         USES input char_in set_digits 
2                         USES input char_in set_digits 
3                         USES input char_in set_digits 
4                         USES input char_in set_digits 
5                         USES input char_in set_digits 
6                         USES input char_in set_digits 
7                         USES input char_in set_digits 
8                         USES input char_in set_digits 
9                         USES input char_in set_digits 
set_digits                USES digit2 digit1 roll_digits 
set_digits_mid            USES digit2 digit1 A_output lcd_goto_addr A_char2 
                                lcd_char A_char1 menu_A_input 
set_digit_1               USES input digit1 char_in A_char1 set_digits_mid 
set_digit_2               USES input digit2 char_in A_char2 set_digits_mid 
roll_digits               USES digit1 digit2 A_char1 A_char2 input char_in 
menu_B                    USES b_mode lcd_clear lcd_char lcd_goto_row1 
menu_B_input              USES keypad_get_keypress menu_B_input 
0_pressed                 USES b_mode menu_B_input 
1_pressed                 USES b_mode menu_B_input 
check_sub_b               USES b_mode menu_B_input 
goto_sub_b                USES sub_B_1 menu_B 
menu_C                    USES lcd_clear lcd_char lcd_goto_row1 
menu_C_input              USES keypad_get_keypress menu_C_input 
menu_1                    USES lcd_clear lcd_char 
menu_1_input              USES keypad_get_keypress menu_1_input 
goto_menu_A               USES menu_A menu_1 
goto_menu_B               USES menu_B menu_1 
goto_menu_C               USES menu_C menu_1 
rtc_init                  USES rtc_set_time_zero 
rtc_set_time_zero         USES Sec Min Hour Date Month Year rtc_set_time 
rtc_calc_tod              USES TOD Sec Min 
rtc_write_tod             USES TOD lcd_num_to_char lcd_char 
rtc_set_time              USES i2c_start i2c_tx_byte Sec Min Hour Date Month 
                                Year i2c_stop 
rtc_get_time              USES i2c_start i2c_tx_byte i2c_stop Byte_counter 
                                i2c_rx_byte Sec Min Hour Date Month Year rtc_mask_data 
rtc_display_data          USES Min lcd_num_to_char lcd_char Sec 
rtc_mask_data             USES Sec Min Hour Date Month Year 
rtc_prompt_time           USES lcd_clear lcd_goto_row0 str_prompt_row0 
                                str_prompt_row0_length lcd_str lcd_goto_row1 str_prompt_row1 
                                str_prompt_row1_length lcd_goto_addr keypad_get_keypress Month Date 
                                Year Hour Min Sec 
print_heating             USES lcd_char led_data led_write sub_A_1_mid 
print_cooling             USES lcd_char led_data led_write sub_A_1_mid 
sub_A_1                   USES rtc_set_time_zero lcd_clear lcd_char 
                                current_temp A_output print_cooling 
sub_A_1_mid               USES lcd_char A_char2 A_char1 lcd_goto_row1 
get_input                 USES keypad_get_keypress Big_Delay rtc_get_time 
                                old_time get_input 
print_temp                USES old_time Big_Delay lcd_goto_addr lm92_read_temp 
                                current_temp lm92_write_lcd_C lcd_char A_output get_input 
return                    USES led_data led_write 
Delay                     USES b m 
top                       USES t m b 
bottom                    USES b 
Big_Delay                 USES t b Delay 
Bigger_Delay              USES Big_Delay Bigger_Delay 
sub_B_1                   USES digit1 digit2 sub_B_1_char1 sub_B_1_char2 
                                lcd_clear lcd_char lcd_goto_row1 
sub_B_1_input             USES keypad_get_keypress sub_B_1_input 
input_done                USES sub_B_2 sub_B_1 
0                         USES input char_in set_digits 
1                         USES input char_in set_digits 
2                         USES input char_in set_digits 
3                         USES input char_in set_digits 
4                         USES input char_in set_digits 
5                         USES input char_in set_digits 
6                         USES input char_in set_digits 
7                         USES input char_in set_digits 
8                         USES input char_in set_digits 
9                         USES input char_in set_digits 
set_digits                USES digit2 digit1 roll_digits 
set_digits_mid            USES digit2 digit1 B_1_output lcd_goto_addr 
                                sub_B_1_char2 lcd_char sub_B_1_char1 sub_B_1_input 
set_digit_1               USES input digit1 char_in sub_B_1_char1 
                                set_digits_mid 
set_digit_2               USES input digit2 char_in sub_B_1_char2 
                                set_digits_mid 
roll_digits               USES digit1 digit2 sub_B_1_char1 sub_B_1_char2 input 
                                char_in 
print_heating             USES lcd_char led_data led_write sub_B_2_mid 
print_cooling             USES lcd_char led_data led_write sub_B_2_mid 
sub_B_2                   USES rtc_set_time_zero lcd_clear lcd_char b_mode 
sub_B_2_mid               USES lcd_char sub_B_1_char2 sub_B_1_char1 
                                lcd_goto_row1 
get_input                 USES keypad_get_keypress Big_Delay rtc_get_time 
                                old_time get_input 
print_temp                USES old_time Sec seconds B_1_output Big_Delay 
                                lcd_goto_addr lm92_read_temp current_temp lm92_write_lcd_C 
                                lcd_char get_input 
return                    USES led_data led_write 
Delay                     USES b m 
top                       USES t m b 
bottom                    USES b 
Big_Delay                 USES t b Delay 
Bigger_Delay              USES Big_Delay Bigger_Delay 

*********************************************************************************************
DEPENDENCY TREE
*********************************************************************************************
 main and _Startup Group
 | 
 +- main                
 |    
 +- _Startup            
    | 
    +- lcd_init            
    |  | 
    |  +- SUB_delay           
    |  |    
    |  +- lcd_write           
    |     | 
    |     +- bus_write           
    |     |    
    |     +- SUB_delay            (see above)
    |        
    +- lcd_clear           
    |  | 
    |  +- SUB_delay            (see above)
    |  |  
    |  +- lcd_write            (see above)
    |     
    +- i2c_init            
    |    
    +- led_write           
    |  | 
    |  +- bus_write            (see above)
    |     
    +- menu_1              
       | 
       +- lcd_clear            (see above)
       |  
       +- lcd_char            
          | 
          +- lcd_write            (see above)
          |  
          +- SUB_delay            (see above)
             
*********************************************************************************************
STATISTIC SECTION
---------------------------------------------------------------------------------------------

ExeFile:
--------
Number of blocks to be downloaded: 4
Total size of all blocks to be downloaded: 3906

