*** EVALUATION ***
PROGRAM "LAB7.abs"

*********************************************************************************************
TARGET SECTION
---------------------------------------------------------------------------------------------
Processor   : Freescale HC08
Memory Model: SMALL
File Format : ELF\DWARF 2.0
Linker      : SmartLinker V-5.0.51 Build 14019, Jan 20 2014

*********************************************************************************************
FILE SECTION
---------------------------------------------------------------------------------------------
bus_asm.obj                             Model: SMALL,         Lang: Assembler
functions_asm.obj                       Model: SMALL,         Lang: Assembler
i2c_driver_asm.obj                      Model: SMALL,         Lang: Assembler
keypad_asm.obj                          Model: SMALL,         Lang: Assembler
lcd_asm.obj                             Model: SMALL,         Lang: Assembler
led_asm.obj                             Model: SMALL,         Lang: Assembler
lm92_driver_asm.obj                     Model: SMALL,         Lang: Assembler
main_asm.obj                            Model: SMALL,         Lang: Assembler
menu_A_asm.obj                          Model: SMALL,         Lang: Assembler
menu_B_asm.obj                          Model: SMALL,         Lang: Assembler
menu_C_asm.obj                          Model: SMALL,         Lang: Assembler
menus_asm.obj                           Model: SMALL,         Lang: Assembler
rtc_driver_asm.obj                      Model: SMALL,         Lang: Assembler
sub_A_1_asm.obj                         Model: SMALL,         Lang: Assembler
sub_B_1_asm.obj                         Model: SMALL,         Lang: Assembler
sub_B_2_asm.obj                         Model: SMALL,         Lang: Assembler
sub_C_1_asm.obj                         Model: SMALL,         Lang: Assembler

*********************************************************************************************
STARTUP SECTION
---------------------------------------------------------------------------------------------
Entry point: 0xE000 (_Startup)

*********************************************************************************************
SECTION-ALLOCATION SECTION
Section Name                    Size  Type     From       To       Segment
---------------------------------------------------------------------------------------------
.init                            122     R     0xE000     0xE079   ROM
MY_ZEROPAGE                       73   R/W       0x60       0xA8   Z_RAM
MyCode                          4920     R     0xE07A     0xF3B1   ROM
MY_CONST                          52     R     0xF3B2     0xF3E5   ROM
.stack                            64   R/W      0x100      0x13F   RAM
.vectSeg0_vect                     2     R     0xFFFE     0xFFFF   .vectSeg0

Summary of section sizes per section type:
READ_ONLY (R):        13E8 (dec:     5096)
READ_WRITE (R/W):       89 (dec:      137)

*********************************************************************************************
VECTOR-ALLOCATION SECTION
    Address     InitValue   InitFunction
---------------------------------------------------------------------------------------------
     0xFFFE        0xE000   _Startup

*********************************************************************************************
OBJECT-ALLOCATION SECTION
     Name               Module                 Addr   hSize   dSize     Ref    Section   RLIB
---------------------------------------------------------------------------------------------
MODULE:                 -- bus_asm.obj --
- PROCEDURES:
     bus_init                                  E07A       A      10       0   MyCode      
     bus_read                                  E084      1A      26       4   MyCode      
     bus_write                                 E09E      16      22       7   MyCode      
- VARIABLES:
     bus_addr                                    60       1       1      13   MY_ZEROPAGE 
     bus_data                                    61       1       1      13   MY_ZEROPAGE 
MODULE:                 -- functions_asm.obj --
- PROCEDURES:
- VARIABLES:
- LABELS:
     __SEG_END_SSTACK                           140       0       0       1               
MODULE:                 -- i2c_driver_asm.obj --
- PROCEDURES:
     i2c_init                                  E0B4       D      13       1   MyCode      
     i2c_start                                 E0C1       8       8       5   MyCode      
     i2c_stop                                  E0C9       D      13       5   MyCode      
     i2c_tx_byte                               E0D6       4       4      15   MyCode      
     tx_nextbit                                E0DA       8       8       0   MyCode      
     tx_setup                                  E0E2       7       7       0   MyCode      
     tx_send_low                               E0E9       7       7       0   MyCode      
     tx_continue                               E0F0       8       8       0   MyCode      
     tx_ack_poll                               E0F8       F      15       0   MyCode      
     tx_done                                   E107       5       5       0   MyCode      
     i2c_rx_byte                               E10C       A      10       9   MyCode      
     rx_nextbit                                E116      11      17       0   MyCode      
     rx_low                                    E127       D      13       0   MyCode      
     rx_continue                               E127       0       0       0   MyCode      
     rx_ack                                    E134       4       4       0   MyCode      
     rx_nack                                   E138       2       2       0   MyCode      
     rx_done                                   E13A       D      13       0   MyCode      
     i2c_rx_byte_nack                          E147      32      50       0   MyCode      
     i2c_setup_delay                           E179       3       3       7   MyCode      
     i2c_bit_delay                             E17C       6       6      12   MyCode      
- VARIABLES:
     BitCounter                                  62       1       1       7   MY_ZEROPAGE 
     Value                                       63       1       1       9   MY_ZEROPAGE 
MODULE:                 -- keypad_asm.obj --
- PROCEDURES:
     keypad_scan                               E182      8E     142       1   MyCode      
     keypad_interpret                          E210      17      23       1   MyCode      
     keypad_interpret_2                        E227       A      10       0   MyCode      
     keypad_interpret_3                        E231       A      10       0   MyCode      
     keypad_interpret_A                        E23B       C      12       0   MyCode      
     keypad_interpret_lower_rows_jump          E247       2       2       0   MyCode      
     keypad_interpret_4                        E249       A      10       0   MyCode      
     keypad_interpret_5                        E253       A      10       0   MyCode      
     keypad_interpret_6                        E25D       A      10       0   MyCode      
     keypad_interpret_B                        E267       A      10       0   MyCode      
     keypad_interpret_lower_rows               E271      16      22       0   MyCode      
     keypad_interpret_8                        E287       A      10       0   MyCode      
     keypad_interpret_9                        E291       A      10       0   MyCode      
     keypad_interpret_C                        E29B       C      12       0   MyCode      
     keypad_interpret_done_jump                E2A7       2       2       0   MyCode      
     keypad_interpret_E                        E2A9       A      10       0   MyCode      
     keypad_interpret_0                        E2B3       A      10       0   MyCode      
     keypad_interpret_F                        E2BD       A      10       0   MyCode      
     keypad_interpret_D                        E2C7       A      10       0   MyCode      
     keypad_interpret_done                     E2D1       3       3       0   MyCode      
     keypad_get_keypress                       E2D4       D      13      21   MyCode      
     done                                      E2E1       1       1       0   MyCode      
- VARIABLES:
     keypad_data_0                               64       1       1       5   MY_ZEROPAGE 
     keypad_data_1                               65       1       1       5   MY_ZEROPAGE 
     keypad_data_0_old                           66       1       1       2   MY_ZEROPAGE 
     keypad_data_1_old                           67       1       1       2   MY_ZEROPAGE 
     keypad_data_cmp                             68       1       1      18   MY_ZEROPAGE 
MODULE:                 -- lcd_asm.obj --
- PROCEDURES:
     lcd_init                                  E2E2      9A     154       1   MyCode      
     lcd_write                                 E37C      39      57      22   MyCode      
     lcd_char                                  E3B5      2B      43     307   MyCode      
     lcd_str                                   E3E0       2       2       2   MyCode      
     lcd_str_loop                              E3E2      18      24       0   MyCode      
     lcd_num_to_char                           E3FA       3       3      13   MyCode      
     lcd_clear                                 E3FD      2D      45      10   MyCode      
     lcd_goto_addr                             E42A      10      16      14   MyCode      
     lcd_goto_row0                             E43A       B      11       6   MyCode      
     lcd_goto_row1                             E445       B      11       9   MyCode      
- VARIABLES:
     lcd_data                                    69       1       1       3   MY_ZEROPAGE 
     lcd_char_data                               6A       1       1       2   MY_ZEROPAGE 
     lcd_col_idx                                 6B       1       1       0   MY_ZEROPAGE 
     lcd_addr                                    6C       1       1       2   MY_ZEROPAGE 
     str_length                                  6D       1       1       3   MY_ZEROPAGE 
MODULE:                 -- led_asm.obj --
- PROCEDURES:
     led_write                                 E450      24      36      14   MyCode      
- VARIABLES:
     led_data                                    6E       1       1      15   MY_ZEROPAGE 
MODULE:                 -- lm92_driver_asm.obj --
- PROCEDURES:
     lm92_init                                 E474       1       1       0   MyCode      
     lm92_read_temp                            E475      3C      60       4   MyCode      
     lm92_write_lcd_K                          E4B1      11      17       0   MyCode      
     k_small                                   E4C2       9       9       0   MyCode      
     cont                                      E4CB      15      21       0   MyCode      
     lm92_write_lcd_C                          E4E0      15      21       4   MyCode      
- VARIABLES:
     Temp_Data_Raw                               6F       2       2       4   MY_ZEROPAGE 
     Temp_c                                      71       1       1       3   MY_ZEROPAGE 
     temp_k                                      72       1       1       3   MY_ZEROPAGE 
MODULE:                 -- main_asm.obj --
- PROCEDURES:
     _Startup                                  E000      4A      74       0   .init       
     main                                      E000       0       0       0   .init       
     main_function                             E04A       3       3       1   .init       
     SUB_delay                                 E04D       6       6       9   .init       
     SUB_delay_loop_0                          E053       7       7       0   .init       
     SUB_delay_loop_1                          E05A       C      12       0   .init       
     SUB_delay_loop_2                          E066      10      16       0   .init       
     SUB_delay_done                            E076       4       4       0   .init       
- VARIABLES:
     SUB_delay_cnt                               73       3       3      10   MY_ZEROPAGE 
- LABELS:
     XOR_Mask                                    10       0       0       0   .text       
     t                                           71       0       0      15   .text       
     m                                           72       0       0       6   .text       
     b                                           73       0       0      21   .text       
     i_temp                                      74       0       0       0   .text       
     n                                           7C       0       0       0   .text       
MODULE:                 -- menu_A_asm.obj --
- PROCEDURES:
     menu_A                                    E4F5      8A     138       2   MyCode      
     menu_A_input                              E57F      46      70       3   MyCode      
     return                                    E5C5       1       1       0   MyCode      
     goto_menu_A_input                         E5C6       3       3       1   MyCode      
     input_done                                E5C9       6       6       0   MyCode      
     0                                         E5CF       9       9       0   MyCode      
     1                                         E5D8       9       9       0   MyCode      
     2                                         E5E1       9       9       0   MyCode      
     3                                         E5EA       9       9       0   MyCode      
     4                                         E5F3       9       9       0   MyCode      
     5                                         E5FC       9       9       0   MyCode      
     6                                         E605       9       9       0   MyCode      
     7                                         E60E       9       9       0   MyCode      
     8                                         E617       9       9       0   MyCode      
     9                                         E620       C      12       0   MyCode      
     set_digits                                E62C       F      15      10   MyCode      
     set_digits_mid                            E63B      1E      30       2   MyCode      
     set_digit_1                               E659       9       9       0   MyCode      
     set_digit_2                               E662       9       9       0   MyCode      
     roll_digits                               E66B       D      13       1   MyCode      
     error                                     E678      68     104       1   MyCode      
- VARIABLES:
     input                                       76       1       1      14   MY_ZEROPAGE 
     char_in                                     77       1       1      14   MY_ZEROPAGE 
     digit1                                      78       1       1       7   MY_ZEROPAGE 
     digit2                                      79       1       1       6   MY_ZEROPAGE 
     A_char1                                     7A       1       1       7   MY_ZEROPAGE 
     A_char2                                     7B       1       1       6   MY_ZEROPAGE 
     A_output                                    7C       1       1       3   MY_ZEROPAGE 
MODULE:                 -- menu_B_asm.obj --
- PROCEDURES:
     menu_B                                    E6E0      A9     169       2   MyCode      
     menu_B_input                              E789      16      22       4   MyCode      
     0_pressed                                 E79F       6       6       0   MyCode      
     1_pressed                                 E7A5       6       6       0   MyCode      
     check_sub_b                               E7AB       E      14       0   MyCode      
     goto_sub_b                                E7B9       6       6       0   MyCode      
     return                                    E7BF       1       1       0   MyCode      
- VARIABLES:
     input                                       7D       1       1       0   MY_ZEROPAGE 
     b_mode                                      7E       1       1       6   MY_ZEROPAGE 
MODULE:                 -- menu_C_asm.obj --
- PROCEDURES:
     menu_C                                    E7C0      9E     158       2   MyCode      
     menu_C_input                              E85E      46      70       2   MyCode      
     return                                    E8A4       1       1       0   MyCode      
     input_done                                E8A5       6       6       0   MyCode      
     0                                         E8AB       9       9       0   MyCode      
     1                                         E8B4       9       9       0   MyCode      
     2                                         E8BD       9       9       0   MyCode      
     3                                         E8C6       9       9       0   MyCode      
     4                                         E8CF       9       9       0   MyCode      
     5                                         E8D8       9       9       0   MyCode      
     6                                         E8E1       9       9       0   MyCode      
     7                                         E8EA       9       9       0   MyCode      
     8                                         E8F3       9       9       0   MyCode      
     9                                         E8FC       9       9       0   MyCode      
     set_digits                                E905       F      15      10   MyCode      
     set_digits_mid                            E914      1E      30       2   MyCode      
     set_digit_1                               E932       9       9       0   MyCode      
     set_digit_2                               E93B       9       9       0   MyCode      
     roll_digits                               E944       D      13       1   MyCode      
- VARIABLES:
     input                                       7F       1       1      13   MY_ZEROPAGE 
     char_in                                     80       1       1      13   MY_ZEROPAGE 
     digit1                                      81       1       1       6   MY_ZEROPAGE 
     digit2                                      82       1       1       5   MY_ZEROPAGE 
     C_char1                                     83       1       1       7   MY_ZEROPAGE 
     C_char2                                     84       1       1       6   MY_ZEROPAGE 
     C_output                                    85       1       1       4   MY_ZEROPAGE 
MODULE:                 -- menus_asm.obj --
- PROCEDURES:
     menu_1                                    E951      3F      63       4   MyCode      
     menu_1_input                              E990      12      18       1   MyCode      
     goto_menu_A                               E9A2       6       6       0   MyCode      
     goto_menu_B                               E9A8       6       6       0   MyCode      
     goto_menu_C                               E9AE       7       7       0   MyCode      
- VARIABLES:
MODULE:                 -- rtc_driver_asm.obj --
- PROCEDURES:
     rtc_init                                  E9B5       4       4       0   MyCode      
     rtc_set_time_zero                         E9B9      28      40       4   MyCode      
     rtc_calc_tod                              E9E1      2C      44       0   MyCode      
     rtc_write_tod                             EA0D      22      34       0   MyCode      
     rtc_set_time                              EA2F      5F      95       1   MyCode      
     rtc_get_time                              EA8E      6F     111       4   MyCode      
     rtc_display_data                          EAFD      13      19       1   MyCode      
     rtc_mask_data                             EB10      64     100       1   MyCode      
     rtc_prompt_time                           EB74      82     130       0   MyCode      
- VARIABLES:
     Sec                                         86       2       2      23   MY_ZEROPAGE 
     Min                                         88       2       2      13   MY_ZEROPAGE 
     Hour                                        8A       2       2      12   MY_ZEROPAGE 
     Date                                        8C       2       2      12   MY_ZEROPAGE 
     Month                                       8E       2       2      12   MY_ZEROPAGE 
     Year                                        90       2       2      12   MY_ZEROPAGE 
     TOD                                         92       2       2      13   MY_ZEROPAGE 
     rtc_epoch_delta                             94       2       2       0   MY_ZEROPAGE 
     Byte_counter                                96       1       1       1   MY_ZEROPAGE 
     str_date                                  F3B2       8       8       0   MY_CONST    
     str_date_length                           F3BA       1       1       0   MY_CONST    
     str_time                                  F3BB       8       8       0   MY_CONST    
     str_time_length                           F3C3       1       1       0   MY_CONST    
     str_prompt_row0                           F3C4      10      16       1   MY_CONST    
     str_prompt_row0_length                    F3D4       1       1       1   MY_CONST    
     str_prompt_row1                           F3D5      10      16       1   MY_CONST    
     str_prompt_row1_length                    F3E5       1       1       1   MY_CONST    
MODULE:                 -- sub_A_1_asm.obj --
- PROCEDURES:
     print_heating                             EBF6      2C      44       0   MyCode      
     print_cooling                             EC22      2C      44       1   MyCode      
     sub_A_1                                   EC4E      22      34       1   MyCode      
     sub_A_1_mid                               EC70      3C      60       2   MyCode      
     get_input                                 ECAC      14      20       3   MyCode      
     print_temp                                ECC0      27      39       0   MyCode      
     return                                    ECE7       7       7       0   MyCode      
     goto_off_mode                             ECEE       6       6       0   MyCode      
     print_off                                 ECF4      45      69       1   MyCode      
     Delay                                     ED39       3       3       4   MyCode      
     top                                       ED3C       7       7       0   MyCode      
     bottom                                    ED43       6       6       0   MyCode      
     done                                      ED49       1       1       0   MyCode      
     Big_Delay                                 ED4A      25      37      12   MyCode      
     Bigger_Delay                              ED6F      3E      62      10   MyCode      
- VARIABLES:
     old_time                                    97       1       1       2   MY_ZEROPAGE 
     current_temp                                98       1       1       4   MY_ZEROPAGE 
     seconds                                     99       1       1       0   MY_ZEROPAGE 
     off_mode                                    9A       1       1       2   MY_ZEROPAGE 
MODULE:                 -- sub_B_1_asm.obj --
- PROCEDURES:
     sub_B_1                                   EDAD      99     153       2   MyCode      
     sub_B_1_input                             EE46      46      70       2   MyCode      
     return                                    EE8C       1       1       0   MyCode      
     input_done                                EE8D       6       6       0   MyCode      
     0                                         EE93       9       9       0   MyCode      
     1                                         EE9C       9       9       0   MyCode      
     2                                         EEA5       9       9       0   MyCode      
     3                                         EEAE       9       9       0   MyCode      
     4                                         EEB7       9       9       0   MyCode      
     5                                         EEC0       9       9       0   MyCode      
     6                                         EEC9       9       9       0   MyCode      
     7                                         EED2       9       9       0   MyCode      
     8                                         EEDB       9       9       0   MyCode      
     9                                         EEE4       9       9       0   MyCode      
     set_digits                                EEED       F      15      10   MyCode      
     set_digits_mid                            EEFC      1E      30       2   MyCode      
     set_digit_1                               EF1A       9       9       0   MyCode      
     set_digit_2                               EF23       9       9       0   MyCode      
     roll_digits                               EF2C       D      13       1   MyCode      
- VARIABLES:
     input                                       9B       1       1      13   MY_ZEROPAGE 
     char_in                                     9C       1       1      13   MY_ZEROPAGE 
     digit1                                      9D       1       1       6   MY_ZEROPAGE 
     digit2                                      9E       1       1       5   MY_ZEROPAGE 
     sub_B_1_char1                               9F       1       1       5   MY_ZEROPAGE 
     sub_B_1_char2                               A0       1       1       4   MY_ZEROPAGE 
     B_1_output                                  A1       1       1       2   MY_ZEROPAGE 
MODULE:                 -- sub_B_2_asm.obj --
- PROCEDURES:
     print_heating                             EF39      2C      44       0   MyCode      
     print_cooling                             EF65      2C      44       0   MyCode      
     sub_B_2                                   EF91      20      32       1   MyCode      
     sub_B_2_mid                               EFB1      2E      46       2   MyCode      
     get_input                                 EFDF      14      20       2   MyCode      
     print_temp                                EFF3      23      35       0   MyCode      
     print_temp_mid                            F016      1E      30       2   MyCode      
     return                                    F034       7       7       0   MyCode      
     goto_print_cooling_time                   F03B       3       3       0   MyCode      
     print_heating_time                        F03E      5B      91       0   MyCode      
     print_cooling_time                        F099      5B      91       1   MyCode      
     Delay                                     F0F4       3       3       4   MyCode      
     top                                       F0F7       7       7       0   MyCode      
     bottom                                    F0FE       6       6       0   MyCode      
     done                                      F104       1       1       0   MyCode      
     Big_Delay                                 F105      25      37      12   MyCode      
     Bigger_Delay                              F12A      3E      62      10   MyCode      
- VARIABLES:
     old_time                                    A2       1       1       2   MY_ZEROPAGE 
     current_temp                                A3       1       1       2   MY_ZEROPAGE 
     seconds                                     A4       1       1       1   MY_ZEROPAGE 
MODULE:                 -- sub_C_1_asm.obj --
- PROCEDURES:
     print_heating                             F168      41      65       1   MyCode      
     print_cooling                             F1A9      41      65       2   MyCode      
     goto_print_heating_2                      F1EA       3       3       1   MyCode      
     goto_print_cooling_2                      F1ED       3       3       1   MyCode      
     sub_C_1                                   F1F0      22      34       1   MyCode      
     sub_C_1_mid                               F212      3C      60       2   MyCode      
     get_input                                 F24E      14      20       2   MyCode      
     print_temp                                F262      27      39       0   MyCode      
     return                                    F289       7       7       0   MyCode      
     goto_off_mode                             F290       6       6       0   MyCode      
     goto_print_heating                        F296       3       3       0   MyCode      
     goto_print_cooling                        F299       3       3       0   MyCode      
     print_off                                 F29C      5E      94       1   MyCode      
     holding_pattern                           F2FA      1D      29       3   MyCode      
     evaluate                                  F317      20      32       0   MyCode      
     return_2                                  F337       7       7       0   MyCode      
     Delay                                     F33E       3       3       4   MyCode      
     top                                       F341       7       7       0   MyCode      
     bottom                                    F348       6       6       0   MyCode      
     done                                      F34E       1       1       0   MyCode      
     Big_Delay                                 F34F      25      37      14   MyCode      
     Bigger_Delay                              F374      3E      62      10   MyCode      
- VARIABLES:
     old_time                                    A5       1       1       4   MY_ZEROPAGE 
     current_temp                                A6       1       1       7   MY_ZEROPAGE 
     seconds                                     A7       1       1       0   MY_ZEROPAGE 
     off_mode                                    A8       1       1       4   MY_ZEROPAGE 

*********************************************************************************************
MODULE STATISTIC
  Name                                      Data   Code  Const
---------------------------------------------------------------------------------------------
  bus_asm.obj                                  2     58      0
  i2c_driver_asm.obj                           2    206      0
  keypad_asm.obj                               5    352      0
  lcd_asm.obj                                  5    366      0
  led_asm.obj                                  1     36      0
  lm92_driver_asm.obj                          4    129      0
  main_asm.obj                                 3    122      0
  menu_A_asm.obj                               7    491      0
  menu_B_asm.obj                               2    224      0
  menu_C_asm.obj                               7    401      0
  menus_asm.obj                                0    100      0
  rtc_driver_asm.obj                          17    577     52
  sub_A_1_asm.obj                              4    439      0
  sub_B_1_asm.obj                              7    396      0
  sub_B_2_asm.obj                              3    559      0
  sub_C_1_asm.obj                              4    586      0
  other                                       64      2      0

*********************************************************************************************
SECTION USE IN OBJECT-ALLOCATION SECTION
---------------------------------------------------------------------------------------------
SECTION: ".text"
  XOR_Mask t m b i_temp n 
SECTION: ".init"
  main _Startup main_function SUB_delay SUB_delay_loop_0 SUB_delay_loop_1 
  SUB_delay_loop_2 SUB_delay_done 
SECTION: "MY_ZEROPAGE"
  bus_addr bus_data BitCounter Value keypad_data_0 keypad_data_1 
  keypad_data_0_old keypad_data_1_old keypad_data_cmp lcd_data lcd_char_data 
  lcd_col_idx lcd_addr str_length led_data Temp_Data_Raw Temp_c temp_k 
  SUB_delay_cnt input char_in digit1 digit2 A_char1 A_char2 A_output input 
  b_mode input char_in digit1 digit2 C_char1 C_char2 C_output Sec Min Hour Date 
  Month Year TOD rtc_epoch_delta Byte_counter old_time current_temp seconds 
  off_mode input char_in digit1 digit2 sub_B_1_char1 sub_B_1_char2 B_1_output 
  old_time current_temp seconds old_time current_temp seconds off_mode 
SECTION: "MyCode"
  bus_init bus_read bus_write i2c_init i2c_start i2c_stop i2c_tx_byte 
  tx_nextbit tx_setup tx_send_low tx_continue tx_ack_poll tx_done i2c_rx_byte 
  rx_nextbit rx_continue rx_low rx_ack rx_nack rx_done i2c_rx_byte_nack 
  i2c_setup_delay i2c_bit_delay keypad_scan keypad_interpret keypad_interpret_2 
  keypad_interpret_3 keypad_interpret_A keypad_interpret_lower_rows_jump 
  keypad_interpret_4 keypad_interpret_5 keypad_interpret_6 keypad_interpret_B 
  keypad_interpret_lower_rows keypad_interpret_8 keypad_interpret_9 
  keypad_interpret_C keypad_interpret_done_jump keypad_interpret_E 
  keypad_interpret_0 keypad_interpret_F keypad_interpret_D 
  keypad_interpret_done keypad_get_keypress done lcd_init lcd_write lcd_char 
  lcd_str lcd_str_loop lcd_num_to_char lcd_clear lcd_goto_addr lcd_goto_row0 
  lcd_goto_row1 led_write lm92_init lm92_read_temp lm92_write_lcd_K k_small 
  cont lm92_write_lcd_C menu_A menu_A_input return goto_menu_A_input input_done 
  0 1 2 3 4 5 6 7 8 9 set_digits set_digits_mid set_digit_1 set_digit_2 
  roll_digits error menu_B menu_B_input 0_pressed 1_pressed check_sub_b 
  goto_sub_b return menu_C menu_C_input return input_done 0 1 2 3 4 5 6 7 8 9 
  set_digits set_digits_mid set_digit_1 set_digit_2 roll_digits menu_1 
  menu_1_input goto_menu_A goto_menu_B goto_menu_C rtc_init rtc_set_time_zero 
  rtc_calc_tod rtc_write_tod rtc_set_time rtc_get_time rtc_display_data 
  rtc_mask_data rtc_prompt_time print_heating print_cooling sub_A_1 sub_A_1_mid 
  get_input print_temp return goto_off_mode print_off Delay top bottom done 
  Big_Delay Bigger_Delay sub_B_1 sub_B_1_input return input_done 0 1 2 3 4 5 6 
  7 8 9 set_digits set_digits_mid set_digit_1 set_digit_2 roll_digits 
  print_heating print_cooling sub_B_2 sub_B_2_mid get_input print_temp 
  print_temp_mid return goto_print_cooling_time print_heating_time 
  print_cooling_time Delay top bottom done Big_Delay Bigger_Delay print_heating 
  print_cooling goto_print_heating_2 goto_print_cooling_2 sub_C_1 sub_C_1_mid 
  get_input print_temp return goto_off_mode goto_print_heating 
  goto_print_cooling print_off holding_pattern evaluate return_2 Delay top 
  bottom done Big_Delay Bigger_Delay 
SECTION: "MY_CONST"
  str_date str_date_length str_time str_time_length str_prompt_row0 
  str_prompt_row0_length str_prompt_row1 str_prompt_row1_length 

*********************************************************************************************
OBJECT LIST SORTED BY ADDRESS
     Name                                      Addr   hSize   dSize     Ref    Section   RLIB
---------------------------------------------------------------------------------------------
     XOR_Mask                                    10       0       0       0   .text       
     bus_addr                                    60       1       1      13   MY_ZEROPAGE 
     bus_data                                    61       1       1      13   MY_ZEROPAGE 
     BitCounter                                  62       1       1       7   MY_ZEROPAGE 
     Value                                       63       1       1       9   MY_ZEROPAGE 
     keypad_data_0                               64       1       1       5   MY_ZEROPAGE 
     keypad_data_1                               65       1       1       5   MY_ZEROPAGE 
     keypad_data_0_old                           66       1       1       2   MY_ZEROPAGE 
     keypad_data_1_old                           67       1       1       2   MY_ZEROPAGE 
     keypad_data_cmp                             68       1       1      18   MY_ZEROPAGE 
     lcd_data                                    69       1       1       3   MY_ZEROPAGE 
     lcd_char_data                               6A       1       1       2   MY_ZEROPAGE 
     lcd_col_idx                                 6B       1       1       0   MY_ZEROPAGE 
     lcd_addr                                    6C       1       1       2   MY_ZEROPAGE 
     str_length                                  6D       1       1       3   MY_ZEROPAGE 
     led_data                                    6E       1       1      15   MY_ZEROPAGE 
     Temp_Data_Raw                               6F       2       2       4   MY_ZEROPAGE 
     Temp_c                                      71       1       1       3   MY_ZEROPAGE 
     t                                           71       0       0      15   .text       
     temp_k                                      72       1       1       3   MY_ZEROPAGE 
     m                                           72       0       0       6   .text       
     SUB_delay_cnt                               73       3       3      10   MY_ZEROPAGE 
     b                                           73       0       0      21   .text       
     i_temp                                      74       0       0       0   .text       
     input                                       76       1       1      14   MY_ZEROPAGE 
     char_in                                     77       1       1      14   MY_ZEROPAGE 
     digit1                                      78       1       1       7   MY_ZEROPAGE 
     digit2                                      79       1       1       6   MY_ZEROPAGE 
     A_char1                                     7A       1       1       7   MY_ZEROPAGE 
     A_char2                                     7B       1       1       6   MY_ZEROPAGE 
     A_output                                    7C       1       1       3   MY_ZEROPAGE 
     n                                           7C       0       0       0   .text       
     input                                       7D       1       1       0   MY_ZEROPAGE 
     b_mode                                      7E       1       1       6   MY_ZEROPAGE 
     input                                       7F       1       1      13   MY_ZEROPAGE 
     char_in                                     80       1       1      13   MY_ZEROPAGE 
     digit1                                      81       1       1       6   MY_ZEROPAGE 
     digit2                                      82       1       1       5   MY_ZEROPAGE 
     C_char1                                     83       1       1       7   MY_ZEROPAGE 
     C_char2                                     84       1       1       6   MY_ZEROPAGE 
     C_output                                    85       1       1       4   MY_ZEROPAGE 
     Sec                                         86       2       2      23   MY_ZEROPAGE 
     Min                                         88       2       2      13   MY_ZEROPAGE 
     Hour                                        8A       2       2      12   MY_ZEROPAGE 
     Date                                        8C       2       2      12   MY_ZEROPAGE 
     Month                                       8E       2       2      12   MY_ZEROPAGE 
     Year                                        90       2       2      12   MY_ZEROPAGE 
     TOD                                         92       2       2      13   MY_ZEROPAGE 
     rtc_epoch_delta                             94       2       2       0   MY_ZEROPAGE 
     Byte_counter                                96       1       1       1   MY_ZEROPAGE 
     old_time                                    97       1       1       2   MY_ZEROPAGE 
     current_temp                                98       1       1       4   MY_ZEROPAGE 
     seconds                                     99       1       1       0   MY_ZEROPAGE 
     off_mode                                    9A       1       1       2   MY_ZEROPAGE 
     input                                       9B       1       1      13   MY_ZEROPAGE 
     char_in                                     9C       1       1      13   MY_ZEROPAGE 
     digit1                                      9D       1       1       6   MY_ZEROPAGE 
     digit2                                      9E       1       1       5   MY_ZEROPAGE 
     sub_B_1_char1                               9F       1       1       5   MY_ZEROPAGE 
     sub_B_1_char2                               A0       1       1       4   MY_ZEROPAGE 
     B_1_output                                  A1       1       1       2   MY_ZEROPAGE 
     old_time                                    A2       1       1       2   MY_ZEROPAGE 
     current_temp                                A3       1       1       2   MY_ZEROPAGE 
     seconds                                     A4       1       1       1   MY_ZEROPAGE 
     old_time                                    A5       1       1       4   MY_ZEROPAGE 
     current_temp                                A6       1       1       7   MY_ZEROPAGE 
     seconds                                     A7       1       1       0   MY_ZEROPAGE 
     off_mode                                    A8       1       1       4   MY_ZEROPAGE 
     main                                      E000       0       0       0   .init       
     _Startup                                  E000      4A      74       0   .init       
     main_function                             E04A       3       3       1   .init       
     SUB_delay                                 E04D       6       6       9   .init       
     SUB_delay_loop_0                          E053       7       7       0   .init       
     SUB_delay_loop_1                          E05A       C      12       0   .init       
     SUB_delay_loop_2                          E066      10      16       0   .init       
     SUB_delay_done                            E076       4       4       0   .init       
     bus_init                                  E07A       A      10       0   MyCode      
     bus_read                                  E084      1A      26       4   MyCode      
     bus_write                                 E09E      16      22       7   MyCode      
     i2c_init                                  E0B4       D      13       1   MyCode      
     i2c_start                                 E0C1       8       8       5   MyCode      
     i2c_stop                                  E0C9       D      13       5   MyCode      
     i2c_tx_byte                               E0D6       4       4      15   MyCode      
     tx_nextbit                                E0DA       8       8       0   MyCode      
     tx_setup                                  E0E2       7       7       0   MyCode      
     tx_send_low                               E0E9       7       7       0   MyCode      
     tx_continue                               E0F0       8       8       0   MyCode      
     tx_ack_poll                               E0F8       F      15       0   MyCode      
     tx_done                                   E107       5       5       0   MyCode      
     i2c_rx_byte                               E10C       A      10       9   MyCode      
     rx_nextbit                                E116      11      17       0   MyCode      
     rx_continue                               E127       0       0       0   MyCode      
     rx_low                                    E127       D      13       0   MyCode      
     rx_ack                                    E134       4       4       0   MyCode      
     rx_nack                                   E138       2       2       0   MyCode      
     rx_done                                   E13A       D      13       0   MyCode      
     i2c_rx_byte_nack                          E147      32      50       0   MyCode      
     i2c_setup_delay                           E179       3       3       7   MyCode      
     i2c_bit_delay                             E17C       6       6      12   MyCode      
     keypad_scan                               E182      8E     142       1   MyCode      
     keypad_interpret                          E210      17      23       1   MyCode      
     keypad_interpret_2                        E227       A      10       0   MyCode      
     keypad_interpret_3                        E231       A      10       0   MyCode      
     keypad_interpret_A                        E23B       C      12       0   MyCode      
     keypad_interpret_lower_rows_jump          E247       2       2       0   MyCode      
     keypad_interpret_4                        E249       A      10       0   MyCode      
     keypad_interpret_5                        E253       A      10       0   MyCode      
     keypad_interpret_6                        E25D       A      10       0   MyCode      
     keypad_interpret_B                        E267       A      10       0   MyCode      
     keypad_interpret_lower_rows               E271      16      22       0   MyCode      
     keypad_interpret_8                        E287       A      10       0   MyCode      
     keypad_interpret_9                        E291       A      10       0   MyCode      
     keypad_interpret_C                        E29B       C      12       0   MyCode      
     keypad_interpret_done_jump                E2A7       2       2       0   MyCode      
     keypad_interpret_E                        E2A9       A      10       0   MyCode      
     keypad_interpret_0                        E2B3       A      10       0   MyCode      
     keypad_interpret_F                        E2BD       A      10       0   MyCode      
     keypad_interpret_D                        E2C7       A      10       0   MyCode      
     keypad_interpret_done                     E2D1       3       3       0   MyCode      
     keypad_get_keypress                       E2D4       D      13      21   MyCode      
     done                                      E2E1       1       1       0   MyCode      
     lcd_init                                  E2E2      9A     154       1   MyCode      
     lcd_write                                 E37C      39      57      22   MyCode      
     lcd_char                                  E3B5      2B      43     307   MyCode      
     lcd_str                                   E3E0       2       2       2   MyCode      
     lcd_str_loop                              E3E2      18      24       0   MyCode      
     lcd_num_to_char                           E3FA       3       3      13   MyCode      
     lcd_clear                                 E3FD      2D      45      10   MyCode      
     lcd_goto_addr                             E42A      10      16      14   MyCode      
     lcd_goto_row0                             E43A       B      11       6   MyCode      
     lcd_goto_row1                             E445       B      11       9   MyCode      
     led_write                                 E450      24      36      14   MyCode      
     lm92_init                                 E474       1       1       0   MyCode      
     lm92_read_temp                            E475      3C      60       4   MyCode      
     lm92_write_lcd_K                          E4B1      11      17       0   MyCode      
     k_small                                   E4C2       9       9       0   MyCode      
     cont                                      E4CB      15      21       0   MyCode      
     lm92_write_lcd_C                          E4E0      15      21       4   MyCode      
     menu_A                                    E4F5      8A     138       2   MyCode      
     menu_A_input                              E57F      46      70       3   MyCode      
     return                                    E5C5       1       1       0   MyCode      
     goto_menu_A_input                         E5C6       3       3       1   MyCode      
     input_done                                E5C9       6       6       0   MyCode      
     0                                         E5CF       9       9       0   MyCode      
     1                                         E5D8       9       9       0   MyCode      
     2                                         E5E1       9       9       0   MyCode      
     3                                         E5EA       9       9       0   MyCode      
     4                                         E5F3       9       9       0   MyCode      
     5                                         E5FC       9       9       0   MyCode      
     6                                         E605       9       9       0   MyCode      
     7                                         E60E       9       9       0   MyCode      
     8                                         E617       9       9       0   MyCode      
     9                                         E620       C      12       0   MyCode      
     set_digits                                E62C       F      15      10   MyCode      
     set_digits_mid                            E63B      1E      30       2   MyCode      
     set_digit_1                               E659       9       9       0   MyCode      
     set_digit_2                               E662       9       9       0   MyCode      
     roll_digits                               E66B       D      13       1   MyCode      
     error                                     E678      68     104       1   MyCode      
     menu_B                                    E6E0      A9     169       2   MyCode      
     menu_B_input                              E789      16      22       4   MyCode      
     0_pressed                                 E79F       6       6       0   MyCode      
     1_pressed                                 E7A5       6       6       0   MyCode      
     check_sub_b                               E7AB       E      14       0   MyCode      
     goto_sub_b                                E7B9       6       6       0   MyCode      
     return                                    E7BF       1       1       0   MyCode      
     menu_C                                    E7C0      9E     158       2   MyCode      
     menu_C_input                              E85E      46      70       2   MyCode      
     return                                    E8A4       1       1       0   MyCode      
     input_done                                E8A5       6       6       0   MyCode      
     0                                         E8AB       9       9       0   MyCode      
     1                                         E8B4       9       9       0   MyCode      
     2                                         E8BD       9       9       0   MyCode      
     3                                         E8C6       9       9       0   MyCode      
     4                                         E8CF       9       9       0   MyCode      
     5                                         E8D8       9       9       0   MyCode      
     6                                         E8E1       9       9       0   MyCode      
     7                                         E8EA       9       9       0   MyCode      
     8                                         E8F3       9       9       0   MyCode      
     9                                         E8FC       9       9       0   MyCode      
     set_digits                                E905       F      15      10   MyCode      
     set_digits_mid                            E914      1E      30       2   MyCode      
     set_digit_1                               E932       9       9       0   MyCode      
     set_digit_2                               E93B       9       9       0   MyCode      
     roll_digits                               E944       D      13       1   MyCode      
     menu_1                                    E951      3F      63       4   MyCode      
     menu_1_input                              E990      12      18       1   MyCode      
     goto_menu_A                               E9A2       6       6       0   MyCode      
     goto_menu_B                               E9A8       6       6       0   MyCode      
     goto_menu_C                               E9AE       7       7       0   MyCode      
     rtc_init                                  E9B5       4       4       0   MyCode      
     rtc_set_time_zero                         E9B9      28      40       4   MyCode      
     rtc_calc_tod                              E9E1      2C      44       0   MyCode      
     rtc_write_tod                             EA0D      22      34       0   MyCode      
     rtc_set_time                              EA2F      5F      95       1   MyCode      
     rtc_get_time                              EA8E      6F     111       4   MyCode      
     rtc_display_data                          EAFD      13      19       1   MyCode      
     rtc_mask_data                             EB10      64     100       1   MyCode      
     rtc_prompt_time                           EB74      82     130       0   MyCode      
     print_heating                             EBF6      2C      44       0   MyCode      
     print_cooling                             EC22      2C      44       1   MyCode      
     sub_A_1                                   EC4E      22      34       1   MyCode      
     sub_A_1_mid                               EC70      3C      60       2   MyCode      
     get_input                                 ECAC      14      20       3   MyCode      
     print_temp                                ECC0      27      39       0   MyCode      
     return                                    ECE7       7       7       0   MyCode      
     goto_off_mode                             ECEE       6       6       0   MyCode      
     print_off                                 ECF4      45      69       1   MyCode      
     Delay                                     ED39       3       3       4   MyCode      
     top                                       ED3C       7       7       0   MyCode      
     bottom                                    ED43       6       6       0   MyCode      
     done                                      ED49       1       1       0   MyCode      
     Big_Delay                                 ED4A      25      37      12   MyCode      
     Bigger_Delay                              ED6F      3E      62      10   MyCode      
     sub_B_1                                   EDAD      99     153       2   MyCode      
     sub_B_1_input                             EE46      46      70       2   MyCode      
     return                                    EE8C       1       1       0   MyCode      
     input_done                                EE8D       6       6       0   MyCode      
     0                                         EE93       9       9       0   MyCode      
     1                                         EE9C       9       9       0   MyCode      
     2                                         EEA5       9       9       0   MyCode      
     3                                         EEAE       9       9       0   MyCode      
     4                                         EEB7       9       9       0   MyCode      
     5                                         EEC0       9       9       0   MyCode      
     6                                         EEC9       9       9       0   MyCode      
     7                                         EED2       9       9       0   MyCode      
     8                                         EEDB       9       9       0   MyCode      
     9                                         EEE4       9       9       0   MyCode      
     set_digits                                EEED       F      15      10   MyCode      
     set_digits_mid                            EEFC      1E      30       2   MyCode      
     set_digit_1                               EF1A       9       9       0   MyCode      
     set_digit_2                               EF23       9       9       0   MyCode      
     roll_digits                               EF2C       D      13       1   MyCode      
     print_heating                             EF39      2C      44       0   MyCode      
     print_cooling                             EF65      2C      44       0   MyCode      
     sub_B_2                                   EF91      20      32       1   MyCode      
     sub_B_2_mid                               EFB1      2E      46       2   MyCode      
     get_input                                 EFDF      14      20       2   MyCode      
     print_temp                                EFF3      23      35       0   MyCode      
     print_temp_mid                            F016      1E      30       2   MyCode      
     return                                    F034       7       7       0   MyCode      
     goto_print_cooling_time                   F03B       3       3       0   MyCode      
     print_heating_time                        F03E      5B      91       0   MyCode      
     print_cooling_time                        F099      5B      91       1   MyCode      
     Delay                                     F0F4       3       3       4   MyCode      
     top                                       F0F7       7       7       0   MyCode      
     bottom                                    F0FE       6       6       0   MyCode      
     done                                      F104       1       1       0   MyCode      
     Big_Delay                                 F105      25      37      12   MyCode      
     Bigger_Delay                              F12A      3E      62      10   MyCode      
     print_heating                             F168      41      65       1   MyCode      
     print_cooling                             F1A9      41      65       2   MyCode      
     goto_print_heating_2                      F1EA       3       3       1   MyCode      
     goto_print_cooling_2                      F1ED       3       3       1   MyCode      
     sub_C_1                                   F1F0      22      34       1   MyCode      
     sub_C_1_mid                               F212      3C      60       2   MyCode      
     get_input                                 F24E      14      20       2   MyCode      
     print_temp                                F262      27      39       0   MyCode      
     return                                    F289       7       7       0   MyCode      
     goto_off_mode                             F290       6       6       0   MyCode      
     goto_print_heating                        F296       3       3       0   MyCode      
     goto_print_cooling                        F299       3       3       0   MyCode      
     print_off                                 F29C      5E      94       1   MyCode      
     holding_pattern                           F2FA      1D      29       3   MyCode      
     evaluate                                  F317      20      32       0   MyCode      
     return_2                                  F337       7       7       0   MyCode      
     Delay                                     F33E       3       3       4   MyCode      
     top                                       F341       7       7       0   MyCode      
     bottom                                    F348       6       6       0   MyCode      
     done                                      F34E       1       1       0   MyCode      
     Big_Delay                                 F34F      25      37      14   MyCode      
     Bigger_Delay                              F374      3E      62      10   MyCode      
     str_date                                  F3B2       8       8       0   MY_CONST    
     str_date_length                           F3BA       1       1       0   MY_CONST    
     str_time                                  F3BB       8       8       0   MY_CONST    
     str_time_length                           F3C3       1       1       0   MY_CONST    
     str_prompt_row0                           F3C4      10      16       1   MY_CONST    
     str_prompt_row0_length                    F3D4       1       1       1   MY_CONST    
     str_prompt_row1                           F3D5      10      16       1   MY_CONST    
     str_prompt_row1_length                    F3E5       1       1       1   MY_CONST    

*********************************************************************************************
UNUSED-OBJECTS SECTION
---------------------------------------------------------------------------------------------
NOT USED PROCEDURES
functions_asm.obj:
  PTBDD_Upper_output PTBDD_Upper_input toggle_clock delay top bottom last 

*********************************************************************************************
COPYDOWN SECTION
---------------------------------------------------------------------------------------------

*********************************************************************************************
OBJECT-DEPENDENCIES SECTION
---------------------------------------------------------------------------------------------
_Startup                  USES __SEG_END_SSTACK lcd_init lcd_clear i2c_init 
                                led_data led_write menu_1 
main_function             USES main_function 
SUB_delay                 USES SUB_delay_cnt 
bus_read                  USES bus_addr bus_data 
bus_write                 USES bus_data bus_addr 
i2c_init                  USES Value BitCounter 
i2c_start                 USES i2c_bit_delay 
i2c_stop                  USES i2c_bit_delay 
i2c_tx_byte               USES BitCounter 
tx_nextbit                USES i2c_setup_delay 
tx_setup                  USES i2c_bit_delay 
tx_send_low               USES i2c_setup_delay 
tx_continue               USES BitCounter 
tx_ack_poll               USES i2c_setup_delay i2c_bit_delay 
i2c_rx_byte               USES Value BitCounter 
rx_nextbit                USES i2c_bit_delay Value i2c_setup_delay 
rx_low                    USES BitCounter 
rx_done                   USES i2c_setup_delay i2c_bit_delay Value 
i2c_rx_byte_nack          USES Value BitCounter i2c_bit_delay i2c_setup_delay 
keypad_scan               USES keypad_data_0 keypad_data_0_old keypad_data_1 
                                keypad_data_1_old bus_addr bus_data bus_write bus_read 
keypad_interpret          USES keypad_data_0_old keypad_data_0 keypad_data_cmp 
keypad_interpret_2        USES keypad_data_cmp 
keypad_interpret_3        USES keypad_data_cmp 
keypad_interpret_A        USES keypad_data_cmp 
keypad_interpret_4        USES keypad_data_cmp 
keypad_interpret_5        USES keypad_data_cmp 
keypad_interpret_6        USES keypad_data_cmp 
keypad_interpret_B        USES keypad_data_cmp 
keypad_interpret_lower_rows USES keypad_data_1_old keypad_data_1 
                                keypad_data_cmp 
keypad_interpret_8        USES keypad_data_cmp 
keypad_interpret_9        USES keypad_data_cmp 
keypad_interpret_C        USES keypad_data_cmp 
keypad_interpret_E        USES keypad_data_cmp 
keypad_interpret_0        USES keypad_data_cmp 
keypad_interpret_F        USES keypad_data_cmp 
keypad_interpret_D        USES keypad_data_cmp 
keypad_get_keypress       USES led_write keypad_scan keypad_interpret 
lcd_init                  USES SUB_delay_cnt SUB_delay lcd_write 
lcd_write                 USES lcd_data bus_data bus_addr bus_write 
                                SUB_delay_cnt SUB_delay 
lcd_char                  USES lcd_char_data lcd_write SUB_delay_cnt SUB_delay 
lcd_str                   USES str_length 
lcd_str_loop              USES lcd_char str_length 
lcd_clear                 USES SUB_delay_cnt SUB_delay lcd_write 
lcd_goto_addr             USES lcd_addr lcd_write 
lcd_goto_row0             USES lcd_write 
lcd_goto_row1             USES lcd_write 
led_write                 USES bus_addr led_data bus_data bus_write 
lm92_read_temp            USES i2c_start i2c_tx_byte i2c_stop i2c_bit_delay 
                                i2c_rx_byte Temp_Data_Raw Temp_c 
lm92_write_lcd_K          USES Temp_c temp_k lcd_char 
k_small                   USES temp_k lcd_char 
cont                      USES temp_k lcd_num_to_char lcd_char 
lm92_write_lcd_C          USES Temp_c lcd_num_to_char lcd_char 
menu_A                    USES digit1 digit2 A_char1 A_char2 lcd_clear 
                                lcd_char lcd_goto_row1 
menu_A_input              USES keypad_get_keypress menu_A_input 
goto_menu_A_input         USES menu_A_input 
input_done                USES sub_A_1 menu_A 
0                         USES input char_in set_digits 
1                         USES input char_in set_digits 
2                         USES input char_in set_digits 
3                         USES input char_in set_digits 
4                         USES input char_in set_digits 
5                         USES input char_in set_digits 
6                         USES input char_in set_digits 
7                         USES input char_in set_digits 
8                         USES input char_in set_digits 
9                         USES input char_in set_digits error 
set_digits                USES digit2 digit1 roll_digits 
set_digits_mid            USES digit2 digit1 A_output lcd_goto_addr A_char2 
                                lcd_char A_char1 menu_A_input 
set_digit_1               USES input digit1 char_in A_char1 set_digits_mid 
set_digit_2               USES input digit2 char_in A_char2 set_digits_mid 
roll_digits               USES digit1 digit2 A_char1 A_char2 input char_in 
error                     USES lcd_goto_row0 digit1 digit2 A_char1 A_char2 
                                input char_in lcd_char goto_menu_A_input 
menu_B                    USES b_mode lcd_clear lcd_char lcd_goto_row1 
menu_B_input              USES keypad_get_keypress menu_B_input 
0_pressed                 USES b_mode menu_B_input 
1_pressed                 USES b_mode menu_B_input 
check_sub_b               USES b_mode menu_B_input 
goto_sub_b                USES sub_B_1 menu_B 
menu_C                    USES digit1 digit2 C_char1 C_char2 lcd_clear 
                                lcd_char lcd_goto_row1 
menu_C_input              USES keypad_get_keypress menu_C_input 
input_done                USES sub_C_1 menu_C 
0                         USES input char_in set_digits 
1                         USES input char_in set_digits 
2                         USES input char_in set_digits 
3                         USES input char_in set_digits 
4                         USES input char_in set_digits 
5                         USES input char_in set_digits 
6                         USES input char_in set_digits 
7                         USES input char_in set_digits 
8                         USES input char_in set_digits 
9                         USES input char_in set_digits 
set_digits                USES digit2 digit1 roll_digits 
set_digits_mid            USES digit2 digit1 C_output lcd_goto_addr C_char2 
                                lcd_char C_char1 menu_C_input 
set_digit_1               USES input digit1 char_in C_char1 set_digits_mid 
set_digit_2               USES input digit2 char_in C_char2 set_digits_mid 
roll_digits               USES digit1 digit2 C_char1 C_char2 input char_in 
menu_1                    USES lcd_clear lcd_char 
menu_1_input              USES keypad_get_keypress menu_1_input 
goto_menu_A               USES menu_A menu_1 
goto_menu_B               USES menu_B menu_1 
goto_menu_C               USES menu_C menu_1 
rtc_init                  USES rtc_set_time_zero 
rtc_set_time_zero         USES Sec Min Hour Date Month Year rtc_set_time 
rtc_calc_tod              USES TOD Sec Min 
rtc_write_tod             USES TOD lcd_num_to_char lcd_char 
rtc_set_time              USES i2c_start i2c_tx_byte Sec Min Hour Date Month 
                                Year i2c_stop 
rtc_get_time              USES i2c_start i2c_tx_byte i2c_stop Byte_counter 
                                i2c_rx_byte Sec Min Hour Date Month Year rtc_mask_data 
rtc_display_data          USES Sec lcd_num_to_char lcd_char 
rtc_mask_data             USES Sec Min Hour Date Month Year 
rtc_prompt_time           USES lcd_clear lcd_goto_row0 str_prompt_row0 
                                str_prompt_row0_length lcd_str lcd_goto_row1 str_prompt_row1 
                                str_prompt_row1_length lcd_goto_addr keypad_get_keypress Month Date 
                                Year Hour Min Sec 
print_heating             USES lcd_char led_data led_write sub_A_1_mid 
print_cooling             USES lcd_char led_data led_write sub_A_1_mid 
sub_A_1                   USES off_mode rtc_set_time_zero lcd_clear lcd_char 
                                current_temp A_output print_cooling 
sub_A_1_mid               USES lcd_char A_char2 A_char1 lcd_goto_row1 
get_input                 USES keypad_get_keypress Big_Delay rtc_get_time 
                                old_time get_input 
print_temp                USES old_time Big_Delay lcd_goto_addr lm92_read_temp 
                                current_temp lm92_write_lcd_C lcd_char A_output get_input 
return                    USES led_data led_write 
goto_off_mode             USES off_mode print_off 
print_off                 USES lcd_goto_addr lcd_char led_data led_write 
                                get_input 
Delay                     USES b m 
top                       USES t m b 
bottom                    USES b 
Big_Delay                 USES t b Delay 
Bigger_Delay              USES Big_Delay Bigger_Delay 
sub_B_1                   USES digit1 digit2 sub_B_1_char1 sub_B_1_char2 
                                lcd_clear lcd_char lcd_goto_row1 
sub_B_1_input             USES keypad_get_keypress sub_B_1_input 
input_done                USES sub_B_2 sub_B_1 
0                         USES input char_in set_digits 
1                         USES input char_in set_digits 
2                         USES input char_in set_digits 
3                         USES input char_in set_digits 
4                         USES input char_in set_digits 
5                         USES input char_in set_digits 
6                         USES input char_in set_digits 
7                         USES input char_in set_digits 
8                         USES input char_in set_digits 
9                         USES input char_in set_digits 
set_digits                USES digit2 digit1 roll_digits 
set_digits_mid            USES digit2 digit1 B_1_output lcd_goto_addr 
                                sub_B_1_char2 lcd_char sub_B_1_char1 sub_B_1_input 
set_digit_1               USES input digit1 char_in sub_B_1_char1 
                                set_digits_mid 
set_digit_2               USES input digit2 char_in sub_B_1_char2 
                                set_digits_mid 
roll_digits               USES digit1 digit2 sub_B_1_char1 sub_B_1_char2 input 
                                char_in 
print_heating             USES lcd_char led_data led_write sub_B_2_mid 
print_cooling             USES lcd_char led_data led_write sub_B_2_mid 
sub_B_2                   USES rtc_set_time_zero lcd_clear lcd_char b_mode 
sub_B_2_mid               USES lcd_char rtc_display_data lcd_goto_row1 
get_input                 USES keypad_get_keypress Big_Delay rtc_get_time 
                                old_time get_input 
print_temp                USES old_time Sec seconds B_1_output Big_Delay 
                                lcd_goto_row0 b_mode 
print_temp_mid            USES lcd_goto_row1 lcd_goto_addr lm92_read_temp 
                                current_temp lm92_write_lcd_C lcd_char get_input 
return                    USES led_data led_write 
goto_print_cooling_time   USES print_cooling_time 
print_heating_time        USES lcd_char Sec lcd_num_to_char print_temp_mid 
print_cooling_time        USES lcd_char Sec lcd_num_to_char print_temp_mid 
Delay                     USES b m 
top                       USES t m b 
bottom                    USES b 
Big_Delay                 USES t b Delay 
Bigger_Delay              USES Big_Delay Bigger_Delay 
print_heating             USES off_mode lcd_goto_row0 lcd_char led_data 
                                led_write sub_C_1_mid 
print_cooling             USES off_mode lcd_goto_row0 lcd_char led_data 
                                led_write sub_C_1_mid 
goto_print_heating_2      USES print_heating 
goto_print_cooling_2      USES print_cooling 
sub_C_1                   USES off_mode rtc_set_time_zero lcd_clear lcd_char 
                                current_temp C_output print_cooling 
sub_C_1_mid               USES lcd_char C_char2 C_char1 lcd_goto_row1 
get_input                 USES keypad_get_keypress Big_Delay rtc_get_time 
                                old_time get_input 
print_temp                USES old_time Big_Delay lcd_goto_addr lm92_read_temp 
                                current_temp lm92_write_lcd_C lcd_char C_output get_input 
return                    USES led_data led_write 
goto_off_mode             USES off_mode print_off 
goto_print_heating        USES goto_print_heating_2 
goto_print_cooling        USES goto_print_cooling_2 
print_off                 USES lcd_goto_row0 lcd_char C_char2 C_char1 led_data 
                                led_write holding_pattern 
holding_pattern           USES keypad_get_keypress Big_Delay rtc_get_time 
                                old_time current_temp C_output holding_pattern 
evaluate                  USES old_time Big_Delay lcd_goto_addr lm92_read_temp 
                                current_temp lm92_write_lcd_C lcd_char holding_pattern 
return_2                  USES led_data led_write 
Delay                     USES b m 
top                       USES t m b 
bottom                    USES b 
Big_Delay                 USES t b Delay 
Bigger_Delay              USES Big_Delay Bigger_Delay 

*********************************************************************************************
DEPENDENCY TREE
*********************************************************************************************
 main and _Startup Group
 | 
 +- main                
 |    
 +- _Startup            
    | 
    +- lcd_init            
    |  | 
    |  +- SUB_delay           
    |  |    
    |  +- lcd_write           
    |     | 
    |     +- bus_write           
    |     |    
    |     +- SUB_delay            (see above)
    |        
    +- lcd_clear           
    |  | 
    |  +- SUB_delay            (see above)
    |  |  
    |  +- lcd_write            (see above)
    |     
    +- i2c_init            
    |    
    +- led_write           
    |  | 
    |  +- bus_write            (see above)
    |     
    +- menu_1              
       | 
       +- lcd_clear            (see above)
       |  
       +- lcd_char            
          | 
          +- lcd_write            (see above)
          |  
          +- SUB_delay            (see above)
             
*********************************************************************************************
STATISTIC SECTION
---------------------------------------------------------------------------------------------

ExeFile:
--------
Number of blocks to be downloaded: 3
Total size of all blocks to be downloaded: 5096

