*** EVALUATION ***
PROGRAM "Lab3.abs"

*********************************************************************************************
TARGET SECTION
---------------------------------------------------------------------------------------------
Processor   : Freescale HC08
Memory Model: SMALL
File Format : ELF\DWARF 2.0
Linker      : SmartLinker V-5.0.51 Build 14019, Jan 20 2014

*********************************************************************************************
FILE SECTION
---------------------------------------------------------------------------------------------
ADC_init_asm.obj                        Model: SMALL,         Lang: Assembler
DAA_decode_asm.obj                      Model: SMALL,         Lang: Assembler
Delay_asm.obj                           Model: SMALL,         Lang: Assembler
Keypad_RW_asm.obj                       Model: SMALL,         Lang: Assembler
LCD_init_asm.obj                        Model: SMALL,         Lang: Assembler
average_readings_asm.obj                Model: SMALL,         Lang: Assembler
bfCheck_asm.obj                         Model: SMALL,         Lang: Assembler
convertTemp_asm.obj                     Model: SMALL,         Lang: Assembler
display_asm.obj                         Model: SMALL,         Lang: Assembler
display_char_asm.obj                    Model: SMALL,         Lang: Assembler
displayx_asm.obj                        Model: SMALL,         Lang: Assembler
functions_asm.obj                       Model: SMALL,         Lang: Assembler
main_asm.obj                            Model: SMALL,         Lang: Assembler
numbers_asm.obj                         Model: SMALL,         Lang: Assembler

*********************************************************************************************
STARTUP SECTION
---------------------------------------------------------------------------------------------
Entry point: 0xE000 (_Startup)

*********************************************************************************************
SECTION-ALLOCATION SECTION
Section Name                    Size  Type     From       To       Segment
---------------------------------------------------------------------------------------------
.init                            329     R     0xE000     0xE148   ROM
MyCode                          1543     R     0xE149     0xE74F   ROM
.stack                            64   R/W      0x100      0x13F   RAM
.vectSeg0_vect                     2     R     0xFFFE     0xFFFF   .vectSeg0

Summary of section sizes per section type:
READ_ONLY (R):         752 (dec:     1874)
READ_WRITE (R/W):       40 (dec:       64)

*********************************************************************************************
VECTOR-ALLOCATION SECTION
    Address     InitValue   InitFunction
---------------------------------------------------------------------------------------------
     0xFFFE        0xE000   _Startup

*********************************************************************************************
OBJECT-ALLOCATION SECTION
     Name               Module                 Addr   hSize   dSize     Ref    Section   RLIB
---------------------------------------------------------------------------------------------
MODULE:                 -- ADC_init_asm.obj --
- PROCEDURES:
     ADC_init                                  E149      18      24       1   MyCode      
- VARIABLES:
MODULE:                 -- DAA_decode_asm.obj --
- PROCEDURES:
     DAA_decode                                E161      2A      42      12   MyCode      
     one_write                                 E18B       6       6       0   MyCode      
     two_write                                 E191       6       6       0   MyCode      
     three_write                               E197       6       6       0   MyCode      
     four_write                                E19D       6       6       0   MyCode      
     five_write                                E1A3       6       6       0   MyCode      
     six_write                                 E1A9       6       6       0   MyCode      
     seven_write                               E1AF       6       6       0   MyCode      
     eight_write                               E1B5       6       6       0   MyCode      
     nine_write                                E1BB       6       6       0   MyCode      
     zero_write                                E1C1       6       6       0   MyCode      
     done                                      E1C7       1       1      10   MyCode      
- VARIABLES:
MODULE:                 -- Delay_asm.obj --
- PROCEDURES:
     Delay                                     E1C8       3       3      12   MyCode      
     top                                       E1CB       7       7       0   MyCode      
     bottom                                    E1D2       6       6       0   MyCode      
     last                                      E1D8       1       1       0   MyCode      
- VARIABLES:
MODULE:                 -- Keypad_RW_asm.obj --
- PROCEDURES:
     keypad_write                              E1D9      47      71       1   MyCode      
     Re_read                                   E220      25      37       0   MyCode      
     done                                      E245       1       1       0   MyCode      
     Delay_Loop                                E246       B      11       0   MyCode      
     Top                                       E251       F      15       0   MyCode      
     Middle                                    E260       F      15       0   MyCode      
     bottom                                    E26F       C      12       0   MyCode      
- VARIABLES:
MODULE:                 -- LCD_init_asm.obj --
- PROCEDURES:
     LCD_init                                  E27B      BD     189       1   MyCode      
- VARIABLES:
MODULE:                 -- average_readings_asm.obj --
- PROCEDURES:
     average_readings                          E338       A      10       9   MyCode      
     for_loop                                  E342      11      17       0   MyCode      
     check_coco                                E353       5       5       0   MyCode      
     check_n                                   E358      2D      45       0   MyCode      
     for_loopx                                 E385      13      19       0   MyCode      
     check_cocox                               E398       5       5       0   MyCode      
     check_nx                                  E39D      2E      46       0   MyCode      
- VARIABLES:
MODULE:                 -- bfCheck_asm.obj --
- PROCEDURES:
     BF_check                                  E3CB      2D      45      14   MyCode      
     done                                      E3F8      1C      28       0   MyCode      
     new_address                               E414      1D      29       1   MyCode      
     clear_display                             E431      1D      29       2   MyCode      
- VARIABLES:
MODULE:                 -- convertTemp_asm.obj --
- PROCEDURES:
     convert_temp                              E44E       8       8       1   MyCode      
     cold_slope                                E456      2C      44       0   MyCode      
     hot_slope                                 E482      2C      44       0   MyCode      
     done                                      E4AE       1       1       2   MyCode      
- VARIABLES:
MODULE:                 -- display_asm.obj --
- PROCEDURES:
     display                                   E4AF      9A     154       2   MyCode      
     write_3                                   E549      28      40       0   MyCode      
     write_2                                   E571      26      38       0   MyCode      
- VARIABLES:
MODULE:                 -- display_char_asm.obj --
- PROCEDURES:
     display_char                              E597      14      20      32   MyCode      
- VARIABLES:
MODULE:                 -- displayx_asm.obj --
- PROCEDURES:
     displayx                                  E5AB      9A     154       1   MyCode      
     write_3                                   E645      32      50       0   MyCode      
     write_2                                   E677      26      38       0   MyCode      
- VARIABLES:
MODULE:                 -- functions_asm.obj --
- PROCEDURES:
     PTBDD_Upper_output                        E69D       7       7       7   MyCode      
     PTBDD_Upper_input                         E6A4       7       7       3   MyCode      
     Clock_in                                  E6AB       8       8      30   MyCode      
- VARIABLES:
MODULE:                 -- main_asm.obj --
- PROCEDURES:
     _Startup                                  E000      24      36       0   .init       
     main                                      E000       0       0       0   .init       
     display_text                              E024      4B      75       1   .init       
     decode                                    E06F      17      23       1   .init       
     E_write                                   E086       6       6       0   .init       
     decode1                                   E08C      2D      45       1   .init       
     one_write                                 E0B9       F      15       0   .init       
     two_write                                 E0C8       F      15       0   .init       
     three_write                               E0D7       F      15       0   .init       
     four_write                                E0E6       F      15       0   .init       
     five_write                                E0F5       F      15       0   .init       
     six_write                                 E104       F      15       0   .init       
     seven_write                               E113       F      15       0   .init       
     eight_write                               E122       F      15       0   .init       
     nine_write                                E131       F      15       0   .init       
     done                                      E140       9       9      11   .init       
- VARIABLES:
- LABELS:
     t                                           71       0       0       7   .text       
     m                                           72       0       0       6   .text       
     b                                           73       0       0      10   .text       
     char_1                                      74       0       0      25   .text       
     char_2                                      75       0       0      25   .text       
     n                                           83       0       0       4   .text       
MODULE:                 -- numbers_asm.obj --
- PROCEDURES:
     zero                                      E6B3       D      13       1   MyCode      
     one                                       E6C0       D      13       2   MyCode      
     two                                       E6CD       D      13       2   MyCode      
     three                                     E6DA       D      13       2   MyCode      
     four                                      E6E7       D      13       2   MyCode      
     five                                      E6F4       D      13       2   MyCode      
     six                                       E701       D      13       2   MyCode      
     seven                                     E70E       D      13       2   MyCode      
     eight                                     E71B       D      13       2   MyCode      
     nine                                      E728       D      13       2   MyCode      
     partA                                     E735      14      20      10   MyCode      
     partB                                     E749       7       7      10   MyCode      
- VARIABLES:

*********************************************************************************************
MODULE STATISTIC
  Name                                      Data   Code  Const
---------------------------------------------------------------------------------------------
  ADC_init_asm.obj                             0     24      0
  DAA_decode_asm.obj                           0    103      0
  Delay_asm.obj                                0     17      0
  Keypad_RW_asm.obj                            0    162      0
  LCD_init_asm.obj                             0    189      0
  average_readings_asm.obj                     0    147      0
  bfCheck_asm.obj                              0    131      0
  convertTemp_asm.obj                          0     97      0
  display_asm.obj                              0    232      0
  display_char_asm.obj                         0     20      0
  displayx_asm.obj                             0    242      0
  functions_asm.obj                            0     22      0
  main_asm.obj                                 0    329      0
  numbers_asm.obj                              0    157      0
  other                                       64      2      0

*********************************************************************************************
SECTION USE IN OBJECT-ALLOCATION SECTION
---------------------------------------------------------------------------------------------
SECTION: ".text"
  t m b char_1 char_2 n 
SECTION: ".init"
  main _Startup display_text decode E_write decode1 one_write two_write 
  three_write four_write five_write six_write seven_write eight_write 
  nine_write done 
SECTION: "MyCode"
  ADC_init DAA_decode one_write two_write three_write four_write five_write 
  six_write seven_write eight_write nine_write zero_write done Delay top bottom 
  last keypad_write Re_read done Delay_Loop Top Middle bottom LCD_init 
  average_readings for_loop check_coco check_n for_loopx check_cocox check_nx 
  BF_check done new_address clear_display convert_temp cold_slope hot_slope 
  done display write_3 write_2 display_char displayx write_3 write_2 
  PTBDD_Upper_output PTBDD_Upper_input Clock_in zero one two three four five 
  six seven eight nine partA partB 

*********************************************************************************************
OBJECT LIST SORTED BY ADDRESS
     Name                                      Addr   hSize   dSize     Ref    Section   RLIB
---------------------------------------------------------------------------------------------
     t                                           71       0       0       7   .text       
     m                                           72       0       0       6   .text       
     b                                           73       0       0      10   .text       
     char_1                                      74       0       0      25   .text       
     char_2                                      75       0       0      25   .text       
     n                                           83       0       0       4   .text       
     main                                      E000       0       0       0   .init       
     _Startup                                  E000      24      36       0   .init       
     display_text                              E024      4B      75       1   .init       
     decode                                    E06F      17      23       1   .init       
     E_write                                   E086       6       6       0   .init       
     decode1                                   E08C      2D      45       1   .init       
     one_write                                 E0B9       F      15       0   .init       
     two_write                                 E0C8       F      15       0   .init       
     three_write                               E0D7       F      15       0   .init       
     four_write                                E0E6       F      15       0   .init       
     five_write                                E0F5       F      15       0   .init       
     six_write                                 E104       F      15       0   .init       
     seven_write                               E113       F      15       0   .init       
     eight_write                               E122       F      15       0   .init       
     nine_write                                E131       F      15       0   .init       
     done                                      E140       9       9      11   .init       
     ADC_init                                  E149      18      24       1   MyCode      
     DAA_decode                                E161      2A      42      12   MyCode      
     one_write                                 E18B       6       6       0   MyCode      
     two_write                                 E191       6       6       0   MyCode      
     three_write                               E197       6       6       0   MyCode      
     four_write                                E19D       6       6       0   MyCode      
     five_write                                E1A3       6       6       0   MyCode      
     six_write                                 E1A9       6       6       0   MyCode      
     seven_write                               E1AF       6       6       0   MyCode      
     eight_write                               E1B5       6       6       0   MyCode      
     nine_write                                E1BB       6       6       0   MyCode      
     zero_write                                E1C1       6       6       0   MyCode      
     done                                      E1C7       1       1      10   MyCode      
     Delay                                     E1C8       3       3      12   MyCode      
     top                                       E1CB       7       7       0   MyCode      
     bottom                                    E1D2       6       6       0   MyCode      
     last                                      E1D8       1       1       0   MyCode      
     keypad_write                              E1D9      47      71       1   MyCode      
     Re_read                                   E220      25      37       0   MyCode      
     done                                      E245       1       1       0   MyCode      
     Delay_Loop                                E246       B      11       0   MyCode      
     Top                                       E251       F      15       0   MyCode      
     Middle                                    E260       F      15       0   MyCode      
     bottom                                    E26F       C      12       0   MyCode      
     LCD_init                                  E27B      BD     189       1   MyCode      
     average_readings                          E338       A      10       9   MyCode      
     for_loop                                  E342      11      17       0   MyCode      
     check_coco                                E353       5       5       0   MyCode      
     check_n                                   E358      2D      45       0   MyCode      
     for_loopx                                 E385      13      19       0   MyCode      
     check_cocox                               E398       5       5       0   MyCode      
     check_nx                                  E39D      2E      46       0   MyCode      
     BF_check                                  E3CB      2D      45      14   MyCode      
     done                                      E3F8      1C      28       0   MyCode      
     new_address                               E414      1D      29       1   MyCode      
     clear_display                             E431      1D      29       2   MyCode      
     convert_temp                              E44E       8       8       1   MyCode      
     cold_slope                                E456      2C      44       0   MyCode      
     hot_slope                                 E482      2C      44       0   MyCode      
     done                                      E4AE       1       1       2   MyCode      
     display                                   E4AF      9A     154       2   MyCode      
     write_3                                   E549      28      40       0   MyCode      
     write_2                                   E571      26      38       0   MyCode      
     display_char                              E597      14      20      32   MyCode      
     displayx                                  E5AB      9A     154       1   MyCode      
     write_3                                   E645      32      50       0   MyCode      
     write_2                                   E677      26      38       0   MyCode      
     PTBDD_Upper_output                        E69D       7       7       7   MyCode      
     PTBDD_Upper_input                         E6A4       7       7       3   MyCode      
     Clock_in                                  E6AB       8       8      30   MyCode      
     zero                                      E6B3       D      13       1   MyCode      
     one                                       E6C0       D      13       2   MyCode      
     two                                       E6CD       D      13       2   MyCode      
     three                                     E6DA       D      13       2   MyCode      
     four                                      E6E7       D      13       2   MyCode      
     five                                      E6F4       D      13       2   MyCode      
     six                                       E701       D      13       2   MyCode      
     seven                                     E70E       D      13       2   MyCode      
     eight                                     E71B       D      13       2   MyCode      
     nine                                      E728       D      13       2   MyCode      
     partA                                     E735      14      20      10   MyCode      
     partB                                     E749       7       7      10   MyCode      

*********************************************************************************************
UNUSED-OBJECTS SECTION
---------------------------------------------------------------------------------------------

*********************************************************************************************
COPYDOWN SECTION
---------------------------------------------------------------------------------------------

*********************************************************************************************
OBJECT-DEPENDENCIES SECTION
---------------------------------------------------------------------------------------------
_Startup                  USES LCD_init ADC_init 
display_text              USES display_char done 
decode                    USES PTBDD_Upper_output decode1 
E_write                   USES clear_display display_text 
decode1                   USES done 
one_write                 USES one Delay average_readings done 
two_write                 USES two Delay average_readings done 
three_write               USES three Delay average_readings done 
four_write                USES four Delay average_readings done 
five_write                USES five Delay average_readings done 
six_write                 USES six Delay average_readings done 
seven_write               USES seven Delay average_readings done 
eight_write               USES eight Delay average_readings done 
nine_write                USES nine Delay average_readings done 
done                      USES keypad_write decode 
one_write                 USES one done 
two_write                 USES two done 
three_write               USES three done 
four_write                USES four done 
five_write                USES five done 
six_write                 USES six done 
seven_write               USES seven done 
eight_write               USES eight done 
nine_write                USES nine done 
zero_write                USES zero done 
Delay                     USES b m 
top                       USES t m b 
bottom                    USES b 
keypad_write              USES PTBDD_Upper_output PTBDD_Upper_input 
Re_read                   USES PTBDD_Upper_input 
Delay_Loop                USES t m b 
Top                       USES t m 
Middle                    USES m b 
bottom                    USES b 
LCD_init                  USES t b Delay Clock_in BF_check 
average_readings          USES n 
check_n                   USES n convert_temp 
check_nx                  USES n displayx 
BF_check                  USES PTBDD_Upper_input Clock_in 
done                      USES PTBDD_Upper_output 
new_address               USES PTBDD_Upper_output Clock_in BF_check 
clear_display             USES PTBDD_Upper_output Clock_in BF_check 
cold_slope                USES display done 
hot_slope                 USES display done 
display                   USES clear_display new_address char_1 char_2 
                                display_char DAA_decode Clock_in BF_check 
                                PTBDD_Upper_output 
write_3                   USES char_1 char_2 display_char DAA_decode 
write_2                   USES char_1 char_2 display_char DAA_decode 
display_char              USES char_1 Clock_in char_2 BF_check 
displayx                  USES Clock_in BF_check char_1 char_2 display_char 
                                DAA_decode PTBDD_Upper_output 
write_3                   USES char_1 char_2 display_char DAA_decode Clock_in 
                                BF_check 
write_2                   USES char_1 char_2 display_char DAA_decode 
zero                      USES partA partB 
one                       USES partA partB 
two                       USES partA partB 
three                     USES partA partB 
four                      USES partA partB 
five                      USES partA partB 
six                       USES partA partB 
seven                     USES partA partB 
eight                     USES partA partB 
nine                      USES partA partB 
partA                     USES Clock_in 
partB                     USES Clock_in BF_check 

*********************************************************************************************
DEPENDENCY TREE
*********************************************************************************************
 main and _Startup Group
 | 
 +- main                
 |    
 +- _Startup            
    | 
    +- LCD_init            
    |  | 
    |  +- Delay               
    |  |    
    |  +- Clock_in            
    |  |    
    |  +- BF_check            
    |     | 
    |     +- PTBDD_Upper_input   
    |     |    
    |     +- Clock_in             (see above)
    |        
    +- ADC_init            
         
*********************************************************************************************
STATISTIC SECTION
---------------------------------------------------------------------------------------------

ExeFile:
--------
Number of blocks to be downloaded: 3
Total size of all blocks to be downloaded: 1874

